../Drivers/WCON_SDK/WCON_Drivers/utils/json-builder.c:55:12:builderize	32	static
../Drivers/WCON_SDK/WCON_Drivers/utils/json-builder.c:97:12:get_serialize_flags	32	static
../Drivers/WCON_SDK/WCON_Drivers/utils/json-builder.c:124:13:json_array_new	24	static
../Drivers/WCON_SDK/WCON_Drivers/utils/json-builder.c:146:13:json_array_push	24	static
../Drivers/WCON_SDK/WCON_Drivers/utils/json-builder.c:175:13:json_object_new	24	static
../Drivers/WCON_SDK/WCON_Drivers/utils/json-builder.c:197:13:json_object_push	24	static
../Drivers/WCON_SDK/WCON_Drivers/utils/json-builder.c:199:13:json_object_push_length	32	static
../Drivers/WCON_SDK/WCON_Drivers/utils/json-builder.c:220:13:json_object_push_nocopy	32	static
../Drivers/WCON_SDK/WCON_Drivers/utils/json-builder.c:256:13:json_string_new	16	static
../Drivers/WCON_SDK/WCON_Drivers/utils/json-builder.c:258:13:json_string_new_length	24	static
../Drivers/WCON_SDK/WCON_Drivers/utils/json-builder.c:278:13:json_string_new_nocopy	24	static
../Drivers/WCON_SDK/WCON_Drivers/utils/json-builder.c:294:13:json_integer_new	24	static
../Drivers/WCON_SDK/WCON_Drivers/utils/json-builder.c:309:13:json_double_new	24	static
../Drivers/WCON_SDK/WCON_Drivers/utils/json-builder.c:324:13:json_boolean_new	24	static
../Drivers/WCON_SDK/WCON_Drivers/utils/json-builder.c:339:13:json_null_new	16	static
../Drivers/WCON_SDK/WCON_Drivers/utils/json-builder.c:353:6:json_object_sort	64	static
../Drivers/WCON_SDK/WCON_Drivers/utils/json-builder.c:386:13:json_object_merge	32	static
../Drivers/WCON_SDK/WCON_Drivers/utils/json-builder.c:431:15:measure_string	32	static
../Drivers/WCON_SDK/WCON_Drivers/utils/json-builder.c:470:15:serialize_string	40	static
../Drivers/WCON_SDK/WCON_Drivers/utils/json-builder.c:513:8:json_measure	16	static
../Drivers/WCON_SDK/WCON_Drivers/utils/json-builder.c:522:8:json_measure_ex	88	static
../Drivers/WCON_SDK/WCON_Drivers/utils/json-builder.c:689:6:json_serialize	24	static
../Drivers/WCON_SDK/WCON_Drivers/utils/json-builder.c:720:6:json_serialize_ex	72	static
../Drivers/WCON_SDK/WCON_Drivers/utils/json-builder.c:918:6:json_builder_free	24	static
