Archive member included to satisfy reference by file (symbol)

C:/ST/STM32CubeIDE_1.15.1/STM32CubeIDE/plugins/com.st.stm32cube.ide.mcu.externaltools.gnu-tools-for-stm32.12.3.rel1.win32_1.0.100.202403111256/tools/bin/../lib/gcc/arm-none-eabi/12.3.1/../../../../arm-none-eabi/lib/thumb/v7e-m+dp/hard\libc_nano.a(libc_a-exit.o)
                              C:/ST/STM32CubeIDE_1.15.1/STM32CubeIDE/plugins/com.st.stm32cube.ide.mcu.externaltools.gnu-tools-for-stm32.12.3.rel1.win32_1.0.100.202403111256/tools/bin/../lib/gcc/arm-none-eabi/12.3.1/../../../../arm-none-eabi/lib/thumb/v7e-m+dp/hard/crt0.o (exit)
C:/ST/STM32CubeIDE_1.15.1/STM32CubeIDE/plugins/com.st.stm32cube.ide.mcu.externaltools.gnu-tools-for-stm32.12.3.rel1.win32_1.0.100.202403111256/tools/bin/../lib/gcc/arm-none-eabi/12.3.1/../../../../arm-none-eabi/lib/thumb/v7e-m+dp/hard\libc_nano.a(libc_a-findfp.o)
                              C:/ST/STM32CubeIDE_1.15.1/STM32CubeIDE/plugins/com.st.stm32cube.ide.mcu.externaltools.gnu-tools-for-stm32.12.3.rel1.win32_1.0.100.202403111256/tools/bin/../lib/gcc/arm-none-eabi/12.3.1/../../../../arm-none-eabi/lib/thumb/v7e-m+dp/hard\libc_nano.a(libc_a-exit.o) (__stdio_exit_handler)
C:/ST/STM32CubeIDE_1.15.1/STM32CubeIDE/plugins/com.st.stm32cube.ide.mcu.externaltools.gnu-tools-for-stm32.12.3.rel1.win32_1.0.100.202403111256/tools/bin/../lib/gcc/arm-none-eabi/12.3.1/../../../../arm-none-eabi/lib/thumb/v7e-m+dp/hard\libc_nano.a(libc_a-fwalk.o)
                              C:/ST/STM32CubeIDE_1.15.1/STM32CubeIDE/plugins/com.st.stm32cube.ide.mcu.externaltools.gnu-tools-for-stm32.12.3.rel1.win32_1.0.100.202403111256/tools/bin/../lib/gcc/arm-none-eabi/12.3.1/../../../../arm-none-eabi/lib/thumb/v7e-m+dp/hard\libc_nano.a(libc_a-findfp.o) (_fwalk_sglue)
C:/ST/STM32CubeIDE_1.15.1/STM32CubeIDE/plugins/com.st.stm32cube.ide.mcu.externaltools.gnu-tools-for-stm32.12.3.rel1.win32_1.0.100.202403111256/tools/bin/../lib/gcc/arm-none-eabi/12.3.1/../../../../arm-none-eabi/lib/thumb/v7e-m+dp/hard\libc_nano.a(libc_a-stdio.o)
                              C:/ST/STM32CubeIDE_1.15.1/STM32CubeIDE/plugins/com.st.stm32cube.ide.mcu.externaltools.gnu-tools-for-stm32.12.3.rel1.win32_1.0.100.202403111256/tools/bin/../lib/gcc/arm-none-eabi/12.3.1/../../../../arm-none-eabi/lib/thumb/v7e-m+dp/hard\libc_nano.a(libc_a-findfp.o) (__sread)
C:/ST/STM32CubeIDE_1.15.1/STM32CubeIDE/plugins/com.st.stm32cube.ide.mcu.externaltools.gnu-tools-for-stm32.12.3.rel1.win32_1.0.100.202403111256/tools/bin/../lib/gcc/arm-none-eabi/12.3.1/../../../../arm-none-eabi/lib/thumb/v7e-m+dp/hard\libc_nano.a(libc_a-memset.o)
                              C:/ST/STM32CubeIDE_1.15.1/STM32CubeIDE/plugins/com.st.stm32cube.ide.mcu.externaltools.gnu-tools-for-stm32.12.3.rel1.win32_1.0.100.202403111256/tools/bin/../lib/gcc/arm-none-eabi/12.3.1/../../../../arm-none-eabi/lib/thumb/v7e-m+dp/hard/crt0.o (memset)
C:/ST/STM32CubeIDE_1.15.1/STM32CubeIDE/plugins/com.st.stm32cube.ide.mcu.externaltools.gnu-tools-for-stm32.12.3.rel1.win32_1.0.100.202403111256/tools/bin/../lib/gcc/arm-none-eabi/12.3.1/../../../../arm-none-eabi/lib/thumb/v7e-m+dp/hard\libc_nano.a(libc_a-closer.o)
                              C:/ST/STM32CubeIDE_1.15.1/STM32CubeIDE/plugins/com.st.stm32cube.ide.mcu.externaltools.gnu-tools-for-stm32.12.3.rel1.win32_1.0.100.202403111256/tools/bin/../lib/gcc/arm-none-eabi/12.3.1/../../../../arm-none-eabi/lib/thumb/v7e-m+dp/hard\libc_nano.a(libc_a-stdio.o) (_close_r)
C:/ST/STM32CubeIDE_1.15.1/STM32CubeIDE/plugins/com.st.stm32cube.ide.mcu.externaltools.gnu-tools-for-stm32.12.3.rel1.win32_1.0.100.202403111256/tools/bin/../lib/gcc/arm-none-eabi/12.3.1/../../../../arm-none-eabi/lib/thumb/v7e-m+dp/hard\libc_nano.a(libc_a-reent.o)
                              C:/ST/STM32CubeIDE_1.15.1/STM32CubeIDE/plugins/com.st.stm32cube.ide.mcu.externaltools.gnu-tools-for-stm32.12.3.rel1.win32_1.0.100.202403111256/tools/bin/../lib/gcc/arm-none-eabi/12.3.1/../../../../arm-none-eabi/lib/thumb/v7e-m+dp/hard\libc_nano.a(libc_a-closer.o) (errno)
C:/ST/STM32CubeIDE_1.15.1/STM32CubeIDE/plugins/com.st.stm32cube.ide.mcu.externaltools.gnu-tools-for-stm32.12.3.rel1.win32_1.0.100.202403111256/tools/bin/../lib/gcc/arm-none-eabi/12.3.1/../../../../arm-none-eabi/lib/thumb/v7e-m+dp/hard\libc_nano.a(libc_a-impure.o)
                              C:/ST/STM32CubeIDE_1.15.1/STM32CubeIDE/plugins/com.st.stm32cube.ide.mcu.externaltools.gnu-tools-for-stm32.12.3.rel1.win32_1.0.100.202403111256/tools/bin/../lib/gcc/arm-none-eabi/12.3.1/../../../../arm-none-eabi/lib/thumb/v7e-m+dp/hard\libc_nano.a(libc_a-reent.o) (_impure_ptr)
C:/ST/STM32CubeIDE_1.15.1/STM32CubeIDE/plugins/com.st.stm32cube.ide.mcu.externaltools.gnu-tools-for-stm32.12.3.rel1.win32_1.0.100.202403111256/tools/bin/../lib/gcc/arm-none-eabi/12.3.1/../../../../arm-none-eabi/lib/thumb/v7e-m+dp/hard\libc_nano.a(libc_a-lseekr.o)
[...]
Memory Configuration

Name             Origin             Length             Attributes
RAM              0x20000000         0x00080000         xrw
FLASH            0x08000000         0x00200000         xr
*default*        0x00000000         0xffffffff

Linker script and memory map

LOAD C:/ST/STM32CubeIDE_1.15.1/STM32CubeIDE/plugins/com.st.stm32cube.ide.mcu.externaltools.gnu-tools-for-stm32.12.3.rel1.win32_1.0.100.202403111256/tools/bin/../lib/gcc/arm-none-eabi/12.3.1/thumb/v7e-m+dp/hard/crti.o
LOAD C:/ST/STM32CubeIDE_1.15.1/STM32CubeIDE/plugins/com.st.stm32cube.ide.mcu.externaltools.gnu-tools-for-stm32.12.3.rel1.win32_1.0.100.202403111256/tools/bin/../lib/gcc/arm-none-eabi/12.3.1/thumb/v7e-m+dp/hard/crtbegin.o
LOAD C:/ST/STM32CubeIDE_1.15.1/STM32CubeIDE/plugins/com.st.stm32cube.ide.mcu.externaltools.gnu-tools-for-stm32.12.3.rel1.win32_1.0.100.202403111256/tools/bin/../lib/gcc/arm-none-eabi/12.3.1/../../../../arm-none-eabi/lib/thumb/v7e-m+dp/hard/crt0.o
LOAD ./Core/Src/adc.o
LOAD ./Core/Src/can.o
LOAD ./Core/Src/gpio.o
LOAD ./Core/Src/main.o
LOAD ./Core/Src/motor_control.o
LOAD ./Core/Src/sensor_control.o
LOAD ./Core/Src/stm32f7xx_hal_msp.o
LOAD ./Core/Src/stm32f7xx_it.o
LOAD ./Core/Src/syscalls.o
LOAD ./Core/Src/sysmem.o
LOAD ./Core/Src/system_stm32f7xx.o
LOAD ./Core/Src/tim.o
LOAD ./Core/Startup/startup_stm32f767vitx.o
LOAD ./Drivers/STM32F7xx_HAL_Driver/Src/stm32f7xx_hal.o
LOAD ./Drivers/STM32F7xx_HAL_Driver/Src/stm32f7xx_hal_adc.o
LOAD ./Drivers/STM32F7xx_HAL_Driver/Src/stm32f7xx_hal_adc_ex.o
LOAD ./Drivers/STM32F7xx_HAL_Driver/Src/stm32f7xx_hal_can.o
LOAD ./Drivers/STM32F7xx_HAL_Driver/Src/stm32f7xx_hal_cortex.o
LOAD ./Drivers/STM32F7xx_HAL_Driver/Src/stm32f7xx_hal_dma.o
LOAD ./Drivers/STM32F7xx_HAL_Driver/Src/stm32f7xx_hal_dma_ex.o
LOAD ./Drivers/STM32F7xx_HAL_Driver/Src/stm32f7xx_hal_exti.o
LOAD ./Drivers/STM32F7xx_HAL_Driver/Src/stm32f7xx_hal_flash.o
LOAD ./Drivers/STM32F7xx_HAL_Driver/Src/stm32f7xx_hal_flash_ex.o
LOAD ./Drivers/STM32F7xx_HAL_Driver/Src/stm32f7xx_hal_gpio.o
LOAD ./Drivers/STM32F7xx_HAL_Driver/Src/stm32f7xx_hal_i2c.o
LOAD ./Drivers/STM32F7xx_HAL_Driver/Src/stm32f7xx_hal_i2c_ex.o
LOAD ./Drivers/STM32F7xx_HAL_Driver/Src/stm32f7xx_hal_pwr.o
LOAD ./Drivers/STM32F7xx_HAL_Driver/Src/stm32f7xx_hal_pwr_ex.o
LOAD ./Drivers/STM32F7xx_HAL_Driver/Src/stm32f7xx_hal_rcc.o
LOAD ./Drivers/STM32F7xx_HAL_Driver/Src/stm32f7xx_hal_rcc_ex.o
LOAD ./Drivers/STM32F7xx_HAL_Driver/Src/stm32f7xx_hal_tim.o
LOAD ./Drivers/STM32F7xx_HAL_Driver/Src/stm32f7xx_hal_tim_ex.o
START GROUP
LOAD C:/ST/STM32CubeIDE_1.15.1/STM32CubeIDE/plugins/com.st.stm32cube.ide.mcu.externaltools.gnu-tools-for-stm32.12.3.rel1.win32_1.0.100.202403111256/tools/bin/../lib/gcc/arm-none-eabi/12.3.1/../../../../arm-none-eabi/lib/thumb/v7e-m+dp/hard\libc_nano.a
LOAD C:/ST/STM32CubeIDE_1.15.1/STM32CubeIDE/plugins/com.st.stm32cube.ide.mcu.externaltools.gnu-tools-for-stm32.12.3.rel1.win32_1.0.100.202403111256/tools/bin/../lib/gcc/arm-none-eabi/12.3.1/../../../../arm-none-eabi/lib/thumb/v7e-m+dp/hard\libm.a
END GROUP
START GROUP
LOAD C:/ST/STM32CubeIDE_1.15.1/STM32CubeIDE/plugins/com.st.stm32cube.ide.mcu.externaltools.gnu-tools-for-stm32.12.3.rel1.win32_1.0.100.202403111256/tools/bin/../lib/gcc/arm-none-eabi/12.3.1/thumb/v7e-m+dp/hard\libgcc.a
LOAD C:/ST/STM32CubeIDE_1.15.1/STM32CubeIDE/plugins/com.st.stm32cube.ide.mcu.externaltools.gnu-tools-for-stm32.12.3.rel1.win32_1.0.100.202403111256/tools/bin/../lib/gcc/arm-none-eabi/12.3.1/../../../../arm-none-eabi/lib/thumb/v7e-m+dp/hard\libc_nano.a
END GROUP
START GROUP
LOAD C:/ST/STM32CubeIDE_1.15.1/STM32CubeIDE/plugins/com.st.stm32cube.ide.mcu.externaltools.gnu-tools-for-stm32.12.3.rel1.win32_1.0.100.202403111256/tools/bin/../lib/gcc/arm-none-eabi/12.3.1/thumb/v7e-m+dp/hard\libgcc.a
LOAD C:/ST/STM32CubeIDE_1.15.1/STM32CubeIDE/plugins/com.st.stm32cube.ide.mcu.externaltools.gnu-tools-for-stm32.12.3.rel1.win32_1.0.100.202403111256/tools/bin/../lib/gcc/arm-none-eabi/12.3.1/../../../../arm-none-eabi/lib/thumb/v7e-m+dp/hard\libc_nano.a
LOAD C:/ST/STM32CubeIDE_1.15.1/STM32CubeIDE/plugins/com.st.stm32cube.ide.mcu.externaltools.gnu-tools-for-stm32.12.3.rel1.win32_1.0.100.202403111256/tools/bin/../lib/gcc/arm-none-eabi/12.3.1/../../../../arm-none-eabi/lib/thumb/v7e-m+dp/hard\libnosys.a
END GROUP
START GROUP
LOAD C:/ST/STM32CubeIDE_1.15.1/STM32CubeIDE/plugins/com.st.stm32cube.ide.mcu.externaltools.gnu-tools-for-stm32.12.3.rel1.win32_1.0.100.202403111256/tools/bin/../lib/gcc/arm-none-eabi/12.3.1/thumb/v7e-m+dp/hard\libgcc.a
LOAD C:/ST/STM32CubeIDE_1.15.1/STM32CubeIDE/plugins/com.st.stm32cube.ide.mcu.externaltools.gnu-tools-for-stm32.12.3.rel1.win32_1.0.100.202403111256/tools/bin/../lib/gcc/arm-none-eabi/12.3.1/../../../../arm-none-eabi/lib/thumb/v7e-m+dp/hard\libc_nano.a
LOAD C:/ST/STM32CubeIDE_1.15.1/STM32CubeIDE/plugins/com.st.stm32cube.ide.mcu.externaltools.gnu-tools-for-stm32.12.3.rel1.win32_1.0.100.202403111256/tools/bin/../lib/gcc/arm-none-eabi/12.3.1/../../../../arm-none-eabi/lib/thumb/v7e-m+dp/hard\libnosys.a
END GROUP
LOAD C:/ST/STM32CubeIDE_1.15.1/STM32CubeIDE/plugins/com.st.stm32cube.ide.mcu.externaltools.gnu-tools-for-stm32.12.3.rel1.win32_1.0.100.202403111256/tools/bin/../lib/gcc/arm-none-eabi/12.3.1/thumb/v7e-m+dp/hard/crtend.o
LOAD C:/ST/STM32CubeIDE_1.15.1/STM32CubeIDE/plugins/com.st.stm32cube.ide.mcu.externaltools.gnu-tools-for-stm32.12.3.rel1.win32_1.0.100.202403111256/tools/bin/../lib/gcc/arm-none-eabi/12.3.1/thumb/v7e-m+dp/hard/crtn.o
                0x20080000                        _estack = (ORIGIN (RAM) + LENGTH (RAM))
                0x00000200                        _Min_Heap_Size = 0x200
                0x00000400                        _Min_Stack_Size = 0x400

.isr_vector     0x08000000      0x1f8
                0x08000000                        . = ALIGN (0x4)
 *(.isr_vector)
 .isr_vector    0x08000000      0x1f8 ./Core/Startup/startup_stm32f767vitx.o
                0x08000000                g_pfnVectors
                0x080001f8                        . = ALIGN (0x4)

.text           0x080001f8     0x48d8
                0x080001f8                        . = ALIGN (0x4)
 *(.text)
 .text          0x080001f8       0x40 C:/ST/STM32CubeIDE_1.15.1/STM32CubeIDE/plugins/com.st.stm32cube.ide.mcu.externaltools.gnu-tools-for-stm32.12.3.rel1.win32_1.0.100.202403111256/tools/bin/../lib/gcc/arm-none-eabi/12.3.1/thumb/v7e-m+dp/hard/crtbegin.o
 .text          0x08000238       0x30 C:/ST/STM32CubeIDE_1.15.1/STM32CubeIDE/plugins/com.st.stm32cube.ide.mcu.externaltools.gnu-tools-for-stm32.12.3.rel1.win32_1.0.100.202403111256/tools/bin/../lib/gcc/arm-none-eabi/12.3.1/thumb/v7e-m+dp/hard\libgcc.a(_aeabi_uldivmod.o)
                0x08000238                __aeabi_uldivmod
 .text          0x08000268      0x2bc C:/ST/STM32CubeIDE_1.15.1/STM32CubeIDE/plugins/com.st.stm32cube.ide.mcu.externaltools.gnu-tools-for-stm32.12.3.rel1.win32_1.0.100.202403111256/tools/bin/../lib/gcc/arm-none-eabi/12.3.1/thumb/v7e-m+dp/hard\libgcc.a(_udivmoddi4.o)
                0x08000268                __udivmoddi4
 .text          0x08000524        0x4 C:/ST/STM32CubeIDE_1.15.1/STM32CubeIDE/plugins/com.st.stm32cube.ide.mcu.externaltools.gnu-tools-for-stm32.12.3.rel1.win32_1.0.100.202403111256/tools/bin/../lib/gcc/arm-none-eabi/12.3.1/thumb/v7e-m+dp/hard\libgcc.a(_dvmd_tls.o)
                0x08000524                __aeabi_idiv0
                0x08000524                __aeabi_ldiv0
 *(.text*)
 .text.MX_ADC1_Init
                0x08000528       0xa4 ./Core/Src/adc.o
                0x08000528                MX_ADC1_Init
 .text.MX_ADC2_Init
                0x080005cc       0xa4 ./Core/Src/adc.o
                0x080005cc                MX_ADC2_Init
 .text.HAL_ADC_MspInit
                0x08000670       0xd8 ./Core/Src/adc.o
                0x08000670                HAL_ADC_MspInit
 .text.CAN_TX   0x08000748       0xdc ./Core/Src/can.o
                0x08000748                CAN_TX
 .text.CAN_RX   0x08000824       0x70 ./Core/Src/can.o
                0x08000824                CAN_RX
 .text.CAN_RX_INV
                0x08000894       0x80 ./Core/Src/can.o
                0x08000894                CAN_RX_INV
 .text.HAL_TIM_PeriodElapsedCallback
                0x08000914       0x1e ./Core/Src/can.o
                0x08000914                HAL_TIM_PeriodElapsedCallback
 *fill*         0x08000932        0x2 
 .text.HAL_CAN_RxFifo0MsgPendingCallback
                0x08000934       0x50 ./Core/Src/can.o
                0x08000934                HAL_CAN_RxFifo0MsgPendingCallback
 .text.CAN_interrupt
                0x08000984      0x108 ./Core/Src/can.o
                0x08000984                CAN_interrupt
 .text.CAN_2    0x08000a8c       0x9c ./Core/Src/can.o
                0x08000a8c                CAN_2
 .text.CAN_100  0x08000b28      0x150 ./Core/Src/can.o
                0x08000b28                CAN_100
 .text.MX_CAN1_Init
                0x08000c78      0x118 ./Core/Src/can.o
                0x08000c78                MX_CAN1_Init
 .text.MX_CAN2_Init
                0x08000d90       0xe8 ./Core/Src/can.o
                0x08000d90                MX_CAN2_Init
 .text.HAL_CAN_MspInit
                0x08000e78      0x168 ./Core/Src/can.o
                0x08000e78                HAL_CAN_MspInit
 .text.MX_GPIO_Init
                0x08000fe0      0x13c ./Core/Src/gpio.o
                0x08000fe0                MX_GPIO_Init
 .text.main     0x0800111c       0x70 ./Core/Src/main.o
                0x0800111c                main
 .text.SystemClock_Config
                0x0800118c       0xdc ./Core/Src/main.o
                0x0800118c                SystemClock_Config
 .text.MPU_Config
                0x08001268       0x58 ./Core/Src/main.o
 .text.Error_Handler
                0x080012c0        0xc ./Core/Src/main.o
                0x080012c0                Error_Handler
 .text.motor_control
                0x080012cc       0xfc ./Core/Src/motor_control.o
                0x080012cc                motor_control
 .text.e_diff   0x080013c8      0x18c ./Core/Src/motor_control.o
                0x080013c8                e_diff
 .text.calculate_ac_current
                0x08001554       0x4c ./Core/Src/motor_control.o
                0x08001554                calculate_ac_current
 .text.APPS_get
                0x080015a0       0x10 ./Core/Src/sensor_control.o
                0x080015a0                APPS_get
 .text.APPS_calc
                0x080015b0      0x12c ./Core/Src/sensor_control.o
                0x080015b0                APPS_calc
 .text.APPS_measure
                0x080016dc       0x68 ./Core/Src/sensor_control.o
                0x080016dc                APPS_measure
 .text.APPS_init
                0x08001744       0xa4 ./Core/Src/sensor_control.o
                0x08001744                APPS_init
 .text.HAL_MspInit
                0x080017e8       0x48 ./Core/Src/stm32f7xx_hal_msp.o
                0x080017e8                HAL_MspInit
 .text.NMI_Handler
                0x08001830        0x8 ./Core/Src/stm32f7xx_it.o
                0x08001830                NMI_Handler
 .text.HardFault_Handler
                0x08001838        0x8 ./Core/Src/stm32f7xx_it.o
                0x08001838                HardFault_Handler
 .text.MemManage_Handler
                0x08001840        0x8 ./Core/Src/stm32f7xx_it.o
                0x08001840                MemManage_Handler
 .text.BusFault_Handler
                0x08001848        0x8 ./Core/Src/stm32f7xx_it.o
                0x08001848                BusFault_Handler
 .text.UsageFault_Handler
                0x08001850        0x8 ./Core/Src/stm32f7xx_it.o
                0x08001850                UsageFault_Handler
 .text.SVC_Handler
                0x08001858        0xe ./Core/Src/stm32f7xx_it.o
                0x08001858                SVC_Handler
 .text.DebugMon_Handler
                0x08001866        0xe ./Core/Src/stm32f7xx_it.o
                0x08001866                DebugMon_Handler
 .text.PendSV_Handler
                0x08001874        0xe ./Core/Src/stm32f7xx_it.o
                0x08001874                PendSV_Handler
 .text.SysTick_Handler
                0x08001882        0xc ./Core/Src/stm32f7xx_it.o
                0x08001882                SysTick_Handler
 *fill*         0x0800188e        0x2 
 .text.CAN1_TX_IRQHandler
                0x08001890       0x14 ./Core/Src/stm32f7xx_it.o
                0x08001890                CAN1_TX_IRQHandler
 .text.CAN1_RX0_IRQHandler
                0x080018a4       0x14 ./Core/Src/stm32f7xx_it.o
                0x080018a4                CAN1_RX0_IRQHandler
 .text.TIM2_IRQHandler
                0x080018b8       0x14 ./Core/Src/stm32f7xx_it.o
                0x080018b8                TIM2_IRQHandler
 .text.CAN2_TX_IRQHandler
                0x080018cc       0x14 ./Core/Src/stm32f7xx_it.o
                0x080018cc                CAN2_TX_IRQHandler
 .text.CAN2_RX0_IRQHandler
                0x080018e0       0x14 ./Core/Src/stm32f7xx_it.o
                0x080018e0                CAN2_RX0_IRQHandler
 .text.SystemInit
                0x080018f4       0x24 ./Core/Src/system_stm32f7xx.o
                0x080018f4                SystemInit
 .text.MX_TIM2_Init
                0x08001918       0x9c ./Core/Src/tim.o
                0x08001918                MX_TIM2_Init
 .text.HAL_TIM_Base_MspInit
                0x080019b4       0x48 ./Core/Src/tim.o
                0x080019b4                HAL_TIM_Base_MspInit
 .text.Reset_Handler
                0x080019fc       0x50 ./Core/Startup/startup_stm32f767vitx.o
                0x080019fc                Reset_Handler
 .text.Default_Handler
                0x08001a4c        0x2 ./Core/Startup/startup_stm32f767vitx.o
                0x08001a4c                RTC_Alarm_IRQHandler
                0x08001a4c                EXTI2_IRQHandler
                0x08001a4c                TIM8_CC_IRQHandler
                0x08001a4c                UART8_IRQHandler
                0x08001a4c                SPI4_IRQHandler
                0x08001a4c                TIM1_CC_IRQHandler
                0x08001a4c                DMA2_Stream5_IRQHandler
                0x08001a4c                JPEG_IRQHandler
                0x08001a4c                DMA1_Stream5_IRQHandler
                0x08001a4c                CAN3_RX1_IRQHandler
                0x08001a4c                PVD_IRQHandler
                0x08001a4c                TAMP_STAMP_IRQHandler
                0x08001a4c                CAN2_RX1_IRQHandler
                0x08001a4c                EXTI3_IRQHandler
                0x08001a4c                TIM8_TRG_COM_TIM14_IRQHandler
                0x08001a4c                DFSDM1_FLT1_IRQHandler
                0x08001a4c                TIM1_UP_TIM10_IRQHandler
                0x08001a4c                TIM8_UP_TIM13_IRQHandler
                0x08001a4c                I2C3_ER_IRQHandler
                0x08001a4c                DFSDM1_FLT2_IRQHandler
                0x08001a4c                EXTI0_IRQHandler
                0x08001a4c                I2C2_EV_IRQHandler
                0x08001a4c                DMA1_Stream2_IRQHandler
                0x08001a4c                FPU_IRQHandler
                0x08001a4c                OTG_HS_WKUP_IRQHandler
                0x08001a4c                CAN3_SCE_IRQHandler
                0x08001a4c                LTDC_ER_IRQHandler
                0x08001a4c                CAN2_SCE_IRQHandler
                0x08001a4c                DMA2_Stream2_IRQHandler
                0x08001a4c                SPI1_IRQHandler
                0x08001a4c                TIM6_DAC_IRQHandler
                0x08001a4c                TIM1_BRK_TIM9_IRQHandler
                0x08001a4c                DCMI_IRQHandler
                0x08001a4c                DMA2_Stream3_IRQHandler
                0x08001a4c                SAI2_IRQHandler
                0x08001a4c                DFSDM1_FLT3_IRQHandler
                0x08001a4c                USART6_IRQHandler
                0x08001a4c                CAN3_RX0_IRQHandler
                0x08001a4c                USART3_IRQHandler
                0x08001a4c                CAN1_RX1_IRQHandler
                0x08001a4c                UART5_IRQHandler
                0x08001a4c                DMA2_Stream0_IRQHandler
                0x08001a4c                TIM4_IRQHandler
                0x08001a4c                QUADSPI_IRQHandler
                0x08001a4c                I2C1_EV_IRQHandler
                0x08001a4c                DMA1_Stream6_IRQHandler
                0x08001a4c                DMA1_Stream1_IRQHandler
                0x08001a4c                UART4_IRQHandler
                0x08001a4c                TIM3_IRQHandler
                0x08001a4c                RCC_IRQHandler
                0x08001a4c                TIM8_BRK_TIM12_IRQHandler
                0x08001a4c                Default_Handler
                0x08001a4c                CEC_IRQHandler
                0x08001a4c                EXTI15_10_IRQHandler
                0x08001a4c                ADC_IRQHandler
                0x08001a4c                DMA1_Stream7_IRQHandler
                0x08001a4c                SPI5_IRQHandler
                0x08001a4c                TIM7_IRQHandler
                0x08001a4c                SDMMC1_IRQHandler
                0x08001a4c                TIM5_IRQHandler
                0x08001a4c                DMA2_Stream7_IRQHandler
                0x08001a4c                I2C3_EV_IRQHandler
                0x08001a4c                EXTI9_5_IRQHandler
                0x08001a4c                RTC_WKUP_IRQHandler
                0x08001a4c                LTDC_IRQHandler
                0x08001a4c                ETH_WKUP_IRQHandler
                0x08001a4c                SPDIF_RX_IRQHandler
                0x08001a4c                SPI2_IRQHandler
                0x08001a4c                OTG_HS_EP1_IN_IRQHandler
                0x08001a4c                DMA1_Stream0_IRQHandler
                0x08001a4c                EXTI4_IRQHandler
                0x08001a4c                RNG_IRQHandler
                0x08001a4c                ETH_IRQHandler
                0x08001a4c                OTG_HS_EP1_OUT_IRQHandler
                0x08001a4c                WWDG_IRQHandler
                0x08001a4c                SPI6_IRQHandler
                0x08001a4c                MDIOS_IRQHandler
                0x08001a4c                I2C4_EV_IRQHandler
                0x08001a4c                CAN3_TX_IRQHandler
                0x08001a4c                OTG_FS_WKUP_IRQHandler
                0x08001a4c                TIM1_TRG_COM_TIM11_IRQHandler
                0x08001a4c                OTG_HS_IRQHandler
                0x08001a4c                DMA2D_IRQHandler
                0x08001a4c                EXTI1_IRQHandler
                0x08001a4c                SDMMC2_IRQHandler
                0x08001a4c                UART7_IRQHandler
                0x08001a4c                USART2_IRQHandler
                0x08001a4c                DFSDM1_FLT0_IRQHandler
                0x08001a4c                I2C2_ER_IRQHandler
                0x08001a4c                DMA2_Stream1_IRQHandler
                0x08001a4c                CAN1_SCE_IRQHandler
                0x08001a4c                FLASH_IRQHandler
                0x08001a4c                DMA2_Stream4_IRQHandler
                0x08001a4c                USART1_IRQHandler
                0x08001a4c                OTG_FS_IRQHandler
                0x08001a4c                SPI3_IRQHandler
                0x08001a4c                DMA1_Stream4_IRQHandler
                0x08001a4c                I2C1_ER_IRQHandler
                0x08001a4c                FMC_IRQHandler
                0x08001a4c                LPTIM1_IRQHandler
                0x08001a4c                I2C4_ER_IRQHandler
                0x08001a4c                DMA2_Stream6_IRQHandler
                0x08001a4c                SAI1_IRQHandler
                0x08001a4c                DMA1_Stream3_IRQHandler
 .text.HAL_Init
                0x08001a4e       0x1a ./Drivers/STM32F7xx_HAL_Driver/Src/stm32f7xx_hal.o
                0x08001a4e                HAL_Init
 .text.HAL_InitTick
                0x08001a68       0x60 ./Drivers/STM32F7xx_HAL_Driver/Src/stm32f7xx_hal.o
                0x08001a68                HAL_InitTick
 .text.HAL_IncTick
                0x08001ac8       0x28 ./Drivers/STM32F7xx_HAL_Driver/Src/stm32f7xx_hal.o
                0x08001ac8                HAL_IncTick
 .text.HAL_GetTick
                0x08001af0       0x18 ./Drivers/STM32F7xx_HAL_Driver/Src/stm32f7xx_hal.o
                0x08001af0                HAL_GetTick
 .text.HAL_ADC_Init
                0x08001b08       0x88 ./Drivers/STM32F7xx_HAL_Driver/Src/stm32f7xx_hal_adc.o
                0x08001b08                HAL_ADC_Init
 .text.HAL_ADC_Start
                0x08001b90      0x19c ./Drivers/STM32F7xx_HAL_Driver/Src/stm32f7xx_hal_adc.o
                0x08001b90                HAL_ADC_Start
 .text.HAL_ADC_Stop
                0x08001d2c       0x68 ./Drivers/STM32F7xx_HAL_Driver/Src/stm32f7xx_hal_adc.o
                0x08001d2c                HAL_ADC_Stop
 .text.HAL_ADC_PollForConversion
                0x08001d94      0x116 ./Drivers/STM32F7xx_HAL_Driver/Src/stm32f7xx_hal_adc.o
                0x08001d94                HAL_ADC_PollForConversion
 .text.HAL_ADC_GetValue
                0x08001eaa       0x1a ./Drivers/STM32F7xx_HAL_Driver/Src/stm32f7xx_hal_adc.o
                0x08001eaa                HAL_ADC_GetValue
 .text.HAL_ADC_ConfigChannel
                0x08001ec4      0x2ac ./Drivers/STM32F7xx_HAL_Driver/Src/stm32f7xx_hal_adc.o
                0x08001ec4                HAL_ADC_ConfigChannel
 .text.ADC_Init
                0x08002170      0x1f4 ./Drivers/STM32F7xx_HAL_Driver/Src/stm32f7xx_hal_adc.o
 .text.HAL_CAN_Init
                0x08002364      0x1f6 ./Drivers/STM32F7xx_HAL_Driver/Src/stm32f7xx_hal_can.o
                0x08002364                HAL_CAN_Init
 *fill*         0x0800255a        0x2 
 .text.HAL_CAN_ConfigFilter
                0x0800255c      0x1d8 ./Drivers/STM32F7xx_HAL_Driver/Src/stm32f7xx_hal_can.o
                0x0800255c                HAL_CAN_ConfigFilter
 .text.HAL_CAN_Start
                0x08002734       0x88 ./Drivers/STM32F7xx_HAL_Driver/Src/stm32f7xx_hal_can.o
                0x08002734                HAL_CAN_Start
 .text.HAL_CAN_AddTxMessage
                0x080027bc      0x1a0 ./Drivers/STM32F7xx_HAL_Driver/Src/stm32f7xx_hal_can.o
                0x080027bc                HAL_CAN_AddTxMessage
 .text.HAL_CAN_GetTxMailboxesFreeLevel
                0x0800295c       0x6a ./Drivers/STM32F7xx_HAL_Driver/Src/stm32f7xx_hal_can.o
                0x0800295c                HAL_CAN_GetTxMailboxesFreeLevel
 .text.HAL_CAN_GetRxMessage
                0x080029c6      0x244 ./Drivers/STM32F7xx_HAL_Driver/Src/stm32f7xx_hal_can.o
                0x080029c6                HAL_CAN_GetRxMessage
 .text.HAL_CAN_ActivateNotification
                0x08002c0a       0x4c ./Drivers/STM32F7xx_HAL_Driver/Src/stm32f7xx_hal_can.o
                0x08002c0a                HAL_CAN_ActivateNotification
 .text.HAL_CAN_IRQHandler
                0x08002c56      0x36e ./Drivers/STM32F7xx_HAL_Driver/Src/stm32f7xx_hal_can.o
                0x08002c56                HAL_CAN_IRQHandler
 .text.HAL_CAN_TxMailbox0CompleteCallback
                0x08002fc4       0x14 ./Drivers/STM32F7xx_HAL_Driver/Src/stm32f7xx_hal_can.o
                0x08002fc4                HAL_CAN_TxMailbox0CompleteCallback
 .text.HAL_CAN_TxMailbox1CompleteCallback
                0x08002fd8       0x14 ./Drivers/STM32F7xx_HAL_Driver/Src/stm32f7xx_hal_can.o
                0x08002fd8                HAL_CAN_TxMailbox1CompleteCallback
 .text.HAL_CAN_TxMailbox2CompleteCallback
                0x08002fec       0x14 ./Drivers/STM32F7xx_HAL_Driver/Src/stm32f7xx_hal_can.o
                0x08002fec                HAL_CAN_TxMailbox2CompleteCallback
 .text.HAL_CAN_TxMailbox0AbortCallback
                0x08003000       0x14 ./Drivers/STM32F7xx_HAL_Driver/Src/stm32f7xx_hal_can.o
                0x08003000                HAL_CAN_TxMailbox0AbortCallback
 .text.HAL_CAN_TxMailbox1AbortCallback
                0x08003014       0x14 ./Drivers/STM32F7xx_HAL_Driver/Src/stm32f7xx_hal_can.o
                0x08003014                HAL_CAN_TxMailbox1AbortCallback
 .text.HAL_CAN_TxMailbox2AbortCallback
                0x08003028       0x14 ./Drivers/STM32F7xx_HAL_Driver/Src/stm32f7xx_hal_can.o
                0x08003028                HAL_CAN_TxMailbox2AbortCallback
 .text.HAL_CAN_RxFifo0FullCallback
                0x0800303c       0x14 ./Drivers/STM32F7xx_HAL_Driver/Src/stm32f7xx_hal_can.o
                0x0800303c                HAL_CAN_RxFifo0FullCallback
 .text.HAL_CAN_RxFifo1MsgPendingCallback
                0x08003050       0x14 ./Drivers/STM32F7xx_HAL_Driver/Src/stm32f7xx_hal_can.o
                0x08003050                HAL_CAN_RxFifo1MsgPendingCallback
 .text.HAL_CAN_RxFifo1FullCallback
                0x08003064       0x14 ./Drivers/STM32F7xx_HAL_Driver/Src/stm32f7xx_hal_can.o
                0x08003064                HAL_CAN_RxFifo1FullCallback
 .text.HAL_CAN_SleepCallback
                0x08003078       0x14 ./Drivers/STM32F7xx_HAL_Driver/Src/stm32f7xx_hal_can.o
                0x08003078                HAL_CAN_SleepCallback
 .text.HAL_CAN_WakeUpFromRxMsgCallback
                0x0800308c       0x14 ./Drivers/STM32F7xx_HAL_Driver/Src/stm32f7xx_hal_can.o
                0x0800308c                HAL_CAN_WakeUpFromRxMsgCallback
 .text.HAL_CAN_ErrorCallback
                0x080030a0       0x14 ./Drivers/STM32F7xx_HAL_Driver/Src/stm32f7xx_hal_can.o
                0x080030a0                HAL_CAN_ErrorCallback
 .text.__NVIC_SetPriorityGrouping
                0x080030b4       0x48 ./Drivers/STM32F7xx_HAL_Driver/Src/stm32f7xx_hal_cortex.o
 .text.__NVIC_GetPriorityGrouping
                0x080030fc       0x1c ./Drivers/STM32F7xx_HAL_Driver/Src/stm32f7xx_hal_cortex.o
 .text.__NVIC_EnableIRQ
                0x08003118       0x3c ./Drivers/STM32F7xx_HAL_Driver/Src/stm32f7xx_hal_cortex.o
 .text.__NVIC_SetPriority
                0x08003154       0x54 ./Drivers/STM32F7xx_HAL_Driver/Src/stm32f7xx_hal_cortex.o
 .text.NVIC_EncodePriority
                0x080031a8       0x66 ./Drivers/STM32F7xx_HAL_Driver/Src/stm32f7xx_hal_cortex.o
 *fill*         0x0800320e        0x2 
 .text.SysTick_Config
                0x08003210       0x44 ./Drivers/STM32F7xx_HAL_Driver/Src/stm32f7xx_hal_cortex.o
 .text.HAL_NVIC_SetPriorityGrouping
                0x08003254       0x16 ./Drivers/STM32F7xx_HAL_Driver/Src/stm32f7xx_hal_cortex.o
                0x08003254                HAL_NVIC_SetPriorityGrouping
 .text.HAL_NVIC_SetPriority
                0x0800326a       0x38 ./Drivers/STM32F7xx_HAL_Driver/Src/stm32f7xx_hal_cortex.o
                0x0800326a                HAL_NVIC_SetPriority
 .text.HAL_NVIC_EnableIRQ
                0x080032a2       0x1c ./Drivers/STM32F7xx_HAL_Driver/Src/stm32f7xx_hal_cortex.o
                0x080032a2                HAL_NVIC_EnableIRQ
 .text.HAL_SYSTICK_Config
                0x080032be       0x18 ./Drivers/STM32F7xx_HAL_Driver/Src/stm32f7xx_hal_cortex.o
                0x080032be                HAL_SYSTICK_Config
 *fill*         0x080032d6        0x2 
 .text.HAL_MPU_Disable
                0x080032d8       0x30 ./Drivers/STM32F7xx_HAL_Driver/Src/stm32f7xx_hal_cortex.o
                0x080032d8                HAL_MPU_Disable
 .text.HAL_MPU_Enable
                0x08003308       0x40 ./Drivers/STM32F7xx_HAL_Driver/Src/stm32f7xx_hal_cortex.o
                0x08003308                HAL_MPU_Enable
 .text.HAL_MPU_ConfigRegion
                0x08003348       0x80 ./Drivers/STM32F7xx_HAL_Driver/Src/stm32f7xx_hal_cortex.o
                0x08003348                HAL_MPU_ConfigRegion
 .text.HAL_GPIO_Init
                0x080033c8      0x358 ./Drivers/STM32F7xx_HAL_Driver/Src/stm32f7xx_hal_gpio.o
                0x080033c8                HAL_GPIO_Init
 .text.HAL_GPIO_WritePin
                0x08003720       0x32 ./Drivers/STM32F7xx_HAL_Driver/Src/stm32f7xx_hal_gpio.o
                0x08003720                HAL_GPIO_WritePin
 .text.HAL_GPIO_TogglePin
                0x08003752       0x34 ./Drivers/STM32F7xx_HAL_Driver/Src/stm32f7xx_hal_gpio.o
                0x08003752                HAL_GPIO_TogglePin
 *fill*         0x08003786        0x2 
 .text.HAL_PWREx_EnableOverDrive
                0x08003788       0xa0 ./Drivers/STM32F7xx_HAL_Driver/Src/stm32f7xx_hal_pwr_ex.o
                0x08003788                HAL_PWREx_EnableOverDrive
 .text.HAL_RCC_OscConfig
                0x08003828      0x55c ./Drivers/STM32F7xx_HAL_Driver/Src/stm32f7xx_hal_rcc.o
                0x08003828                HAL_RCC_OscConfig
 .text.HAL_RCC_ClockConfig
                0x08003d84      0x1d8 ./Drivers/STM32F7xx_HAL_Driver/Src/stm32f7xx_hal_rcc.o
                0x08003d84                HAL_RCC_ClockConfig
 .text.HAL_RCC_GetSysClockFreq
                0x08003f5c      0x18c ./Drivers/STM32F7xx_HAL_Driver/Src/stm32f7xx_hal_rcc.o
                0x08003f5c                HAL_RCC_GetSysClockFreq
 .text.HAL_TIM_Base_Init
                0x080040e8       0xae ./Drivers/STM32F7xx_HAL_Driver/Src/stm32f7xx_hal_tim.o
                0x080040e8                HAL_TIM_Base_Init
 *fill*         0x08004196        0x2 
 .text.HAL_TIM_Base_Start_IT
                0x08004198       0xf0 ./Drivers/STM32F7xx_HAL_Driver/Src/stm32f7xx_hal_tim.o
                0x08004198                HAL_TIM_Base_Start_IT
 .text.HAL_TIM_IRQHandler
                0x08004288      0x20e ./Drivers/STM32F7xx_HAL_Driver/Src/stm32f7xx_hal_tim.o
                0x08004288                HAL_TIM_IRQHandler
 *fill*         0x08004496        0x2 
 .text.HAL_TIM_ConfigClockSource
                0x08004498      0x194 ./Drivers/STM32F7xx_HAL_Driver/Src/stm32f7xx_hal_tim.o
                0x08004498                HAL_TIM_ConfigClockSource
 .text.HAL_TIM_OC_DelayElapsedCallback
                0x0800462c       0x14 ./Drivers/STM32F7xx_HAL_Driver/Src/stm32f7xx_hal_tim.o
                0x0800462c                HAL_TIM_OC_DelayElapsedCallback
 .text.HAL_TIM_IC_CaptureCallback
                0x08004640       0x14 ./Drivers/STM32F7xx_HAL_Driver/Src/stm32f7xx_hal_tim.o
                0x08004640                HAL_TIM_IC_CaptureCallback
 .text.HAL_TIM_PWM_PulseFinishedCallback
                0x08004654       0x14 ./Drivers/STM32F7xx_HAL_Driver/Src/stm32f7xx_hal_tim.o
                0x08004654                HAL_TIM_PWM_PulseFinishedCallback
 .text.HAL_TIM_TriggerCallback
                0x08004668       0x14 ./Drivers/STM32F7xx_HAL_Driver/Src/stm32f7xx_hal_tim.o
                0x08004668                HAL_TIM_TriggerCallback
 .text.TIM_Base_SetConfig
                0x0800467c      0x158 ./Drivers/STM32F7xx_HAL_Driver/Src/stm32f7xx_hal_tim.o
                0x0800467c                TIM_Base_SetConfig
 .text.TIM_TI1_ConfigInputStage
                0x080047d4       0x5e ./Drivers/STM32F7xx_HAL_Driver/Src/stm32f7xx_hal_tim.o
 .text.TIM_TI2_ConfigInputStage
                0x08004832       0x60 ./Drivers/STM32F7xx_HAL_Driver/Src/stm32f7xx_hal_tim.o
 .text.TIM_ITRx_SetConfig
                0x08004892       0x36 ./Drivers/STM32F7xx_HAL_Driver/Src/stm32f7xx_hal_tim.o
 .text.TIM_ETR_SetConfig
                0x080048c8       0x40 ./Drivers/STM32F7xx_HAL_Driver/Src/stm32f7xx_hal_tim.o
                0x080048c8                TIM_ETR_SetConfig
 .text.HAL_TIMEx_MasterConfigSynchronization
                0x08004908      0x11c ./Drivers/STM32F7xx_HAL_Driver/Src/stm32f7xx_hal_tim_ex.o
                0x08004908                HAL_TIMEx_MasterConfigSynchronization
 .text.HAL_TIMEx_CommutCallback
                0x08004a24       0x14 ./Drivers/STM32F7xx_HAL_Driver/Src/stm32f7xx_hal_tim_ex.o
                0x08004a24                HAL_TIMEx_CommutCallback
 .text.HAL_TIMEx_BreakCallback
                0x08004a38       0x14 ./Drivers/STM32F7xx_HAL_Driver/Src/stm32f7xx_hal_tim_ex.o
                0x08004a38                HAL_TIMEx_BreakCallback
 .text.HAL_TIMEx_Break2Callback
                0x08004a4c       0x14 ./Drivers/STM32F7xx_HAL_Driver/Src/stm32f7xx_hal_tim_ex.o
                0x08004a4c                HAL_TIMEx_Break2Callback
 .text.memset   0x08004a60       0x10 C:/ST/STM32CubeIDE_1.15.1/STM32CubeIDE/plugins/com.st.stm32cube.ide.mcu.externaltools.gnu-tools-for-stm32.12.3.rel1.win32_1.0.100.202403111256/tools/bin/../lib/gcc/arm-none-eabi/12.3.1/../../../../arm-none-eabi/lib/thumb/v7e-m+dp/hard\libc_nano.a(libc_a-memset.o)
                0x08004a60                memset
 .text.__libc_init_array
                0x08004a70       0x48 C:/ST/STM32CubeIDE_1.15.1/STM32CubeIDE/plugins/com.st.stm32cube.ide.mcu.externaltools.gnu-tools-for-stm32.12.3.rel1.win32_1.0.100.202403111256/tools/bin/../lib/gcc/arm-none-eabi/12.3.1/../../../../arm-none-eabi/lib/thumb/v7e-m+dp/hard\libc_nano.a(libc_a-init.o)
                0x08004a70                __libc_init_array
 *(.glue_7)
 .glue_7        0x08004ab8        0x0 linker stubs
 *(.glue_7t)
 .glue_7t       0x08004ab8        0x0 linker stubs
 *(.eh_frame)
 .eh_frame      0x08004ab8        0x0 C:/ST/STM32CubeIDE_1.15.1/STM32CubeIDE/plugins/com.st.stm32cube.ide.mcu.externaltools.gnu-tools-for-stm32.12.3.rel1.win32_1.0.100.202403111256/tools/bin/../lib/gcc/arm-none-eabi/12.3.1/thumb/v7e-m+dp/hard/crtbegin.o
 *(.init)
 .init          0x08004ab8        0x4 C:/ST/STM32CubeIDE_1.15.1/STM32CubeIDE/plugins/com.st.stm32cube.ide.mcu.externaltools.gnu-tools-for-stm32.12.3.rel1.win32_1.0.100.202403111256/tools/bin/../lib/gcc/arm-none-eabi/12.3.1/thumb/v7e-m+dp/hard/crti.o
                0x08004ab8                _init
 .init          0x08004abc        0x8 C:/ST/STM32CubeIDE_1.15.1/STM32CubeIDE/plugins/com.st.stm32cube.ide.mcu.externaltools.gnu-tools-for-stm32.12.3.rel1.win32_1.0.100.202403111256/tools/bin/../lib/gcc/arm-none-eabi/12.3.1/thumb/v7e-m+dp/hard/crtn.o
 *(.fini)
 .fini          0x08004ac4        0x4 C:/ST/STM32CubeIDE_1.15.1/STM32CubeIDE/plugins/com.st.stm32cube.ide.mcu.externaltools.gnu-tools-for-stm32.12.3.rel1.win32_1.0.100.202403111256/tools/bin/../lib/gcc/arm-none-eabi/12.3.1/thumb/v7e-m+dp/hard/crti.o
                0x08004ac4                _fini
 .fini          0x08004ac8        0x8 C:/ST/STM32CubeIDE_1.15.1/STM32CubeIDE/plugins/com.st.stm32cube.ide.mcu.externaltools.gnu-tools-for-stm32.12.3.rel1.win32_1.0.100.202403111256/tools/bin/../lib/gcc/arm-none-eabi/12.3.1/thumb/v7e-m+dp/hard/crtn.o
                0x08004ad0                        . = ALIGN (0x4)
                0x08004ad0                        _etext = .

.vfp11_veneer   0x08004ad0        0x0
 .vfp11_veneer  0x08004ad0        0x0 linker stubs

.v4_bx          0x08004ad0        0x0
 .v4_bx         0x08004ad0        0x0 linker stubs

.iplt           0x08004ad0        0x0
 .iplt          0x08004ad0        0x0 C:/ST/STM32CubeIDE_1.15.1/STM32CubeIDE/plugins/com.st.stm32cube.ide.mcu.externaltools.gnu-tools-for-stm32.12.3.rel1.win32_1.0.100.202403111256/tools/bin/../lib/gcc/arm-none-eabi/12.3.1/thumb/v7e-m+dp/hard/crtbegin.o

.rodata         0x08004ad0       0x10
                0x08004ad0                        . = ALIGN (0x4)
 *(.rodata)
 *(.rodata*)
 .rodata.AHBPrescTable
                0x08004ad0       0x10 ./Core/Src/system_stm32f7xx.o
                0x08004ad0                AHBPrescTable
                0x08004ae0                        . = ALIGN (0x4)

.ARM.extab      0x08004ae0        0x0
                0x08004ae0                        . = ALIGN (0x4)
 *(.ARM.extab* .gnu.linkonce.armextab.*)
                0x08004ae0                        . = ALIGN (0x4)

.ARM            0x08004ae0        0x8
                0x08004ae0                        . = ALIGN (0x4)
                0x08004ae0                        __exidx_start = .
 *(.ARM.exidx*)
 .ARM.exidx     0x08004ae0        0x8 C:/ST/STM32CubeIDE_1.15.1/STM32CubeIDE/plugins/com.st.stm32cube.ide.mcu.externaltools.gnu-tools-for-stm32.12.3.rel1.win32_1.0.100.202403111256/tools/bin/../lib/gcc/arm-none-eabi/12.3.1/thumb/v7e-m+dp/hard\libgcc.a(_udivmoddi4.o)
                0x08004ae8                        __exidx_end = .
                0x08004ae8                        . = ALIGN (0x4)

.preinit_array  0x08004ae8        0x0
                0x08004ae8                        . = ALIGN (0x4)
                0x08004ae8                        PROVIDE (__preinit_array_start = .)
 *(.preinit_array*)
                0x08004ae8                        PROVIDE (__preinit_array_end = .)
                0x08004ae8                        . = ALIGN (0x4)

.init_array     0x08004ae8        0x4
                0x08004ae8                        . = ALIGN (0x4)
                0x08004ae8                        PROVIDE (__init_array_start = .)
 *(SORT_BY_NAME(.init_array.*))
 *(.init_array*)
 .init_array    0x08004ae8        0x4 C:/ST/STM32CubeIDE_1.15.1/STM32CubeIDE/plugins/com.st.stm32cube.ide.mcu.externaltools.gnu-tools-for-stm32.12.3.rel1.win32_1.0.100.202403111256/tools/bin/../lib/gcc/arm-none-eabi/12.3.1/thumb/v7e-m+dp/hard/crtbegin.o
                0x08004aec                        PROVIDE (__init_array_end = .)
                0x08004aec                        . = ALIGN (0x4)

.fini_array     0x08004aec        0x4
                0x08004aec                        . = ALIGN (0x4)
                [!provide]                        PROVIDE (__fini_array_start = .)
 *(SORT_BY_NAME(.fini_array.*))
 *(.fini_array*)
 .fini_array    0x08004aec        0x4 C:/ST/STM32CubeIDE_1.15.1/STM32CubeIDE/plugins/com.st.stm32cube.ide.mcu.externaltools.gnu-tools-for-stm32.12.3.rel1.win32_1.0.100.202403111256/tools/bin/../lib/gcc/arm-none-eabi/12.3.1/thumb/v7e-m+dp/hard/crtbegin.o
                [!provide]                        PROVIDE (__fini_array_end = .)
                0x08004af0                        . = ALIGN (0x4)
                0x08004af0                        _sidata = LOADADDR (.data)

.rel.dyn        0x08004af0        0x0
 .rel.iplt      0x08004af0        0x0 C:/ST/STM32CubeIDE_1.15.1/STM32CubeIDE/plugins/com.st.stm32cube.ide.mcu.externaltools.gnu-tools-for-stm32.12.3.rel1.win32_1.0.100.202403111256/tools/bin/../lib/gcc/arm-none-eabi/12.3.1/thumb/v7e-m+dp/hard/crtbegin.o

.data           0x20000000       0xac load address 0x08004af0
                0x20000000                        . = ALIGN (0x4)
                0x20000000                        _sdata = .
 *(.data)
 *(.data*)
 .data.AC_Current_L
                0x20000000        0x8 ./Core/Src/can.o
                0x20000000                AC_Current_L
 .data.AC_Current_R
                0x20000008        0x8 ./Core/Src/can.o
                0x20000008                AC_Current_R
 .data.VCUA_header_R
                0x20000010       0x18 ./Core/Src/can.o
                0x20000010                VCUA_header_R
 .data.VCUA_header_L
                0x20000028       0x18 ./Core/Src/can.o
                0x20000028                VCUA_header_L
 .data.VCU_header
                0x20000040       0x18 ./Core/Src/can.o
                0x20000040                VCU_header
 .data.VCU_INV3_header_L
                0x20000058       0x18 ./Core/Src/can.o
                0x20000058                VCU_INV3_header_L
 .data.VCU_INV3_header_R
                0x20000070       0x18 ./Core/Src/can.o
                0x20000070                VCU_INV3_header_R
 .data.current_limit
                0x20000088        0x2 ./Core/Src/motor_control.o
                0x20000088                current_limit
 *fill*         0x2000008a        0x2 
 .data.r2d_time_duration
                0x2000008c        0x4 ./Core/Src/motor_control.o
                0x2000008c                r2d_time_duration
 .data.APPS_I_adc_max
                0x20000090        0x8 ./Core/Src/sensor_control.o
                0x20000090                APPS_I_adc_max
 .data.APPS_II_adc_max
                0x20000098        0x8 ./Core/Src/sensor_control.o
                0x20000098                APPS_II_adc_max
 .data.SystemCoreClock
                0x200000a0        0x4 ./Core/Src/system_stm32f7xx.o
                0x200000a0                SystemCoreClock
 .data.uwTickPrio
                0x200000a4        0x4 ./Drivers/STM32F7xx_HAL_Driver/Src/stm32f7xx_hal.o
                0x200000a4                uwTickPrio
 .data.uwTickFreq
                0x200000a8        0x1 ./Drivers/STM32F7xx_HAL_Driver/Src/stm32f7xx_hal.o
                0x200000a8                uwTickFreq
 *(.RamFunc)
 *(.RamFunc*)
                0x200000ac                        . = ALIGN (0x4)
 *fill*         0x200000a9        0x3 
                0x200000ac                        _edata = .

.igot.plt       0x200000ac        0x0 load address 0x08004b9c
 .igot.plt      0x200000ac        0x0 C:/ST/STM32CubeIDE_1.15.1/STM32CubeIDE/plugins/com.st.stm32cube.ide.mcu.externaltools.gnu-tools-for-stm32.12.3.rel1.win32_1.0.100.202403111256/tools/bin/../lib/gcc/arm-none-eabi/12.3.1/thumb/v7e-m+dp/hard/crtbegin.o
                0x200000ac                        . = ALIGN (0x4)

.bss            0x200000b0      0x1c8 load address 0x08004b9c
                0x200000b0                        _sbss = .
                0x200000b0                        __bss_start__ = _sbss
 *(.bss)
 .bss           0x200000b0       0x1c C:/ST/STM32CubeIDE_1.15.1/STM32CubeIDE/plugins/com.st.stm32cube.ide.mcu.externaltools.gnu-tools-for-stm32.12.3.rel1.win32_1.0.100.202403111256/tools/bin/../lib/gcc/arm-none-eabi/12.3.1/thumb/v7e-m+dp/hard/crtbegin.o
 *(.bss*)
 .bss.hadc1     0x200000cc       0x48 ./Core/Src/adc.o
                0x200000cc                hadc1
 .bss.hadc2     0x20000114       0x48 ./Core/Src/adc.o
                0x20000114                hadc2
 .bss.test2     0x2000015c        0x8 ./Core/Src/can.o
                0x2000015c                test2
 .bss.r2d_bit   0x20000164        0x1 ./Core/Src/can.o
                0x20000164                r2d_bit
 .bss.ts_on     0x20000165        0x1 ./Core/Src/can.o
                0x20000165                ts_on
 .bss.ts_ready  0x20000166        0x1 ./Core/Src/can.o
                0x20000166                ts_ready
 .bss.SA        0x20000167        0x1 ./Core/Src/can.o
                0x20000167                SA
 .bss.inv_temp_l
                0x20000168        0x2 ./Core/Src/can.o
                0x20000168                inv_temp_l
 *fill*         0x2000016a        0x2 
 .bss.INV_L_INV_Motor_fault
                0x2000016c        0x8 ./Core/Src/can.o
                0x2000016c                INV_L_INV_Motor_fault
 .bss.INV_R_INV_Motor_fault
                0x20000174        0x8 ./Core/Src/can.o
                0x20000174                INV_R_INV_Motor_fault
 *fill*         0x2000017c        0x4 
 .bss.last10    0x20000180        0x8 ./Core/Src/can.o
                0x20000180                last10
 .bss.last100   0x20000188        0x8 ./Core/Src/can.o
                0x20000188                last100
 .bss.last500   0x20000190        0x8 ./Core/Src/can.o
                0x20000190                last500
 .bss.send_can_100_message
                0x20000198        0x1 ./Core/Src/can.o
                0x20000198                send_can_100_message
 .bss.send_can_10_message
                0x20000199        0x1 ./Core/Src/can.o
                0x20000199                send_can_10_message
 .bss.send_can_2_message
                0x2000019a        0x1 ./Core/Src/can.o
                0x2000019a                send_can_2_message
 *fill*         0x2000019b        0x1 
 .bss.hcan1     0x2000019c       0x28 ./Core/Src/can.o
                0x2000019c                hcan1
 .bss.hcan2     0x200001c4       0x28 ./Core/Src/can.o
                0x200001c4                hcan2
 .bss.HAL_RCC_CAN1_CLK_ENABLED
                0x200001ec        0x4 ./Core/Src/can.o
 .bss.retries.0
                0x200001f0        0x1 ./Core/Src/can.o
 *fill*         0x200001f1        0x1 
 .bss.ac_current_r
                0x200001f2        0x2 ./Core/Src/motor_control.o
                0x200001f2                ac_current_r
 .bss.ac_current_l
                0x200001f4        0x2 ./Core/Src/motor_control.o
                0x200001f4                ac_current_l
 *fill*         0x200001f6        0x2 
 .bss.r2d_time  0x200001f8        0x4 ./Core/Src/motor_control.o
                0x200001f8                r2d_time
 .bss.r2d_sound
                0x200001fc        0x1 ./Core/Src/motor_control.o
                0x200001fc                r2d_sound
 .bss.prev_r2d_bit
                0x200001fd        0x1 ./Core/Src/motor_control.o
                0x200001fd                prev_r2d_bit
 .bss.start_motor_control
                0x200001fe        0x1 ./Core/Src/motor_control.o
                0x200001fe                start_motor_control
 *fill*         0x200001ff        0x1 
 .bss.APPS_I_raw_adc
                0x20000200        0x8 ./Core/Src/sensor_control.o
                0x20000200                APPS_I_raw_adc
 .bss.APPS_I_adc_min
                0x20000208        0x8 ./Core/Src/sensor_control.o
                0x20000208                APPS_I_adc_min
 .bss.APPS_II_raw_adc
                0x20000210        0x8 ./Core/Src/sensor_control.o
                0x20000210                APPS_II_raw_adc
 .bss.APPS_II_adc_min
                0x20000218        0x8 ./Core/Src/sensor_control.o
                0x20000218                APPS_II_adc_min
 .bss.APPS_check
                0x20000220        0x1 ./Core/Src/sensor_control.o
                0x20000220                APPS_check
 *fill*         0x20000221        0x1 
 .bss.APPS_I    0x20000222        0x2 ./Core/Src/sensor_control.o
                0x20000222                APPS_I
 .bss.APPS_II   0x20000224        0x2 ./Core/Src/sensor_control.o
                0x20000224                APPS_II
 *fill*         0x20000226        0x2 
 .bss.htim2     0x20000228       0x4c ./Core/Src/tim.o
                0x20000228                htim2
 .bss.uwTick    0x20000274        0x4 ./Drivers/STM32F7xx_HAL_Driver/Src/stm32f7xx_hal.o
                0x20000274                uwTick
 *(COMMON)
                0x20000278                        . = ALIGN (0x4)
                0x20000278                        _ebss = .
                0x20000278                        __bss_end__ = _ebss

._user_heap_stack
                0x20000278      0x600 load address 0x08004b9c
                0x20000278                        . = ALIGN (0x8)
                [!provide]                        PROVIDE (end = .)
                0x20000278                        PROVIDE (_end = .)
                0x20000478                        . = (. + _Min_Heap_Size)
 *fill*         0x20000278      0x200 
                0x20000878                        . = (. + _Min_Stack_Size)
 *fill*         0x20000478      0x400 
                0x20000878                        . = ALIGN (0x8)

/DISCARD/
 libc.a(*)
 libm.a(*)
 libgcc.a(*)

.ARM.attributes
                0x00000000       0x2e
 *(.ARM.attributes)
 .ARM.attributes
                0x00000000       0x20 C:/ST/STM32CubeIDE_1.15.1/STM32CubeIDE/plugins/com.st.stm32cube.ide.mcu.externaltools.gnu-tools-for-stm32.12.3.rel1.win32_1.0.100.202403111256/tools/bin/../lib/gcc/arm-none-eabi/12.3.1/thumb/v7e-m+dp/hard/crti.o
 .ARM.attributes
                0x00000020       0x32 C:/ST/STM32CubeIDE_1.15.1/STM32CubeIDE/plugins/com.st.stm32cube.ide.mcu.externaltools.gnu-tools-for-stm32.12.3.rel1.win32_1.0.100.202403111256/tools/bin/../lib/gcc/arm-none-eabi/12.3.1/thumb/v7e-m+dp/hard/crtbegin.o
 .ARM.attributes
                0x00000052       0x32 ./Core/Src/adc.o
 .ARM.attributes
                0x00000084       0x32 ./Core/Src/can.o
 .ARM.attributes
                0x000000b6       0x32 ./Core/Src/gpio.o
 .ARM.attributes
                0x000000e8       0x32 ./Core/Src/main.o
 .ARM.attributes
                0x0000011a       0x32 ./Core/Src/motor_control.o
 .ARM.attributes
                0x0000014c       0x32 ./Core/Src/sensor_control.o
 .ARM.attributes
                0x0000017e       0x32 ./Core/Src/stm32f7xx_hal_msp.o
 .ARM.attributes
                0x000001b0       0x32 ./Core/Src/stm32f7xx_it.o
 .ARM.attributes
                0x000001e2       0x32 ./Core/Src/system_stm32f7xx.o
 .ARM.attributes
                0x00000214       0x32 ./Core/Src/tim.o
 .ARM.attributes
                0x00000246       0x21 ./Core/Startup/startup_stm32f767vitx.o
 .ARM.attributes
                0x00000267       0x32 ./Drivers/STM32F7xx_HAL_Driver/Src/stm32f7xx_hal.o
 .ARM.attributes
                0x00000299       0x32 ./Drivers/STM32F7xx_HAL_Driver/Src/stm32f7xx_hal_adc.o
 .ARM.attributes
                0x000002cb       0x32 ./Drivers/STM32F7xx_HAL_Driver/Src/stm32f7xx_hal_can.o
 .ARM.attributes
                0x000002fd       0x32 ./Drivers/STM32F7xx_HAL_Driver/Src/stm32f7xx_hal_cortex.o
 .ARM.attributes
                0x0000032f       0x32 ./Drivers/STM32F7xx_HAL_Driver/Src/stm32f7xx_hal_gpio.o
 .ARM.attributes
                0x00000361       0x32 ./Drivers/STM32F7xx_HAL_Driver/Src/stm32f7xx_hal_pwr_ex.o
 .ARM.attributes
                0x00000393       0x32 ./Drivers/STM32F7xx_HAL_Driver/Src/stm32f7xx_hal_rcc.o
 .ARM.attributes
                0x000003c5       0x32 ./Drivers/STM32F7xx_HAL_Driver/Src/stm32f7xx_hal_tim.o
 .ARM.attributes
                0x000003f7       0x32 ./Drivers/STM32F7xx_HAL_Driver/Src/stm32f7xx_hal_tim_ex.o
 .ARM.attributes
                0x00000429       0x32 C:/ST/STM32CubeIDE_1.15.1/STM32CubeIDE/plugins/com.st.stm32cube.ide.mcu.externaltools.gnu-tools-for-stm32.12.3.rel1.win32_1.0.100.202403111256/tools/bin/../lib/gcc/arm-none-eabi/12.3.1/../../../../arm-none-eabi/lib/thumb/v7e-m+dp/hard\libc_nano.a(libc_a-memset.o)
 .ARM.attributes
                0x0000045b       0x32 C:/ST/STM32CubeIDE_1.15.1/STM32CubeIDE/plugins/com.st.stm32cube.ide.mcu.externaltools.gnu-tools-for-stm32.12.3.rel1.win32_1.0.100.202403111256/tools/bin/../lib/gcc/arm-none-eabi/12.3.1/../../../../arm-none-eabi/lib/thumb/v7e-m+dp/hard\libc_nano.a(libc_a-init.o)
 .ARM.attributes
                0x0000048d       0x20 C:/ST/STM32CubeIDE_1.15.1/STM32CubeIDE/plugins/com.st.stm32cube.ide.mcu.externaltools.gnu-tools-for-stm32.12.3.rel1.win32_1.0.100.202403111256/tools/bin/../lib/gcc/arm-none-eabi/12.3.1/thumb/v7e-m+dp/hard\libgcc.a(_aeabi_uldivmod.o)
 .ARM.attributes
                0x000004ad       0x32 C:/ST/STM32CubeIDE_1.15.1/STM32CubeIDE/plugins/com.st.stm32cube.ide.mcu.externaltools.gnu-tools-for-stm32.12.3.rel1.win32_1.0.100.202403111256/tools/bin/../lib/gcc/arm-none-eabi/12.3.1/thumb/v7e-m+dp/hard\libgcc.a(_udivmoddi4.o)
 .ARM.attributes
                0x000004df       0x20 C:/ST/STM32CubeIDE_1.15.1/STM32CubeIDE/plugins/com.st.stm32cube.ide.mcu.externaltools.gnu-tools-for-stm32.12.3.rel1.win32_1.0.100.202403111256/tools/bin/../lib/gcc/arm-none-eabi/12.3.1/thumb/v7e-m+dp/hard\libgcc.a(_dvmd_tls.o)
 .ARM.attributes
                0x000004ff       0x20 C:/ST/STM32CubeIDE_1.15.1/STM32CubeIDE/plugins/com.st.stm32cube.ide.mcu.externaltools.gnu-tools-for-stm32.12.3.rel1.win32_1.0.100.202403111256/tools/bin/../lib/gcc/arm-none-eabi/12.3.1/thumb/v7e-m+dp/hard/crtn.o
OUTPUT(VCU_Firmware.elf elf32-littlearm)
LOAD linker stubs
LOAD C:/ST/STM32CubeIDE_1.15.1/STM32CubeIDE/plugins/com.st.stm32cube.ide.mcu.externaltools.gnu-tools-for-stm32.12.3.rel1.win32_1.0.100.202403111256/tools/bin/../lib/gcc/arm-none-eabi/12.3.1/../../../../arm-none-eabi/lib/thumb/v7e-m+dp/hard\libc.a
LOAD C:/ST/STM32CubeIDE_1.15.1/STM32CubeIDE/plugins/com.st.stm32cube.ide.mcu.externaltools.gnu-tools-for-stm32.12.3.rel1.win32_1.0.100.202403111256/tools/bin/../lib/gcc/arm-none-eabi/12.3.1/../../../../arm-none-eabi/lib/thumb/v7e-m+dp/hard\libm.a
LOAD C:/ST/STM32CubeIDE_1.15.1/STM32CubeIDE/plugins/com.st.stm32cube.ide.mcu.externaltools.gnu-tools-for-stm32.12.3.rel1.win32_1.0.100.202403111256/tools/bin/../lib/gcc/arm-none-eabi/12.3.1/thumb/v7e-m+dp/hard\libgcc.a

.debug_info     0x00000000     0xf6bb
 .debug_info    0x00000000      0xa26 ./Core/Src/adc.o
 .debug_info    0x00000a26     0x1a69 ./Core/Src/can.o
 .debug_info    0x0000248f      0x465 ./Core/Src/gpio.o
 .debug_info    0x000028f4     0x10a7 ./Core/Src/main.o
 .debug_info    0x0000399b      0x397 ./Core/Src/motor_control.o
 .debug_info    0x00003d32      0x712 ./Core/Src/sensor_control.o
 .debug_info    0x00004444      0x28d ./Core/Src/stm32f7xx_hal_msp.o
 .debug_info    0x000046d1      0xb6c ./Core/Src/stm32f7xx_it.o
 .debug_info    0x0000523d      0x6ed ./Core/Src/system_stm32f7xx.o
 .debug_info    0x0000592a      0xd3f ./Core/Src/tim.o
 .debug_info    0x00006669       0x30 ./Core/Startup/startup_stm32f767vitx.o
 .debug_info    0x00006699      0xa4c ./Drivers/STM32F7xx_HAL_Driver/Src/stm32f7xx_hal.o
 .debug_info    0x000070e5      0xc83 ./Drivers/STM32F7xx_HAL_Driver/Src/stm32f7xx_hal_adc.o
 .debug_info    0x00007d68      0xf0c ./Drivers/STM32F7xx_HAL_Driver/Src/stm32f7xx_hal_can.o
 .debug_info    0x00008c74      0xfc0 ./Drivers/STM32F7xx_HAL_Driver/Src/stm32f7xx_hal_cortex.o
 .debug_info    0x00009c34      0x6f3 ./Drivers/STM32F7xx_HAL_Driver/Src/stm32f7xx_hal_gpio.o
 .debug_info    0x0000a327      0x8cd ./Drivers/STM32F7xx_HAL_Driver/Src/stm32f7xx_hal_pwr_ex.o
 .debug_info    0x0000abf4      0x937 ./Drivers/STM32F7xx_HAL_Driver/Src/stm32f7xx_hal_rcc.o
 .debug_info    0x0000b52b     0x2ad5 ./Drivers/STM32F7xx_HAL_Driver/Src/stm32f7xx_hal_tim.o
 .debug_info    0x0000e000     0x16bb ./Drivers/STM32F7xx_HAL_Driver/Src/stm32f7xx_hal_tim_ex.o

.debug_abbrev   0x00000000     0x2804
 .debug_abbrev  0x00000000      0x1f7 ./Core/Src/adc.o
 .debug_abbrev  0x000001f7      0x35c ./Core/Src/can.o
 .debug_abbrev  0x00000553      0x152 ./Core/Src/gpio.o
 .debug_abbrev  0x000006a5      0x296 ./Core/Src/main.o
 .debug_abbrev  0x0000093b      0x1e0 ./Core/Src/motor_control.o
 .debug_abbrev  0x00000b1b      0x181 ./Core/Src/sensor_control.o
 .debug_abbrev  0x00000c9c       0xd8 ./Core/Src/stm32f7xx_hal_msp.o
 .debug_abbrev  0x00000d74      0x1f4 ./Core/Src/stm32f7xx_it.o
 .debug_abbrev  0x00000f68      0x13b ./Core/Src/system_stm32f7xx.o
 .debug_abbrev  0x000010a3      0x1f7 ./Core/Src/tim.o
 .debug_abbrev  0x0000129a       0x24 ./Core/Startup/startup_stm32f767vitx.o
 .debug_abbrev  0x000012be      0x213 ./Drivers/STM32F7xx_HAL_Driver/Src/stm32f7xx_hal.o
 .debug_abbrev  0x000014d1      0x252 ./Drivers/STM32F7xx_HAL_Driver/Src/stm32f7xx_hal_adc.o
 .debug_abbrev  0x00001723      0x241 ./Drivers/STM32F7xx_HAL_Driver/Src/stm32f7xx_hal_can.o
 .debug_abbrev  0x00001964      0x31e ./Drivers/STM32F7xx_HAL_Driver/Src/stm32f7xx_hal_cortex.o
 .debug_abbrev  0x00001c82      0x1d4 ./Drivers/STM32F7xx_HAL_Driver/Src/stm32f7xx_hal_gpio.o
 .debug_abbrev  0x00001e56      0x1d5 ./Drivers/STM32F7xx_HAL_Driver/Src/stm32f7xx_hal_pwr_ex.o
 .debug_abbrev  0x0000202b      0x2de ./Drivers/STM32F7xx_HAL_Driver/Src/stm32f7xx_hal_rcc.o
 .debug_abbrev  0x00002309      0x278 ./Drivers/STM32F7xx_HAL_Driver/Src/stm32f7xx_hal_tim.o
 .debug_abbrev  0x00002581      0x283 ./Drivers/STM32F7xx_HAL_Driver/Src/stm32f7xx_hal_tim_ex.o

.debug_aranges  0x00000000      0xdc8
 .debug_aranges
                0x00000000       0x38 ./Core/Src/adc.o
 .debug_aranges
                0x00000038       0x90 ./Core/Src/can.o
 .debug_aranges
                0x000000c8       0x20 ./Core/Src/gpio.o
 .debug_aranges
                0x000000e8       0x38 ./Core/Src/main.o
 .debug_aranges
                0x00000120       0x30 ./Core/Src/motor_control.o
 .debug_aranges
                0x00000150       0x38 ./Core/Src/sensor_control.o
 .debug_aranges
                0x00000188       0x20 ./Core/Src/stm32f7xx_hal_msp.o
 .debug_aranges
                0x000001a8       0x88 ./Core/Src/stm32f7xx_it.o
 .debug_aranges
                0x00000230       0x28 ./Core/Src/system_stm32f7xx.o
 .debug_aranges
                0x00000258       0x30 ./Core/Src/tim.o
 .debug_aranges
                0x00000288       0x28 ./Core/Startup/startup_stm32f767vitx.o
 .debug_aranges
                0x000002b0      0x110 ./Drivers/STM32F7xx_HAL_Driver/Src/stm32f7xx_hal.o
 .debug_aranges
                0x000003c0       0xe8 ./Drivers/STM32F7xx_HAL_Driver/Src/stm32f7xx_hal_adc.o
 .debug_aranges
                0x000004a8      0x138 ./Drivers/STM32F7xx_HAL_Driver/Src/stm32f7xx_hal_can.o
 .debug_aranges
                0x000005e0      0x128 ./Drivers/STM32F7xx_HAL_Driver/Src/stm32f7xx_hal_cortex.o
 .debug_aranges
                0x00000708       0x58 ./Drivers/STM32F7xx_HAL_Driver/Src/stm32f7xx_hal_gpio.o
 .debug_aranges
                0x00000760       0x80 ./Drivers/STM32F7xx_HAL_Driver/Src/stm32f7xx_hal_pwr_ex.o
 .debug_aranges
                0x000007e0       0x88 ./Drivers/STM32F7xx_HAL_Driver/Src/stm32f7xx_hal_rcc.o
 .debug_aranges
                0x00000868      0x3e0 ./Drivers/STM32F7xx_HAL_Driver/Src/stm32f7xx_hal_tim.o
 .debug_aranges
                0x00000c48      0x180 ./Drivers/STM32F7xx_HAL_Driver/Src/stm32f7xx_hal_tim_ex.o

.debug_rnglists
                0x00000000      0xa96
 .debug_rnglists
                0x00000000       0x28 ./Core/Src/adc.o
 .debug_rnglists
                0x00000028       0x7c ./Core/Src/can.o
 .debug_rnglists
                0x000000a4       0x14 ./Core/Src/gpio.o
 .debug_rnglists
                0x000000b8       0x26 ./Core/Src/main.o
 .debug_rnglists
                0x000000de       0x21 ./Core/Src/motor_control.o
 .debug_rnglists
                0x000000ff       0x27 ./Core/Src/sensor_control.o
 .debug_rnglists
                0x00000126       0x13 ./Core/Src/stm32f7xx_hal_msp.o
 .debug_rnglists
                0x00000139       0x61 ./Core/Src/stm32f7xx_it.o
 .debug_rnglists
                0x0000019a       0x1a ./Core/Src/system_stm32f7xx.o
 .debug_rnglists
                0x000001b4       0x20 ./Core/Src/tim.o
 .debug_rnglists
                0x000001d4       0x19 ./Core/Startup/startup_stm32f767vitx.o
 .debug_rnglists
                0x000001ed       0xc7 ./Drivers/STM32F7xx_HAL_Driver/Src/stm32f7xx_hal.o
 .debug_rnglists
                0x000002b4       0xb5 ./Drivers/STM32F7xx_HAL_Driver/Src/stm32f7xx_hal_adc.o
 .debug_rnglists
                0x00000369       0xee ./Drivers/STM32F7xx_HAL_Driver/Src/stm32f7xx_hal_can.o
 .debug_rnglists
                0x00000457       0xda ./Drivers/STM32F7xx_HAL_Driver/Src/stm32f7xx_hal_cortex.o
 .debug_rnglists
                0x00000531       0x3f ./Drivers/STM32F7xx_HAL_Driver/Src/stm32f7xx_hal_gpio.o
 .debug_rnglists
                0x00000570       0x5f ./Drivers/STM32F7xx_HAL_Driver/Src/stm32f7xx_hal_pwr_ex.o
 .debug_rnglists
                0x000005cf       0x67 ./Drivers/STM32F7xx_HAL_Driver/Src/stm32f7xx_hal_rcc.o
 .debug_rnglists
                0x00000636      0x328 ./Drivers/STM32F7xx_HAL_Driver/Src/stm32f7xx_hal_tim.o
 .debug_rnglists
                0x0000095e      0x138 ./Drivers/STM32F7xx_HAL_Driver/Src/stm32f7xx_hal_tim_ex.o

.debug_macro    0x00000000    0x28c9a
 .debug_macro   0x00000000      0x20b ./Core/Src/adc.o
 .debug_macro   0x0000020b      0xacc ./Core/Src/adc.o
 .debug_macro   0x00000cd7      0x299 ./Core/Src/adc.o
 .debug_macro   0x00000f70       0x2e ./Core/Src/adc.o
 .debug_macro   0x00000f9e       0x3b ./Core/Src/adc.o
 .debug_macro   0x00000fd9       0x22 ./Core/Src/adc.o
 .debug_macro   0x00000ffb       0x8e ./Core/Src/adc.o
 .debug_macro   0x00001089       0x51 ./Core/Src/adc.o
 .debug_macro   0x000010da      0x103 ./Core/Src/adc.o
 .debug_macro   0x000011dd       0x6a ./Core/Src/adc.o
 .debug_macro   0x00001247      0x1df ./Core/Src/adc.o
 .debug_macro   0x00001426       0x1c ./Core/Src/adc.o
 .debug_macro   0x00001442       0x22 ./Core/Src/adc.o
 .debug_macro   0x00001464       0xd9 ./Core/Src/adc.o
 .debug_macro   0x0000153d     0x12cd ./Core/Src/adc.o
 .debug_macro   0x0000280a      0x11f ./Core/Src/adc.o
 .debug_macro   0x00002929       0x19 ./Core/Src/adc.o
 .debug_macro   0x00002942    0x1aa23 ./Core/Src/adc.o
 .debug_macro   0x0001d365       0x6d ./Core/Src/adc.o
 .debug_macro   0x0001d3d2     0x3765 ./Core/Src/adc.o
 .debug_macro   0x00020b37      0x189 ./Core/Src/adc.o
 .debug_macro   0x00020cc0       0x63 ./Core/Src/adc.o
 .debug_macro   0x00020d23     0x1add ./Core/Src/adc.o
 .debug_macro   0x00022800      0x6c4 ./Core/Src/adc.o
 .debug_macro   0x00022ec4      0x18b ./Core/Src/adc.o
 .debug_macro   0x0002304f      0x115 ./Core/Src/adc.o
 .debug_macro   0x00023164      0x26e ./Core/Src/adc.o
 .debug_macro   0x000233d2       0xa5 ./Core/Src/adc.o
 .debug_macro   0x00023477      0x24f ./Core/Src/adc.o
 .debug_macro   0x000236c6       0x71 ./Core/Src/adc.o
 .debug_macro   0x00023737       0x58 ./Core/Src/adc.o
 .debug_macro   0x0002378f      0x236 ./Core/Src/adc.o
 .debug_macro   0x000239c5      0x416 ./Core/Src/adc.o
 .debug_macro   0x00023ddb      0x153 ./Core/Src/adc.o
 .debug_macro   0x00023f2e      0x107 ./Core/Src/adc.o
 .debug_macro   0x00024035      0x40f ./Core/Src/adc.o
 .debug_macro   0x00024444      0x14e ./Core/Src/adc.o
 .debug_macro   0x00024592      0x3db ./Core/Src/adc.o
 .debug_macro   0x0002496d       0x12 ./Core/Src/adc.o
 .debug_macro   0x0002497f      0x22c ./Core/Src/adc.o
 .debug_macro   0x00024bab       0x61 ./Core/Src/adc.o
 .debug_macro   0x00024c0c       0xa5 ./Core/Src/adc.o
 .debug_macro   0x00024cb1      0x12e ./Core/Src/adc.o
 .debug_macro   0x00024ddf      0x108 ./Core/Src/adc.o
 .debug_macro   0x00024ee7       0x35 ./Core/Src/adc.o
 .debug_macro   0x00024f1c      0xa91 ./Core/Src/adc.o
 .debug_macro   0x000259ad       0xa9 ./Core/Src/adc.o
 .debug_macro   0x00025a56      0x15b ./Core/Src/adc.o
 .debug_macro   0x00025bb1       0x34 ./Core/Src/adc.o
 .debug_macro   0x00025be5      0x20b ./Core/Src/can.o
 .debug_macro   0x00025df0      0x20b ./Core/Src/gpio.o
 .debug_macro   0x00025ffb      0x300 ./Core/Src/main.o
 .debug_macro   0x000262fb       0x61 ./Core/Src/main.o
 .debug_macro   0x0002635c       0x29 ./Core/Src/main.o
 .debug_macro   0x00026385       0x43 ./Core/Src/main.o
 .debug_macro   0x000263c8       0x34 ./Core/Src/main.o
 .debug_macro   0x000263fc       0x16 ./Core/Src/main.o
 .debug_macro   0x00026412       0x43 ./Core/Src/main.o
 .debug_macro   0x00026455       0x34 ./Core/Src/main.o
 .debug_macro   0x00026489       0x10 ./Core/Src/main.o
 .debug_macro   0x00026499       0x58 ./Core/Src/main.o
 .debug_macro   0x000264f1       0x8e ./Core/Src/main.o
 .debug_macro   0x0002657f       0x1c ./Core/Src/main.o
 .debug_macro   0x0002659b      0x177 ./Core/Src/main.o
 .debug_macro   0x00026712      0x369 ./Core/Src/main.o
 .debug_macro   0x00026a7b      0x19b ./Core/Src/main.o
 .debug_macro   0x00026c16      0x316 ./Core/Src/motor_control.o
 .debug_macro   0x00026f2c       0x16 ./Core/Src/motor_control.o
 .debug_macro   0x00026f42       0x35 ./Core/Src/motor_control.o
 .debug_macro   0x00026f77       0x16 ./Core/Src/motor_control.o
 .debug_macro   0x00026f8d       0x29 ./Core/Src/motor_control.o
 .debug_macro   0x00026fb6      0x2e2 ./Core/Src/sensor_control.o
 .debug_macro   0x00027298      0x201 ./Core/Src/stm32f7xx_hal_msp.o
 .debug_macro   0x00027499      0x20b ./Core/Src/stm32f7xx_it.o
 .debug_macro   0x000276a4      0x1f2 ./Core/Src/system_stm32f7xx.o
 .debug_macro   0x00027896      0x20b ./Core/Src/tim.o
 .debug_macro   0x00027aa1      0x216 ./Drivers/STM32F7xx_HAL_Driver/Src/stm32f7xx_hal.o
 .debug_macro   0x00027cb7      0x1f3 ./Drivers/STM32F7xx_HAL_Driver/Src/stm32f7xx_hal_adc.o
 .debug_macro   0x00027eaa      0x201 ./Drivers/STM32F7xx_HAL_Driver/Src/stm32f7xx_hal_can.o
 .debug_macro   0x000280ab      0x1f2 ./Drivers/STM32F7xx_HAL_Driver/Src/stm32f7xx_hal_cortex.o
 .debug_macro   0x0002829d      0x1f8 ./Drivers/STM32F7xx_HAL_Driver/Src/stm32f7xx_hal_gpio.o
 .debug_macro   0x00028495      0x20a ./Drivers/STM32F7xx_HAL_Driver/Src/stm32f7xx_hal_pwr_ex.o
 .debug_macro   0x0002869f      0x216 ./Drivers/STM32F7xx_HAL_Driver/Src/stm32f7xx_hal_rcc.o
 .debug_macro   0x000288b5      0x1f3 ./Drivers/STM32F7xx_HAL_Driver/Src/stm32f7xx_hal_tim.o
 .debug_macro   0x00028aa8      0x1f2 ./Drivers/STM32F7xx_HAL_Driver/Src/stm32f7xx_hal_tim_ex.o

.debug_line     0x00000000    0x1175b
 .debug_line    0x00000000      0x891 ./Core/Src/adc.o
 .debug_line    0x00000891      0xb70 ./Core/Src/can.o
 .debug_line    0x00001401      0x7bc ./Core/Src/gpio.o
 .debug_line    0x00001bbd      0x9e6 ./Core/Src/main.o
 .debug_line    0x000025a3      0xa57 ./Core/Src/motor_control.o
 .debug_line    0x00002ffa      0x9da ./Core/Src/sensor_control.o
 .debug_line    0x000039d4      0x78e ./Core/Src/stm32f7xx_hal_msp.o
 .debug_line    0x00004162      0x8c9 ./Core/Src/stm32f7xx_it.o
 .debug_line    0x00004a2b      0x811 ./Core/Src/system_stm32f7xx.o
 .debug_line    0x0000523c      0x7fc ./Core/Src/tim.o
 .debug_line    0x00005a38       0x7a ./Core/Startup/startup_stm32f767vitx.o
 .debug_line    0x00005ab2      0xae1 ./Drivers/STM32F7xx_HAL_Driver/Src/stm32f7xx_hal.o
 .debug_line    0x00006593     0x12e9 ./Drivers/STM32F7xx_HAL_Driver/Src/stm32f7xx_hal_adc.o
 .debug_line    0x0000787c     0x1230 ./Drivers/STM32F7xx_HAL_Driver/Src/stm32f7xx_hal_can.o
 .debug_line    0x00008aac      0xd53 ./Drivers/STM32F7xx_HAL_Driver/Src/stm32f7xx_hal_cortex.o
 .debug_line    0x000097ff      0xc37 ./Drivers/STM32F7xx_HAL_Driver/Src/stm32f7xx_hal_gpio.o
 .debug_line    0x0000a436      0xa35 ./Drivers/STM32F7xx_HAL_Driver/Src/stm32f7xx_hal_pwr_ex.o
 .debug_line    0x0000ae6b      0xf0f ./Drivers/STM32F7xx_HAL_Driver/Src/stm32f7xx_hal_rcc.o
 .debug_line    0x0000bd7a     0x3d6b ./Drivers/STM32F7xx_HAL_Driver/Src/stm32f7xx_hal_tim.o
 .debug_line    0x0000fae5     0x1c76 ./Drivers/STM32F7xx_HAL_Driver/Src/stm32f7xx_hal_tim_ex.o

.debug_str      0x00000000    0xfdf5b
 .debug_str     0x00000000    0xf655c ./Core/Src/adc.o
                              0xf6c95 (size before relaxing)
 .debug_str     0x000f655c     0x110c ./Core/Src/can.o
                              0xf7c3e (size before relaxing)
 .debug_str     0x000f7668       0x2c ./Core/Src/gpio.o
                              0xf6810 (size before relaxing)
 .debug_str     0x000f7694     0x3bae ./Core/Src/main.o
                              0xfab74 (size before relaxing)
 .debug_str     0x000fb242      0x1d1 ./Core/Src/motor_control.o
                              0xfa206 (size before relaxing)
 .debug_str     0x000fb413       0xd7 ./Core/Src/sensor_control.o
                              0xfa473 (size before relaxing)
 .debug_str     0x000fb4ea       0x2c ./Core/Src/stm32f7xx_hal_msp.o
                              0xf6745 (size before relaxing)
 .debug_str     0x000fb516      0x14d ./Core/Src/stm32f7xx_it.o
                              0xf6f14 (size before relaxing)
 .debug_str     0x000fb663      0x1a4 ./Core/Src/system_stm32f7xx.o
                              0xf6801 (size before relaxing)
 .debug_str     0x000fb807      0x142 ./Core/Src/tim.o
                              0xf74c2 (size before relaxing)
 .debug_str     0x000fb949       0x44 ./Core/Startup/startup_stm32f767vitx.o
                                 0x84 (size before relaxing)
 .debug_str     0x000fb98d      0x445 ./Drivers/STM32F7xx_HAL_Driver/Src/stm32f7xx_hal.o
                              0xf7241 (size before relaxing)
 .debug_str     0x000fbdd2      0x284 ./Drivers/STM32F7xx_HAL_Driver/Src/stm32f7xx_hal_adc.o
                              0xf6cfa (size before relaxing)
 .debug_str     0x000fc056      0x3d5 ./Drivers/STM32F7xx_HAL_Driver/Src/stm32f7xx_hal_can.o
                              0xf6e0f (size before relaxing)
 .debug_str     0x000fc42b      0x2a9 ./Drivers/STM32F7xx_HAL_Driver/Src/stm32f7xx_hal_cortex.o
                              0xf7223 (size before relaxing)
 .debug_str     0x000fc6d4       0xf7 ./Drivers/STM32F7xx_HAL_Driver/Src/stm32f7xx_hal_gpio.o
                              0xf68bf (size before relaxing)
 .debug_str     0x000fc7cb      0x1d1 ./Drivers/STM32F7xx_HAL_Driver/Src/stm32f7xx_hal_pwr_ex.o
                              0xf6a70 (size before relaxing)
 .debug_str     0x000fc99c      0x247 ./Drivers/STM32F7xx_HAL_Driver/Src/stm32f7xx_hal_rcc.o
                              0xf6b7c (size before relaxing)
 .debug_str     0x000fcbe3      0xdfe ./Drivers/STM32F7xx_HAL_Driver/Src/stm32f7xx_hal_tim.o
                              0xf7b24 (size before relaxing)
 .debug_str     0x000fd9e1      0x57a ./Drivers/STM32F7xx_HAL_Driver/Src/stm32f7xx_hal_tim_ex.o
                              0xf742a (size before relaxing)

.comment        0x00000000       0x43
 .comment       0x00000000       0x43 ./Core/Src/adc.o
                                 0x44 (size before relaxing)
 .comment       0x00000043       0x44 ./Core/Src/can.o
 .comment       0x00000043       0x44 ./Core/Src/gpio.o
 .comment       0x00000043       0x44 ./Core/Src/main.o
 .comment       0x00000043       0x44 ./Core/Src/motor_control.o
 .comment       0x00000043       0x44 ./Core/Src/sensor_control.o
 .comment       0x00000043       0x44 ./Core/Src/stm32f7xx_hal_msp.o
 .comment       0x00000043       0x44 ./Core/Src/stm32f7xx_it.o
 .comment       0x00000043       0x44 ./Core/Src/system_stm32f7xx.o
 .comment       0x00000043       0x44 ./Core/Src/tim.o
 .comment       0x00000043       0x44 ./Drivers/STM32F7xx_HAL_Driver/Src/stm32f7xx_hal.o
 .comment       0x00000043       0x44 ./Drivers/STM32F7xx_HAL_Driver/Src/stm32f7xx_hal_adc.o
 .comment       0x00000043       0x44 ./Drivers/STM32F7xx_HAL_Driver/Src/stm32f7xx_hal_can.o
 .comment       0x00000043       0x44 ./Drivers/STM32F7xx_HAL_Driver/Src/stm32f7xx_hal_cortex.o
 .comment       0x00000043       0x44 ./Drivers/STM32F7xx_HAL_Driver/Src/stm32f7xx_hal_gpio.o
 .comment       0x00000043       0x44 ./Drivers/STM32F7xx_HAL_Driver/Src/stm32f7xx_hal_pwr_ex.o
 .comment       0x00000043       0x44 ./Drivers/STM32F7xx_HAL_Driver/Src/stm32f7xx_hal_rcc.o
 .comment       0x00000043       0x44 ./Drivers/STM32F7xx_HAL_Driver/Src/stm32f7xx_hal_tim.o
 .comment       0x00000043       0x44 ./Drivers/STM32F7xx_HAL_Driver/Src/stm32f7xx_hal_tim_ex.o

.debug_frame    0x00000000     0x3880
 .debug_frame   0x00000000       0xa0 ./Core/Src/adc.o
 .debug_frame   0x000000a0      0x28c ./Core/Src/can.o
 .debug_frame   0x0000032c       0x34 ./Core/Src/gpio.o
 .debug_frame   0x00000360       0x8c ./Core/Src/main.o
 .debug_frame   0x000003ec       0x78 ./Core/Src/motor_control.o
 .debug_frame   0x00000464       0x84 ./Core/Src/sensor_control.o
 .debug_frame   0x000004e8       0x38 ./Core/Src/stm32f7xx_hal_msp.o
 .debug_frame   0x00000520      0x190 ./Core/Src/stm32f7xx_it.o
 .debug_frame   0x000006b0       0x58 ./Core/Src/system_stm32f7xx.o
 .debug_frame   0x00000708       0x7c ./Core/Src/tim.o
 .debug_frame   0x00000784      0x3f4 ./Drivers/STM32F7xx_HAL_Driver/Src/stm32f7xx_hal.o
 .debug_frame   0x00000b78      0x3fc ./Drivers/STM32F7xx_HAL_Driver/Src/stm32f7xx_hal_adc.o
 .debug_frame   0x00000f74      0x5a0 ./Drivers/STM32F7xx_HAL_Driver/Src/stm32f7xx_hal_can.o
 .debug_frame   0x00001514      0x4e8 ./Drivers/STM32F7xx_HAL_Driver/Src/stm32f7xx_hal_cortex.o
 .debug_frame   0x000019fc      0x14c ./Drivers/STM32F7xx_HAL_Driver/Src/stm32f7xx_hal_gpio.o
 .debug_frame   0x00001b48      0x1c8 ./Drivers/STM32F7xx_HAL_Driver/Src/stm32f7xx_hal_pwr_ex.o
 .debug_frame   0x00001d10      0x1f8 ./Drivers/STM32F7xx_HAL_Driver/Src/stm32f7xx_hal_rcc.o
 .debug_frame   0x00001f08     0x121c ./Drivers/STM32F7xx_HAL_Driver/Src/stm32f7xx_hal_tim.o
 .debug_frame   0x00003124      0x6b0 ./Drivers/STM32F7xx_HAL_Driver/Src/stm32f7xx_hal_tim_ex.o
 .debug_frame   0x000037d4       0x20 C:/ST/STM32CubeIDE_1.15.1/STM32CubeIDE/plugins/com.st.stm32cube.ide.mcu.externaltools.gnu-tools-for-stm32.12.3.rel1.win32_1.0.100.202403111256/tools/bin/../lib/gcc/arm-none-eabi/12.3.1/../../../../arm-none-eabi/lib/thumb/v7e-m+dp/hard\libc_nano.a(libc_a-memset.o)
 .debug_frame   0x000037f4       0x2c C:/ST/STM32CubeIDE_1.15.1/STM32CubeIDE/plugins/com.st.stm32cube.ide.mcu.externaltools.gnu-tools-for-stm32.12.3.rel1.win32_1.0.100.202403111256/tools/bin/../lib/gcc/arm-none-eabi/12.3.1/../../../../arm-none-eabi/lib/thumb/v7e-m+dp/hard\libc_nano.a(libc_a-init.o)
 .debug_frame   0x00003820       0x2c C:/ST/STM32CubeIDE_1.15.1/STM32CubeIDE/plugins/com.st.stm32cube.ide.mcu.externaltools.gnu-tools-for-stm32.12.3.rel1.win32_1.0.100.202403111256/tools/bin/../lib/gcc/arm-none-eabi/12.3.1/thumb/v7e-m+dp/hard\libgcc.a(_aeabi_uldivmod.o)
 .debug_frame   0x0000384c       0x34 C:/ST/STM32CubeIDE_1.15.1/STM32CubeIDE/plugins/com.st.stm32cube.ide.mcu.externaltools.gnu-tools-for-stm32.12.3.rel1.win32_1.0.100.202403111256/tools/bin/../lib/gcc/arm-none-eabi/12.3.1/thumb/v7e-m+dp/hard\libgcc.a(_udivmoddi4.o)

.debug_line_str
                0x00000000       0x68
 .debug_line_str
                0x00000000       0x68 ./Core/Startup/startup_stm32f767vitx.o
