2025-12-06 13:13:58,498 [INFO] Activator:176 - 


2025-12-06 13:13:58,498 [INFO] Activator:177 - !SESSION log4j initialized
2025-12-06 13:14:03,597 [INFO] LogOutputStream:77 - [STDOUT_REDIRECT] 
2025-12-06 13:14:05,705 [INFO] ApplicationProperties:184 - Using Application install path: C:\ST\STM32CubeIDE_1.18.0\STM32CubeIDE\plugins\com.st.stm32cube.common.mx_6.15.0.202507011659
2025-12-06 13:14:05,722 [INFO] DbMcusXml:78 - Set database path to: C:\ST\STM32CubeIDE_1.18.0\STM32CubeIDE\plugins\com.st.stm32cube.common.mx_6.15.0.202507011659\\db\/mcu/
2025-12-06 13:14:05,722 [INFO] ApiDb:274 - Set plugin database path to: C:\ST\STM32CubeIDE_1.18.0\STM32CubeIDE\plugins\com.st.stm32cube.common.mx_6.15.0.202507011659\\db\/plugins/boardmanager/
2025-12-06 13:14:05,722 [WARN] ApiDb:259 - Overriding images path with different value:  => C:\ST\STM32CubeIDE_1.18.0\STM32CubeIDE\plugins\com.st.stm32cube.common.mx_6.15.0.202507011659\\db\/plugins/mcufinder/images/
2025-12-06 13:14:05,729 [INFO] ApiDb:250 - Set database path to: C:\Users\Marek\.stmcufinder\plugins\mcufinder//mcu/
2025-12-06 13:14:05,730 [INFO] DbMcusAds:125 - Set database path to: C:\Users\Marek\.stmcufinder\plugins\mcufinder//mcu/
2025-12-06 13:14:05,732 [INFO] CrossReferenceDbSqlite:203 - Set database path to: C:\Users\Marek\.stmcufinder\plugins\mcufinder//mcu/cs/
2025-12-06 13:14:05,848 [INFO] RulesReader:64 - Compatibility file has been processed (317 Rules)
2025-12-06 13:14:05,923 [INFO] DbMcusXml:78 - Set database path to: C:\ST\STM32CubeIDE_1.18.0\STM32CubeIDE\plugins\com.st.stm32cube.common.mx_6.15.0.202507011659\\db\/mcu/
2025-12-06 13:14:05,923 [INFO] ApiDb:274 - Set plugin database path to: C:\ST\STM32CubeIDE_1.18.0\STM32CubeIDE\plugins\com.st.stm32cube.common.mx_6.15.0.202507011659\\db\/plugins/boardmanager/
2025-12-06 13:14:05,923 [INFO] ApiDb:261 - Set plugin images path to: C:\ST\STM32CubeIDE_1.18.0\STM32CubeIDE\plugins\com.st.stm32cube.common.mx_6.15.0.202507011659\\db\/plugins/mcufinder/images/
2025-12-06 13:14:05,923 [WARN] DbFile:41 - Overriding database path with different value: C:\Users\Marek\.stmcufinder\plugins\mcufinder/ => C:\Users\Marek\.stmcufinder\plugins\mcufinder
2025-12-06 13:14:05,923 [INFO] ApiDb:250 - Set database path to: C:\Users\Marek\.stmcufinder\plugins\mcufinder//mcu/
2025-12-06 13:14:05,924 [WARN] DbFile:41 - Overriding database path with different value: C:\Users\Marek\.stmcufinder\plugins\mcufinder/ => C:\Users\Marek\.stmcufinder\plugins\mcufinder
2025-12-06 13:14:05,924 [INFO] DbMcusAds:125 - Set database path to: C:\Users\Marek\.stmcufinder\plugins\mcufinder//mcu/
2025-12-06 13:14:05,924 [WARN] DbFile:41 - Overriding database path with different value: C:\Users\Marek\.stmcufinder\plugins\mcufinder/ => C:\Users\Marek\.stmcufinder\plugins\mcufinder
2025-12-06 13:14:05,924 [WARN] DbFile:41 - Overriding database path with different value: C:\Users\Marek\.stmcufinder\plugins\mcufinder/ => C:\Users\Marek\.stmcufinder\plugins\mcufinder
2025-12-06 13:14:05,924 [INFO] CrossReferenceDbSqlite:203 - Set database path to: C:\Users\Marek\.stmcufinder\plugins\mcufinder//mcu/cs/
2025-12-06 13:14:05,986 [INFO] MainPanel:274 - HeapMemory: 268435456
2025-12-06 13:14:06,083 [INFO] DbMcusXml:78 - Set database path to: C:\ST\STM32CubeIDE_1.18.0\STM32CubeIDE\plugins\com.st.stm32cube.common.mx_6.15.0.202507011659\\db\/mcu/
2025-12-06 13:14:06,083 [INFO] ApiDb:274 - Set plugin database path to: C:\ST\STM32CubeIDE_1.18.0\STM32CubeIDE\plugins\com.st.stm32cube.common.mx_6.15.0.202507011659\\db\/plugins/boardmanager/
2025-12-06 13:14:06,083 [INFO] ApiDb:261 - Set plugin images path to: C:\ST\STM32CubeIDE_1.18.0\STM32CubeIDE\plugins\com.st.stm32cube.common.mx_6.15.0.202507011659\\db\/plugins/mcufinder/images/
2025-12-06 13:14:06,083 [WARN] DbFile:41 - Overriding database path with different value: C:\Users\Marek\.stmcufinder\plugins\mcufinder/ => C:\Users\Marek\.stmcufinder\plugins\mcufinder
2025-12-06 13:14:06,083 [INFO] ApiDb:250 - Set database path to: C:\Users\Marek\.stmcufinder\plugins\mcufinder//mcu/
2025-12-06 13:14:06,083 [WARN] DbFile:41 - Overriding database path with different value: C:\Users\Marek\.stmcufinder\plugins\mcufinder/ => C:\Users\Marek\.stmcufinder\plugins\mcufinder
2025-12-06 13:14:06,083 [INFO] DbMcusAds:125 - Set database path to: C:\Users\Marek\.stmcufinder\plugins\mcufinder//mcu/
2025-12-06 13:14:06,084 [WARN] DbFile:41 - Overriding database path with different value: C:\Users\Marek\.stmcufinder\plugins\mcufinder/ => C:\Users\Marek\.stmcufinder\plugins\mcufinder
2025-12-06 13:14:06,084 [WARN] DbFile:41 - Overriding database path with different value: C:\Users\Marek\.stmcufinder\plugins\mcufinder/ => C:\Users\Marek\.stmcufinder\plugins\mcufinder
2025-12-06 13:14:06,084 [INFO] CrossReferenceDbSqlite:203 - Set database path to: C:\Users\Marek\.stmcufinder\plugins\mcufinder//mcu/cs/
2025-12-06 13:14:06,100 [INFO] ApplicationProperties:184 - Using Application install path: C:\ST\STM32CubeIDE_1.18.0\STM32CubeIDE\plugins\com.st.stm32cube.common.mx_6.15.0.202507011659
2025-12-06 13:14:06,101 [INFO] PluginManage:196 - Search for loadable plugins [exclusion list=, ]
2025-12-06 13:14:06,102 [INFO] PluginManage:310 - Check plugin analytics
2025-12-06 13:14:06,271 [INFO] AnalyticsPlugin:253 - Accepted Software Licenses: 
2025-12-06 13:14:06,271 [INFO] AnalyticsPlugin:255 - Accepted CMSIS Pack Licenses: 
2025-12-06 13:14:06,271 [INFO] AnalyticsPlugin:257 - Accepted Firmware Licenses: 
2025-12-06 13:14:06,274 [INFO] PluginManage:359 - Loaded plugin analytics (category:tool,tabindex:-1)
2025-12-06 13:14:06,274 [INFO] PluginManage:310 - Check plugin cadmodel
2025-12-06 13:14:06,296 [INFO] CADModel:105 - Init CAD model plugin
2025-12-06 13:14:06,296 [INFO] PluginManage:359 - Loaded plugin cadmodel (category:power,tabindex:5)
2025-12-06 13:14:06,296 [INFO] PluginManage:310 - Check plugin clock
2025-12-06 13:14:06,320 [INFO] PluginManage:359 - Loaded plugin clock (category:base,tabindex:2)
2025-12-06 13:14:06,321 [INFO] PluginManage:310 - Check plugin ddr
2025-12-06 13:14:06,323 [INFO] PluginManage:359 - Loaded plugin ddr (category:tool,tabindex:6)
2025-12-06 13:14:06,323 [INFO] PluginManage:310 - Check plugin filemanager
2025-12-06 13:14:06,463 [INFO] PluginManage:359 - Loaded plugin filemanager (category:base,tabindex:10)
2025-12-06 13:14:06,463 [INFO] PluginManage:310 - Check plugin ipmanager
2025-12-06 13:14:06,468 [INFO] PluginManage:359 - Loaded plugin ipmanager (category:base,tabindex:5)
2025-12-06 13:14:06,469 [INFO] PluginManage:310 - Check plugin lpbam
2025-12-06 13:14:06,488 [INFO] PluginManage:359 - Loaded plugin lpbam (category:base,tabindex:0)
2025-12-06 13:14:06,488 [INFO] PluginManage:310 - Check plugin memorymap
2025-12-06 13:14:06,514 [INFO] PluginManage:359 - Loaded plugin memorymap (category:base,tabindex:4)
2025-12-06 13:14:06,514 [INFO] PluginManage:310 - Check plugin pinoutandconfiguration
2025-12-06 13:14:06,533 [INFO] PluginManage:359 - Loaded plugin pinoutandconfiguration (category:base,tabindex:1)
2025-12-06 13:14:06,534 [INFO] PluginManage:310 - Check plugin pinoutconfig
2025-12-06 13:14:06,618 [WARN] SupportedApi:132 - Cannot load RTOS API schema: s4s-elt-must-match.1: The content of 'definitions' must match (annotation?, (simpleType | complexType)?, (unique | key | keyref)*)). A problem was found starting at: attribute.
2025-12-06 13:14:06,730 [INFO] PluginManage:359 - Loaded plugin pinoutconfig (category:base,tabindex:0)
2025-12-06 13:14:06,730 [INFO] PluginManage:310 - Check plugin power
2025-12-06 13:14:06,753 [INFO] PluginManage:359 - Loaded plugin power (category:power,tabindex:4)
2025-12-06 13:14:06,753 [INFO] PluginManage:310 - Check plugin projectmanager
2025-12-06 13:14:06,766 [INFO] PluginManage:359 - Loaded plugin projectmanager (category:projectmanager,tabindex:4)
2025-12-06 13:14:06,766 [INFO] PluginManage:310 - Check plugin rif
2025-12-06 13:14:06,788 [INFO] PluginManage:359 - Loaded plugin rif (category:base,tabindex:3)
2025-12-06 13:14:06,788 [INFO] PluginManage:310 - Check plugin thirdparty
2025-12-06 13:14:07,084 [INFO] PluginManage:359 - Loaded plugin thirdparty (category:base,tabindex:-1)
2025-12-06 13:14:07,084 [INFO] PluginManage:310 - Check plugin tools
2025-12-06 13:14:07,084 [WARN] IntegrityCheckThread:84 - waiting for thirdparty lock release [integrity check]
2025-12-06 13:14:07,085 [INFO] IntegrityCheckThread:86 - entering critical section [integrity check]
2025-12-06 13:14:07,085 [INFO] ThirdPartyUpdaterWithRetryManager:70 - Updater plugin not ready yet. [1/15]
2025-12-06 13:14:07,118 [INFO] PluginManage:359 - Loaded plugin tools (category:base,tabindex:7)
2025-12-06 13:14:07,119 [INFO] PluginManage:310 - Check plugin tutovideos
2025-12-06 13:14:07,301 [INFO] PluginManage:359 - Loaded plugin tutovideos (category:base,tabindex:-1)
2025-12-06 13:14:07,302 [INFO] PluginManage:310 - Check plugin updater
2025-12-06 13:14:07,320 [INFO] PluginManage:359 - Loaded plugin updater (category:base,tabindex:12)
2025-12-06 13:14:07,320 [INFO] PluginManage:310 - Check plugin userauth
2025-12-06 13:14:07,323 [INFO] UserAuth:118 - Init User Auth plugin
2025-12-06 13:14:07,324 [INFO] PluginManage:359 - Loaded plugin userauth (category:base,tabindex:14)
2025-12-06 13:14:07,324 [INFO] PluginManage:283 - PluginManage : Loaded plugins [18]
2025-12-06 13:14:07,500 [INFO] PinOutPanel:1589 - setPackage(No Configuration,No Configuration)
2025-12-06 13:14:07,592 [INFO] CADModel:165 - CPN selected for project level
2025-12-06 13:14:07,592 [INFO] CADModel:114 - Register for checkConnection events
2025-12-06 13:14:07,626 [INFO] IPUIPlugin:80 - create IPUIPlugin
2025-12-06 13:14:07,626 [INFO] PluginManager:220 - loadIPPluginJar : add adc
2025-12-06 13:14:07,673 [INFO] IPUIPlugin:80 - create IPUIPlugin
2025-12-06 13:14:07,673 [INFO] PluginManager:220 - loadIPPluginJar : add aes
2025-12-06 13:14:07,728 [INFO] IPUIPlugin:80 - create IPUIPlugin
2025-12-06 13:14:07,728 [INFO] PluginManager:220 - loadIPPluginJar : add can
2025-12-06 13:14:07,762 [INFO] IPUIPlugin:80 - create IPUIPlugin
2025-12-06 13:14:07,762 [INFO] PluginManager:220 - loadIPPluginJar : add comp
2025-12-06 13:14:07,799 [INFO] IPUIPlugin:80 - create IPUIPlugin
2025-12-06 13:14:07,799 [INFO] PluginManager:220 - loadIPPluginJar : add cryp
2025-12-06 13:14:07,813 [INFO] IPUIPlugin:80 - create IPUIPlugin
2025-12-06 13:14:07,813 [INFO] PluginManager:220 - loadIPPluginJar : add ddr_ctrl_phy
2025-12-06 13:14:07,841 [INFO] IPUIPlugin:80 - create IPUIPlugin
2025-12-06 13:14:07,841 [INFO] PluginManager:220 - loadIPPluginJar : add dfsdm
2025-12-06 13:14:07,857 [INFO] IPUIPlugin:80 - create IPUIPlugin
2025-12-06 13:14:07,857 [INFO] PluginManager:220 - loadIPPluginJar : add dma
2025-12-06 13:14:07,891 [INFO] IPUIPlugin:80 - create IPUIPlugin
2025-12-06 13:14:07,891 [INFO] PluginManager:220 - loadIPPluginJar : add dma3
2025-12-06 13:14:07,932 [INFO] IPUIPlugin:80 - create IPUIPlugin
2025-12-06 13:14:07,932 [INFO] PluginManager:220 - loadIPPluginJar : add extmemmanager
2025-12-06 13:14:07,954 [INFO] IPUIPlugin:80 - create IPUIPlugin
2025-12-06 13:14:07,954 [INFO] PluginManager:220 - loadIPPluginJar : add fatfs
2025-12-06 13:14:07,997 [INFO] IPUIPlugin:80 - create IPUIPlugin
2025-12-06 13:14:07,997 [INFO] PluginManager:220 - loadIPPluginJar : add fmc
2025-12-06 13:14:08,013 [INFO] IPUIPlugin:80 - create IPUIPlugin
2025-12-06 13:14:08,013 [INFO] PluginManager:220 - loadIPPluginJar : add freertos
2025-12-06 13:14:08,035 [INFO] IPUIPlugin:80 - create IPUIPlugin
2025-12-06 13:14:08,035 [INFO] PluginManager:220 - loadIPPluginJar : add genericplugin
2025-12-06 13:14:08,107 [INFO] IPUIPlugin:80 - create IPUIPlugin
2025-12-06 13:14:08,107 [INFO] PluginManager:220 - loadIPPluginJar : add gfxmmu
2025-12-06 13:14:08,210 [INFO] IPUIPlugin:80 - create IPUIPlugin
2025-12-06 13:14:08,210 [INFO] PluginManager:220 - loadIPPluginJar : add gic
2025-12-06 13:14:08,225 [INFO] IPUIPlugin:80 - create IPUIPlugin
2025-12-06 13:14:08,225 [INFO] PluginManager:220 - loadIPPluginJar : add gpio
2025-12-06 13:14:08,302 [INFO] IPUIPlugin:80 - create IPUIPlugin
2025-12-06 13:14:08,302 [INFO] PluginManager:220 - loadIPPluginJar : add gtzc
2025-12-06 13:14:08,333 [INFO] IPUIPlugin:80 - create IPUIPlugin
2025-12-06 13:14:08,333 [INFO] PluginManager:220 - loadIPPluginJar : add hash
2025-12-06 13:14:08,379 [INFO] IPUIPlugin:80 - create IPUIPlugin
2025-12-06 13:14:08,379 [INFO] PluginManager:220 - loadIPPluginJar : add i2c
2025-12-06 13:14:08,414 [INFO] IPUIPlugin:80 - create IPUIPlugin
2025-12-06 13:14:08,414 [INFO] PluginManager:220 - loadIPPluginJar : add i2s
2025-12-06 13:14:08,452 [INFO] IPUIPlugin:80 - create IPUIPlugin
2025-12-06 13:14:08,452 [INFO] PluginManager:220 - loadIPPluginJar : add i3c
2025-12-06 13:14:08,547 [INFO] IPUIPlugin:80 - create IPUIPlugin
2025-12-06 13:14:08,547 [INFO] PluginManager:220 - loadIPPluginJar : add ipddr
2025-12-06 13:14:08,622 [INFO] IPUIPlugin:80 - create IPUIPlugin
2025-12-06 13:14:08,622 [INFO] PluginManager:220 - loadIPPluginJar : add linkedlist
2025-12-06 13:14:08,655 [INFO] IPUIPlugin:80 - create IPUIPlugin
2025-12-06 13:14:08,656 [INFO] PluginManager:220 - loadIPPluginJar : add lorawan
2025-12-06 13:14:08,688 [INFO] IPUIPlugin:80 - create IPUIPlugin
2025-12-06 13:14:08,688 [INFO] PluginManager:220 - loadIPPluginJar : add ltdc
2025-12-06 13:14:08,703 [INFO] IPUIPlugin:80 - create IPUIPlugin
2025-12-06 13:14:08,703 [INFO] PluginManager:220 - loadIPPluginJar : add mdma
2025-12-06 13:14:08,717 [INFO] IPUIPlugin:80 - create IPUIPlugin
2025-12-06 13:14:08,717 [INFO] PluginManager:220 - loadIPPluginJar : add nvic
2025-12-06 13:14:08,752 [INFO] IPUIPlugin:80 - create IPUIPlugin
2025-12-06 13:14:08,752 [INFO] PluginManager:220 - loadIPPluginJar : add opamp
2025-12-06 13:14:08,807 [INFO] IPUIPlugin:80 - create IPUIPlugin
2025-12-06 13:14:08,807 [INFO] PluginManager:220 - loadIPPluginJar : add openamp
2025-12-06 13:14:08,848 [INFO] IPUIPlugin:80 - create IPUIPlugin
2025-12-06 13:14:08,848 [INFO] PluginManager:220 - loadIPPluginJar : add pdm2pcm
2025-12-06 13:14:08,866 [INFO] IPUIPlugin:80 - create IPUIPlugin
2025-12-06 13:14:08,868 [INFO] PluginManager:220 - loadIPPluginJar : add plateformsettings
2025-12-06 13:14:08,894 [INFO] IPUIPlugin:80 - create IPUIPlugin
2025-12-06 13:14:08,894 [INFO] PluginManager:220 - loadIPPluginJar : add quadspi
2025-12-06 13:14:08,920 [INFO] IPUIPlugin:80 - create IPUIPlugin
2025-12-06 13:14:08,920 [INFO] PluginManager:220 - loadIPPluginJar : add radio
2025-12-06 13:14:08,934 [INFO] IPUIPlugin:80 - create IPUIPlugin
2025-12-06 13:14:08,934 [INFO] PluginManager:220 - loadIPPluginJar : add resmgrutility
2025-12-06 13:14:08,977 [INFO] IPUIPlugin:80 - create IPUIPlugin
2025-12-06 13:14:08,977 [INFO] PluginManager:220 - loadIPPluginJar : add sai
2025-12-06 13:14:09,010 [INFO] IPUIPlugin:80 - create IPUIPlugin
2025-12-06 13:14:09,010 [INFO] PluginManager:220 - loadIPPluginJar : add spi
2025-12-06 13:14:09,079 [INFO] IPUIPlugin:80 - create IPUIPlugin
2025-12-06 13:14:09,079 [INFO] PluginManager:220 - loadIPPluginJar : add stm32_wpan
2025-12-06 13:14:09,104 [INFO] IPUIPlugin:80 - create IPUIPlugin
2025-12-06 13:14:09,104 [INFO] PluginManager:220 - loadIPPluginJar : add tim
2025-12-06 13:14:09,156 [INFO] IPUIPlugin:80 - create IPUIPlugin
2025-12-06 13:14:09,156 [INFO] PluginManager:220 - loadIPPluginJar : add touchsensing
2025-12-06 13:14:09,183 [INFO] IPUIPlugin:80 - create IPUIPlugin
2025-12-06 13:14:09,183 [INFO] PluginManager:220 - loadIPPluginJar : add tracer_emb
2025-12-06 13:14:09,207 [INFO] IPUIPlugin:80 - create IPUIPlugin
2025-12-06 13:14:09,208 [INFO] PluginManager:220 - loadIPPluginJar : add ts
2025-12-06 13:14:09,231 [INFO] IPUIPlugin:80 - create IPUIPlugin
2025-12-06 13:14:09,232 [INFO] PluginManager:220 - loadIPPluginJar : add tsc
2025-12-06 13:14:09,255 [INFO] IPUIPlugin:80 - create IPUIPlugin
2025-12-06 13:14:09,255 [INFO] PluginManager:220 - loadIPPluginJar : add ucpd
2025-12-06 13:14:09,294 [INFO] IPUIPlugin:80 - create IPUIPlugin
2025-12-06 13:14:09,294 [INFO] PluginManager:220 - loadIPPluginJar : add usart
2025-12-06 13:14:09,335 [INFO] IPUIPlugin:80 - create IPUIPlugin
2025-12-06 13:14:09,335 [INFO] PluginManager:220 - loadIPPluginJar : add usbx
2025-12-06 13:14:09,450 [FATAL] Updater:351 - Updater called before beeing initialized
2025-12-06 13:14:09,473 [INFO] RulesReader:64 - Compatibility file has been processed (317 Rules)
2025-12-06 13:14:09,482 [INFO] RulesReader:64 - Compatibility file has been processed (317 Rules)
2025-12-06 13:14:09,491 [INFO] CADModel:165 - CPN selected for project level
2025-12-06 13:14:09,491 [INFO] CADModel:114 - Register for checkConnection events
2025-12-06 13:14:09,491 [FATAL] Updater:351 - Updater called before beeing initialized
2025-12-06 13:14:09,491 [ERROR] CADModel:125 - Updater not yet initialized, retry later 
2025-12-06 13:14:09,639 [FATAL] Updater:351 - Updater called before beeing initialized
2025-12-06 13:14:09,640 [INFO] CADModel:165 - CPN selected for project level
2025-12-06 13:14:09,640 [INFO] CADModel:114 - Register for checkConnection events
2025-12-06 13:14:09,642 [FATAL] Updater:351 - Updater called before beeing initialized
2025-12-06 13:14:09,642 [ERROR] CADModel:125 - Updater not yet initialized, retry later 
2025-12-06 13:14:09,644 [FATAL] Updater:351 - Updater called before beeing initialized
2025-12-06 13:14:09,737 [FATAL] Updater:351 - Updater called before beeing initialized
2025-12-06 13:14:09,750 [INFO] DbMcusAds:53 - JSON generation date=Mon Nov 10 11:43:01 CET 2025 (1762771381096)
2025-12-06 13:14:09,750 [FATAL] Updater:351 - Updater called before beeing initialized
2025-12-06 13:14:09,783 [WARN] DetailPanel:346 - Failed to get advertising image, set to default
2025-12-06 13:14:09,851 [FATAL] Updater:351 - Updater called before beeing initialized
2025-12-06 13:14:09,852 [FATAL] Updater:351 - Updater called before beeing initialized
2025-12-06 13:14:09,852 [FATAL] Updater:351 - Updater called before beeing initialized
2025-12-06 13:14:09,853 [WARN] DetailPanel:346 - Failed to get advertising image, set to default
2025-12-06 13:14:09,853 [FATAL] Updater:351 - Updater called before beeing initialized
2025-12-06 13:14:09,906 [ERROR] Updater:1198 - MainUpdater not yet initialized. External WinMGr cannot be set.
2025-12-06 13:14:09,916 [INFO] Updater:1134 - Updater Version found : 6.15.0
2025-12-06 13:14:09,931 [INFO] ApplicationProperties:184 - Using Application install path: C:\ST\STM32CubeIDE_1.18.0\STM32CubeIDE\plugins\com.st.stm32cube.common.mx_6.15.0.202507011659
2025-12-06 13:14:10,087 [INFO] ThirdPartyUpdaterWithRetryManager:70 - Updater plugin not ready yet. [2/15]
2025-12-06 13:14:11,515 [ERROR] LogOutputStream:75 - [STDERR_REDIRECT] Dec 06, 2025 1:14:11 PM java.util.prefs.WindowsPreferences <init>
2025-12-06 13:14:11,516 [ERROR] LogOutputStream:75 - [STDERR_REDIRECT] WARNING: Could not open/create prefs root node Software\JavaSoft\Prefs at root 0xffffffff80000002. Windows RegCreateKeyEx(...) returned error code 5.
2025-12-06 13:14:11,516 [ERROR] LogOutputStream:75 - [STDERR_REDIRECT] 
2025-12-06 13:14:12,018 [INFO] MainUpdater:2872 - connection check result : 10
2025-12-06 13:14:12,018 [INFO] MainUpdater:289 - Updater Check For Update Now.
2025-12-06 13:14:12,019 [INFO] MicroXplorer:498 - Change Database Version : DB.6.0.150
2025-12-06 13:14:12,036 [INFO] McuFinderGlobals:63 - Set McuFinder mode to 2 (CubeIDE integrated)
2025-12-06 13:14:12,036 [INFO] UserAuth:171 - activating auth plugin
2025-12-06 13:14:12,040 [INFO] UserAuth:487 - Internet connection configuration mode: 1
2025-12-06 13:14:12,083 [INFO] JxBrowserEngine:152 - Initiate JxBrowser Engine with user profile folder
2025-12-06 13:14:12,222 [INFO] CheckServerUpdateThread:120 - End of CheckServer Thread
2025-12-06 13:14:13,435 [INFO] WebApp:169 - Instantiating new browser for Auth
2025-12-06 13:14:13,720 [WARN] PackLoader:240 - Cannot read IP mode file for STMicroelectronics.FP-SNS-MOTENVWB1.1.4.0
2025-12-06 13:14:13,745 [WARN] PackLoader:240 - Cannot read IP mode file for STMicroelectronics.FP-ATR-ASTRA1.2.0.2
2025-12-06 13:14:13,769 [WARN] PackLoader:240 - Cannot read IP mode file for STMicroelectronics.X-CUBE-SMBUS.2.1.0
2025-12-06 13:14:13,794 [WARN] PackLoader:240 - Cannot read IP mode file for STMicroelectronics.X-CUBE-WB05N.1.1.0
2025-12-06 13:14:13,815 [WARN] PackLoader:240 - Cannot read IP mode file for STMicroelectronics.X-CUBE-ST60.1.0.0
2025-12-06 13:14:13,858 [WARN] PackLoader:240 - Cannot read IP mode file for STMicroelectronics.X-CUBE-AZRTOS-F7.1.1.0
2025-12-06 13:14:13,878 [WARN] PackLoader:240 - Cannot read IP mode file for STMicroelectronics.FP-SNS-MOTENV1.5.1.0
2025-12-06 13:14:13,921 [WARN] PackLoader:240 - Cannot read IP mode file for Infineon.AIROC-Wi-Fi-Bluetooth-STM32.1.7.0
2025-12-06 13:14:13,958 [WARN] PackLoader:240 - Cannot read IP mode file for STMicroelectronics.X-CUBE-AZRTOS-H7.3.4.0
2025-12-06 13:14:13,979 [WARN] PackLoader:240 - Cannot read IP mode file for STMicroelectronics.X-CUBE-DISPLAY.3.0.0
2025-12-06 13:14:13,999 [WARN] PackLoader:240 - Cannot read IP mode file for STMicroelectronics.X-CUBE-NFC10.1.0.0
2025-12-06 13:14:14,018 [WARN] PackLoader:240 - Cannot read IP mode file for STMicroelectronics.X-CUBE-BLEMGR.4.0.0
2025-12-06 13:14:14,034 [WARN] PackLoader:240 - Cannot read IP mode file for STMicroelectronics.X-CUBE-ST60.1.1.0
2025-12-06 13:14:14,051 [WARN] PackLoader:240 - Cannot read IP mode file for emotas.I-CUBE-CANOPEN.1.3.0
2025-12-06 13:14:14,068 [WARN] PackLoader:240 - Cannot read IP mode file for STMicroelectronics.X-CUBE-GNSS1.7.1.0
2025-12-06 13:14:14,085 [WARN] ConditionMgr:438 - getConditionDescription Invalid condition id : Cortex-A Device cause : null
2025-12-06 13:14:14,110 [WARN] ConditionMgr:1044 - genDependencies : Invalid condition id : Cortex-A Device cause : null
2025-12-06 13:14:14,110 [WARN] ConditionMgr:1044 - genDependencies : Invalid condition id : Cortex-A Device cause : null
2025-12-06 13:14:14,110 [WARN] ConditionMgr:1044 - genDependencies : Invalid condition id : Cortex-A Device cause : null
2025-12-06 13:14:14,128 [WARN] PackLoader:240 - Cannot read IP mode file for STMicroelectronics.X-CUBE-AI.10.0.0
2025-12-06 13:14:14,146 [WARN] PackLoader:240 - Cannot read IP mode file for STMicroelectronics.FP-SNS-STBOX1.2.1.0
2025-12-06 13:14:14,163 [WARN] PackLoader:240 - Cannot read IP mode file for STMicroelectronics.FP-SNS-SMARTAG2.1.2.0
2025-12-06 13:14:14,180 [WARN] PackLoader:240 - Cannot read IP mode file for STMicroelectronics.FP-SNS-FLIGHT1.5.1.0
2025-12-06 13:14:14,224 [WARN] PackLoader:240 - Cannot read IP mode file for STMicroelectronics.X-CUBE-MEMS1.11.1.0
2025-12-06 13:14:14,353 [INFO] LogOutputStream:77 - [STDOUT_REDIRECT] 1 : Invalid condition id : UX_CORESTACK_Condition cause : null
2025-12-06 13:14:14,354 [INFO] LogOutputStream:77 - [STDOUT_REDIRECT] 1 : Invalid condition id : UX_CORESTACK_Condition cause : null
2025-12-06 13:14:14,355 [INFO] LogOutputStream:77 - [STDOUT_REDIRECT] 1 : Invalid condition id : UX_CORESTACK_Condition cause : null
2025-12-06 13:14:14,356 [INFO] LogOutputStream:77 - [STDOUT_REDIRECT] 1 : Invalid condition id : UX_CORESTACK_Condition cause : null
2025-12-06 13:14:14,357 [INFO] LogOutputStream:77 - [STDOUT_REDIRECT] 1 : Invalid condition id : UX_CORESTACK_Condition cause : null
2025-12-06 13:14:14,360 [WARN] PackLoader:240 - Cannot read IP mode file for STMicroelectronics.X-CUBE-AZRTOS-WL.2.0.0
2025-12-06 13:14:14,379 [WARN] PackLoader:240 - Cannot read IP mode file for STMicroelectronics.FP-SNS-MOTENV1.5.0.0
2025-12-06 13:14:14,413 [WARN] PackLoader:240 - Cannot read IP mode file for STMicroelectronics.X-CUBE-AZRTOS-H7RS.1.2.0
2025-12-06 13:14:14,452 [WARN] PackLoader:240 - Cannot read IP mode file for WES.I-CUBE-Cesium.1.3.0
2025-12-06 13:14:14,473 [WARN] PackLoader:240 - Cannot read IP mode file for STMicroelectronics.X-CUBE-BLE2.3.3.0
2025-12-06 13:14:14,565 [INFO] WebApp:463 - Apply proxy settings
2025-12-06 13:14:14,565 [INFO] WebApp:548 - Chromium requires no authentication
2025-12-06 13:14:14,566 [WARN] PackLoader:240 - Cannot read IP mode file for STMicroelectronics.X-CUBE-NFC9.1.0.0
2025-12-06 13:14:14,596 [WARN] PackLoader:240 - Cannot read IP mode file for STMicroelectronics.X-CUBE-BLE1.7.1.0
2025-12-06 13:14:14,603 [INFO] WebApp:491 - Direct internet connection detected
2025-12-06 13:14:14,627 [WARN] PackLoader:240 - Cannot read IP mode file for wolfSSL.I-CUBE-wolfMQTT.1.19.2
2025-12-06 13:14:14,645 [WARN] PackLoader:240 - Cannot read IP mode file for STMicroelectronics.X-CUBE-FREERTOS.1.4.0
2025-12-06 13:14:14,663 [WARN] PackLoader:240 - Cannot read IP mode file for STMicroelectronics.X-CUBE-EEPRMA1.5.2.0
2025-12-06 13:14:14,682 [WARN] PackLoader:240 - Cannot read IP mode file for STMicroelectronics.X-CUBE-ST67W61.1.1.0
2025-12-06 13:14:14,687 [INFO] WebApp:900 - Register for checkConnection events
2025-12-06 13:14:14,687 [INFO] WebApp:463 - Apply proxy settings
2025-12-06 13:14:14,687 [INFO] WebApp:548 - Chromium requires no authentication
2025-12-06 13:14:14,688 [INFO] WebApp:491 - Direct internet connection detected
2025-12-06 13:14:14,714 [WARN] PackLoader:240 - Cannot read IP mode file for STMicroelectronics.X-CUBE-AI.10.1.0
2025-12-06 13:14:14,772 [WARN] PackLoader:240 - Cannot read IP mode file for STMicroelectronics.X-CUBE-MEMS1.12.0.0
2025-12-06 13:14:14,870 [WARN] PackLoader:240 - Cannot read IP mode file for STMicroelectronics.X-CUBE-MEMS1.11.2.0
2025-12-06 13:14:14,969 [WARN] PackLoader:240 - Cannot read IP mode file for STMicroelectronics.X-CUBE-AZRTOS-G0.1.1.0
2025-12-06 13:14:14,988 [WARN] PackLoader:240 - Cannot read IP mode file for STMicroelectronics.X-CUBE-SAFEA1.1.2.2
2025-12-06 13:14:15,009 [WARN] PackLoader:240 - Cannot read IP mode file for STMicroelectronics.X-CUBE-NFC4.3.0.0
2025-12-06 13:14:15,032 [WARN] PackLoader:240 - Cannot read IP mode file for EmbeddedOffice.I-CUBE-FS-RTOS.1.0.1
2025-12-06 13:14:15,052 [WARN] PackLoader:240 - Cannot read IP mode file for STMicroelectronics.X-CUBE-WB05N.2.0.0
2025-12-06 13:14:15,069 [WARN] PackLoader:240 - Cannot read IP mode file for wolfSSL.I-CUBE-wolfTPM.3.8.0
2025-12-06 13:14:15,084 [WARN] PackLoader:240 - Cannot read IP mode file for STMicroelectronics.X-CUBE-TCPP.4.2.0
2025-12-06 13:14:15,101 [WARN] PackLoader:240 - Cannot read IP mode file for RealThread.X-CUBE-RT-Thread_Nano.4.1.1
2025-12-06 13:14:15,108 [INFO] WebApp:225 - Starting web application
2025-12-06 13:14:15,108 [INFO] WebApp:593 - Web application path used C:\ST\STM32CubeIDE_1.18.0\STM32CubeIDE\plugins\com.st.stm32cube.common.mx_6.15.0.202507011659\db\plugins\mcufinder\reactClient1\index.html
2025-12-06 13:14:15,118 [WARN] PackLoader:240 - Cannot read IP mode file for STMicroelectronics.FP-ATR-SIGFOX1.3.2.0
2025-12-06 13:14:15,134 [WARN] PackLoader:240 - Cannot read IP mode file for STMicroelectronics.X-CUBE-EEPRMA1.5.1.0
2025-12-06 13:14:15,151 [WARN] PackLoader:240 - Cannot read IP mode file for wolfSSL.I-CUBE-wolfSSL.5.7.6
2025-12-06 13:14:15,168 [WARN] PackLoader:240 - Cannot read IP mode file for ITTIA_DB.I-CUBE-ITTIADB.8.9.0
2025-12-06 13:14:15,186 [WARN] PackLoader:240 - Cannot read IP mode file for STMicroelectronics.X-CUBE-ST67W61.1.0.0
2025-12-06 13:14:15,200 [WARN] PackLoader:240 - Cannot read IP mode file for STMicroelectronics.X-CUBE-AI.10.2.0
2025-12-06 13:14:15,225 [WARN] PackLoader:240 - Cannot read IP mode file for SEGGER.I-CUBE-embOS.1.3.1
2025-12-06 13:14:15,266 [WARN] PackLoader:240 - Cannot read IP mode file for STMicroelectronics.X-CUBE-ALGOBUILD.1.4.0
2025-12-06 13:14:15,322 [WARN] PackLoader:240 - Cannot read IP mode file for STMicroelectronics.X-CUBE-MEMS1.11.3.0
2025-12-06 13:14:15,381 [WARN] PackLoader:240 - Cannot read IP mode file for STMicroelectronics.X-CUBE-PM33A1.1.0.0
2025-12-06 13:14:15,411 [WARN] PackLoader:240 - Cannot read IP mode file for STMicroelectronics.X-CUBE-AZRTOS-F4.1.1.0
2025-12-06 13:14:15,427 [WARN] PackLoader:240 - Cannot read IP mode file for Avnet-IotConnect.X-CUBE-IoTC-DA16k-PMOD.1.0.0
2025-12-06 13:14:15,441 [WARN] PackLoader:240 - Cannot read IP mode file for STMicroelectronics.X-CUBE-ISPU.2.1.0
2025-12-06 13:14:15,462 [WARN] PackLoader:240 - Cannot read IP mode file for STMicroelectronics.X-CUBE-IPS.3.2.0
2025-12-06 13:14:15,480 [WARN] PackLoader:240 - Cannot read IP mode file for STMicroelectronics.X-CUBE-NFC12.1.0.0
2025-12-06 13:14:15,506 [WARN] PackLoader:240 - Cannot read IP mode file for STMicroelectronics.X-CUBE-AZRTOS-L5.2.0.0
2025-12-06 13:14:15,524 [WARN] PackLoader:240 - Cannot read IP mode file for STMicroelectronics.X-CUBE-NFC6.3.1.0
2025-12-06 13:14:15,540 [WARN] PackLoader:240 - Cannot read IP mode file for STMicroelectronics.X-CUBE-FREERTOS.1.3.1
2025-12-06 13:14:15,557 [WARN] PackLoader:240 - Cannot read IP mode file for STMicroelectronics.X-CUBE-FREERTOS.1.3.0
2025-12-06 13:14:15,573 [WARN] PackLoader:240 - Cannot read IP mode file for STMicroelectronics.X-CUBE-NFC7.1.0.1
2025-12-06 13:14:15,590 [WARN] PackLoader:240 - Cannot read IP mode file for STMicroelectronics.X-CUBE-TOUCHGFX.4.26.0
2025-12-06 13:14:15,607 [WARN] PackLoader:240 - Cannot read IP mode file for STMicroelectronics.FP-SNS-STAIOTCFT.1.0.0
2025-12-06 13:14:15,625 [WARN] PackLoader:240 - Cannot read IP mode file for STMicroelectronics.X-CUBE-DPower.1.3.0
2025-12-06 13:14:15,656 [WARN] ConditionMgr:438 - getConditionDescription Invalid condition id : LAN8742 Phy interface Condition cause : null
2025-12-06 13:14:15,656 [WARN] PackLoader:240 - Cannot read IP mode file for STMicroelectronics.X-CUBE-AZRTOS-L4.2.0.0
2025-12-06 13:14:15,656 [WARN] ConditionMgr:1044 - genDependencies : Invalid condition id : LAN8742 Phy interface Condition cause : null
2025-12-06 13:14:15,656 [WARN] ConditionMgr:1044 - genDependencies : Invalid condition id : LAN8742 Phy interface Condition cause : null
2025-12-06 13:14:15,657 [WARN] ConditionMgr:1044 - genDependencies : Invalid condition id : LAN8742 Phy interface Condition cause : null
2025-12-06 13:14:15,680 [WARN] PackLoader:240 - Cannot read IP mode file for STMicroelectronics.X-CUBE-SFXS2LP1.4.0.0
2025-12-06 13:14:15,719 [WARN] PackLoader:240 - Cannot read IP mode file for STMicroelectronics.X-CUBE-AZRTOS-H7.3.3.0
2025-12-06 13:14:15,739 [WARN] PackLoader:240 - Cannot read IP mode file for STMicroelectronics.X-CUBE-BLEMGR.4.1.0
2025-12-06 13:14:15,765 [WARN] ConditionMgr:438 - getConditionDescription Invalid condition id : UX DEVICE CLASS RTOS Condition cause : null
2025-12-06 13:14:15,765 [WARN] ConditionMgr:438 - getConditionDescription Invalid condition id : UX DEVICE CLASS RTOS Condition cause : null
2025-12-06 13:14:15,766 [WARN] PackLoader:240 - Cannot read IP mode file for STMicroelectronics.X-CUBE-AZRTOS-WB.2.0.0
2025-12-06 13:14:15,767 [WARN] ConditionMgr:1044 - genDependencies : Invalid condition id : UX DEVICE CLASS RTOS Condition cause : null
2025-12-06 13:14:15,767 [WARN] ConditionMgr:1044 - genDependencies : Invalid condition id : UX DEVICE CLASS RTOS Condition cause : null
2025-12-06 13:14:15,767 [WARN] ConditionMgr:1044 - genDependencies : Invalid condition id : UX DEVICE CLASS RTOS Condition cause : null
2025-12-06 13:14:15,767 [WARN] ConditionMgr:1044 - genDependencies : Invalid condition id : UX DEVICE CLASS RTOS Condition cause : null
2025-12-06 13:14:15,767 [WARN] ConditionMgr:1044 - genDependencies : Invalid condition id : UX DEVICE CLASS RTOS Condition cause : null
2025-12-06 13:14:15,786 [WARN] PackLoader:240 - Cannot read IP mode file for STMicroelectronics.X-CUBE-GNSS1.7.0.1
2025-12-06 13:14:15,802 [WARN] PackLoader:240 - Cannot read IP mode file for STMicroelectronics.X-CUBE-TOUCHGFX.4.25.0
2025-12-06 13:14:15,820 [WARN] PackLoader:240 - Cannot read IP mode file for STMicroelectronics.FP-SNS-STBOX1.2.0.0
2025-12-06 13:14:15,838 [INFO] WebApp:191 - Connection restablished
2025-12-06 13:14:15,845 [WARN] PackLoader:240 - Cannot read IP mode file for STMicroelectronics.X-CUBE-SUBG2.5.0.0
2025-12-06 13:14:15,879 [WARN] PackLoader:240 - Cannot read IP mode file for STMicroelectronics.X-CUBE-AZRTOS-H7RS.1.1.0
2025-12-06 13:14:15,902 [WARN] PackLoader:240 - Cannot read IP mode file for Cesanta.I-CUBE-Mongoose.7.13.0
2025-12-06 13:14:15,930 [WARN] PackLoader:240 - Cannot read IP mode file for STMicroelectronics.X-CUBE-AZRTOS-G4.2.0.0
2025-12-06 13:14:15,946 [WARN] PackLoader:240 - Cannot read IP mode file for wolfSSL.I-CUBE-wolfSSH.1.4.20
2025-12-06 13:14:15,961 [WARN] PackLoader:240 - Cannot read IP mode file for STMicroelectronics.X-CUBE-NFC7.2.0.0
2025-12-06 13:14:15,980 [WARN] PackLoader:240 - Cannot read IP mode file for STMicroelectronics.X-CUBE-IPS.3.1.0
2025-12-06 13:14:15,997 [WARN] PackLoader:240 - Cannot read IP mode file for STMicroelectronics.X-CUBE-ALS.1.0.2
2025-12-06 13:14:16,020 [WARN] PackLoader:240 - Cannot read IP mode file for STMicroelectronics.X-CUBE-STSE01.1.0.0
2025-12-06 13:14:16,043 [WARN] PackLoader:240 - Cannot read IP mode file for portGmbH.I-Cube-SoM-uGOAL.1.1.0
2025-12-06 13:14:16,063 [WARN] PackLoader:240 - Cannot read IP mode file for STMicroelectronics.X-CUBE-TOF1.3.4.2
2025-12-06 13:14:16,088 [WARN] PackLoader:240 - Cannot read IP mode file for STMicroelectronics.X-CUBE-TOF1.3.4.3
2025-12-06 13:14:16,093 [INFO] ThirdParty:978 - Integrity check success = true
2025-12-06 13:14:16,093 [INFO] IntegrityCheckThread:100 - exiting critical section [integrity check]
2025-12-06 13:14:16,093 [INFO] IntegrityCheckThread:103 - End integrity checks thread
2025-12-06 13:15:00,895 [ERROR] LogOutputStream:75 - [STDERR_REDIRECT] 
