2025-12-05 19:33:15,938 [INFO] Activator:176 - 


2025-12-05 19:33:15,942 [INFO] Activator:177 - !SESSION log4j initialized
2025-12-05 19:33:18,394 [INFO] LogOutputStream:77 - [STDOUT_REDIRECT] 
2025-12-05 19:33:37,248 [INFO] ApplicationProperties:184 - Using Application install path: C:\ST\STM32CubeIDE_1.18.0\STM32CubeIDE\plugins\com.st.stm32cube.common.mx_6.15.0.202507011659
2025-12-05 19:33:37,268 [INFO] DbMcusXml:78 - Set database path to: C:\ST\STM32CubeIDE_1.18.0\STM32CubeIDE\plugins\com.st.stm32cube.common.mx_6.15.0.202507011659\\db\/mcu/
2025-12-05 19:33:37,268 [INFO] ApiDb:274 - Set plugin database path to: C:\ST\STM32CubeIDE_1.18.0\STM32CubeIDE\plugins\com.st.stm32cube.common.mx_6.15.0.202507011659\\db\/plugins/boardmanager/
2025-12-05 19:33:37,268 [WARN] ApiDb:259 - Overriding images path with different value:  => C:\ST\STM32CubeIDE_1.18.0\STM32CubeIDE\plugins\com.st.stm32cube.common.mx_6.15.0.202507011659\\db\/plugins/mcufinder/images/
2025-12-05 19:33:37,276 [INFO] ApiDb:250 - Set database path to: C:\Users\Marek\.stmcufinder\plugins\mcufinder//mcu/
2025-12-05 19:33:37,278 [INFO] DbMcusAds:125 - Set database path to: C:\Users\Marek\.stmcufinder\plugins\mcufinder//mcu/
2025-12-05 19:33:37,287 [INFO] CrossReferenceDbSqlite:203 - Set database path to: C:\Users\Marek\.stmcufinder\plugins\mcufinder//mcu/cs/
2025-12-05 19:33:37,401 [INFO] RulesReader:64 - Compatibility file has been processed (317 Rules)
2025-12-05 19:33:37,519 [INFO] DbMcusXml:78 - Set database path to: C:\ST\STM32CubeIDE_1.18.0\STM32CubeIDE\plugins\com.st.stm32cube.common.mx_6.15.0.202507011659\\db\/mcu/
2025-12-05 19:33:37,519 [INFO] ApiDb:274 - Set plugin database path to: C:\ST\STM32CubeIDE_1.18.0\STM32CubeIDE\plugins\com.st.stm32cube.common.mx_6.15.0.202507011659\\db\/plugins/boardmanager/
2025-12-05 19:33:37,519 [INFO] ApiDb:261 - Set plugin images path to: C:\ST\STM32CubeIDE_1.18.0\STM32CubeIDE\plugins\com.st.stm32cube.common.mx_6.15.0.202507011659\\db\/plugins/mcufinder/images/
2025-12-05 19:33:37,519 [WARN] DbFile:41 - Overriding database path with different value: C:\Users\Marek\.stmcufinder\plugins\mcufinder/ => C:\Users\Marek\.stmcufinder\plugins\mcufinder
2025-12-05 19:33:37,519 [INFO] ApiDb:250 - Set database path to: C:\Users\Marek\.stmcufinder\plugins\mcufinder//mcu/
2025-12-05 19:33:37,519 [WARN] DbFile:41 - Overriding database path with different value: C:\Users\Marek\.stmcufinder\plugins\mcufinder/ => C:\Users\Marek\.stmcufinder\plugins\mcufinder
2025-12-05 19:33:37,520 [INFO] DbMcusAds:125 - Set database path to: C:\Users\Marek\.stmcufinder\plugins\mcufinder//mcu/
2025-12-05 19:33:37,520 [WARN] DbFile:41 - Overriding database path with different value: C:\Users\Marek\.stmcufinder\plugins\mcufinder/ => C:\Users\Marek\.stmcufinder\plugins\mcufinder
2025-12-05 19:33:37,520 [WARN] DbFile:41 - Overriding database path with different value: C:\Users\Marek\.stmcufinder\plugins\mcufinder/ => C:\Users\Marek\.stmcufinder\plugins\mcufinder
2025-12-05 19:33:37,520 [INFO] CrossReferenceDbSqlite:203 - Set database path to: C:\Users\Marek\.stmcufinder\plugins\mcufinder//mcu/cs/
2025-12-05 19:33:37,602 [INFO] MainPanel:274 - HeapMemory: 268435456
2025-12-05 19:33:37,727 [INFO] DbMcusXml:78 - Set database path to: C:\ST\STM32CubeIDE_1.18.0\STM32CubeIDE\plugins\com.st.stm32cube.common.mx_6.15.0.202507011659\\db\/mcu/
2025-12-05 19:33:37,727 [INFO] ApiDb:274 - Set plugin database path to: C:\ST\STM32CubeIDE_1.18.0\STM32CubeIDE\plugins\com.st.stm32cube.common.mx_6.15.0.202507011659\\db\/plugins/boardmanager/
2025-12-05 19:33:37,727 [INFO] ApiDb:261 - Set plugin images path to: C:\ST\STM32CubeIDE_1.18.0\STM32CubeIDE\plugins\com.st.stm32cube.common.mx_6.15.0.202507011659\\db\/plugins/mcufinder/images/
2025-12-05 19:33:37,728 [WARN] DbFile:41 - Overriding database path with different value: C:\Users\Marek\.stmcufinder\plugins\mcufinder/ => C:\Users\Marek\.stmcufinder\plugins\mcufinder
2025-12-05 19:33:37,728 [INFO] ApiDb:250 - Set database path to: C:\Users\Marek\.stmcufinder\plugins\mcufinder//mcu/
2025-12-05 19:33:37,728 [WARN] DbFile:41 - Overriding database path with different value: C:\Users\Marek\.stmcufinder\plugins\mcufinder/ => C:\Users\Marek\.stmcufinder\plugins\mcufinder
2025-12-05 19:33:37,728 [INFO] DbMcusAds:125 - Set database path to: C:\Users\Marek\.stmcufinder\plugins\mcufinder//mcu/
2025-12-05 19:33:37,728 [WARN] DbFile:41 - Overriding database path with different value: C:\Users\Marek\.stmcufinder\plugins\mcufinder/ => C:\Users\Marek\.stmcufinder\plugins\mcufinder
2025-12-05 19:33:37,728 [WARN] DbFile:41 - Overriding database path with different value: C:\Users\Marek\.stmcufinder\plugins\mcufinder/ => C:\Users\Marek\.stmcufinder\plugins\mcufinder
2025-12-05 19:33:37,728 [INFO] CrossReferenceDbSqlite:203 - Set database path to: C:\Users\Marek\.stmcufinder\plugins\mcufinder//mcu/cs/
2025-12-05 19:33:37,750 [INFO] ApplicationProperties:184 - Using Application install path: C:\ST\STM32CubeIDE_1.18.0\STM32CubeIDE\plugins\com.st.stm32cube.common.mx_6.15.0.202507011659
2025-12-05 19:33:37,752 [INFO] PluginManage:196 - Search for loadable plugins [exclusion list=, ]
2025-12-05 19:33:37,753 [INFO] PluginManage:310 - Check plugin analytics
2025-12-05 19:33:37,946 [INFO] AnalyticsPlugin:253 - Accepted Software Licenses: 
2025-12-05 19:33:37,946 [INFO] AnalyticsPlugin:255 - Accepted CMSIS Pack Licenses: 
2025-12-05 19:33:37,946 [INFO] AnalyticsPlugin:257 - Accepted Firmware Licenses: 
2025-12-05 19:33:37,947 [INFO] PluginManage:359 - Loaded plugin analytics (category:tool,tabindex:-1)
2025-12-05 19:33:37,947 [INFO] PluginManage:310 - Check plugin cadmodel
2025-12-05 19:33:37,951 [INFO] CADModel:105 - Init CAD model plugin
2025-12-05 19:33:37,951 [INFO] PluginManage:359 - Loaded plugin cadmodel (category:power,tabindex:5)
2025-12-05 19:33:37,952 [INFO] PluginManage:310 - Check plugin clock
2025-12-05 19:33:37,958 [INFO] PluginManage:359 - Loaded plugin clock (category:base,tabindex:2)
2025-12-05 19:33:37,959 [INFO] PluginManage:310 - Check plugin ddr
2025-12-05 19:33:37,961 [INFO] PluginManage:359 - Loaded plugin ddr (category:tool,tabindex:6)
2025-12-05 19:33:37,961 [INFO] PluginManage:310 - Check plugin filemanager
2025-12-05 19:33:38,080 [INFO] PluginManage:359 - Loaded plugin filemanager (category:base,tabindex:10)
2025-12-05 19:33:38,081 [INFO] PluginManage:310 - Check plugin ipmanager
2025-12-05 19:33:38,087 [INFO] PluginManage:359 - Loaded plugin ipmanager (category:base,tabindex:5)
2025-12-05 19:33:38,088 [INFO] PluginManage:310 - Check plugin lpbam
2025-12-05 19:33:38,095 [INFO] PluginManage:359 - Loaded plugin lpbam (category:base,tabindex:0)
2025-12-05 19:33:38,095 [INFO] PluginManage:310 - Check plugin memorymap
2025-12-05 19:33:38,107 [INFO] PluginManage:359 - Loaded plugin memorymap (category:base,tabindex:4)
2025-12-05 19:33:38,108 [INFO] PluginManage:310 - Check plugin pinoutandconfiguration
2025-12-05 19:33:38,115 [INFO] PluginManage:359 - Loaded plugin pinoutandconfiguration (category:base,tabindex:1)
2025-12-05 19:33:38,115 [INFO] PluginManage:310 - Check plugin pinoutconfig
2025-12-05 19:33:38,202 [WARN] SupportedApi:132 - Cannot load RTOS API schema: s4s-elt-must-match.1: The content of 'definitions' must match (annotation?, (simpleType | complexType)?, (unique | key | keyref)*)). A problem was found starting at: attribute.
2025-12-05 19:33:38,328 [INFO] PluginManage:359 - Loaded plugin pinoutconfig (category:base,tabindex:0)
2025-12-05 19:33:38,328 [INFO] PluginManage:310 - Check plugin power
2025-12-05 19:33:38,337 [INFO] PluginManage:359 - Loaded plugin power (category:power,tabindex:4)
2025-12-05 19:33:38,337 [INFO] PluginManage:310 - Check plugin projectmanager
2025-12-05 19:33:38,355 [INFO] PluginManage:359 - Loaded plugin projectmanager (category:projectmanager,tabindex:4)
2025-12-05 19:33:38,355 [INFO] PluginManage:310 - Check plugin rif
2025-12-05 19:33:38,364 [INFO] PluginManage:359 - Loaded plugin rif (category:base,tabindex:3)
2025-12-05 19:33:38,364 [INFO] PluginManage:310 - Check plugin thirdparty
2025-12-05 19:33:38,508 [INFO] PluginManage:359 - Loaded plugin thirdparty (category:base,tabindex:-1)
2025-12-05 19:33:38,508 [WARN] IntegrityCheckThread:84 - waiting for thirdparty lock release [integrity check]
2025-12-05 19:33:38,508 [INFO] IntegrityCheckThread:86 - entering critical section [integrity check]
2025-12-05 19:33:38,508 [INFO] PluginManage:310 - Check plugin tools
2025-12-05 19:33:38,508 [INFO] ThirdPartyUpdaterWithRetryManager:70 - Updater plugin not ready yet. [1/15]
2025-12-05 19:33:38,511 [INFO] PluginManage:359 - Loaded plugin tools (category:base,tabindex:7)
2025-12-05 19:33:38,511 [INFO] PluginManage:310 - Check plugin tutovideos
2025-12-05 19:33:38,727 [INFO] PluginManage:359 - Loaded plugin tutovideos (category:base,tabindex:-1)
2025-12-05 19:33:38,727 [INFO] PluginManage:310 - Check plugin updater
2025-12-05 19:33:38,757 [INFO] PluginManage:359 - Loaded plugin updater (category:base,tabindex:12)
2025-12-05 19:33:38,757 [INFO] PluginManage:310 - Check plugin userauth
2025-12-05 19:33:38,761 [INFO] UserAuth:118 - Init User Auth plugin
2025-12-05 19:33:38,763 [INFO] PluginManage:359 - Loaded plugin userauth (category:base,tabindex:14)
2025-12-05 19:33:38,763 [INFO] PluginManage:283 - PluginManage : Loaded plugins [18]
2025-12-05 19:33:39,077 [INFO] PinOutPanel:1589 - setPackage(No Configuration,No Configuration)
2025-12-05 19:33:39,209 [INFO] CADModel:165 - CPN selected for project level
2025-12-05 19:33:39,210 [INFO] CADModel:114 - Register for checkConnection events
2025-12-05 19:33:39,234 [INFO] IPUIPlugin:80 - create IPUIPlugin
2025-12-05 19:33:39,234 [INFO] PluginManager:220 - loadIPPluginJar : add adc
2025-12-05 19:33:39,238 [INFO] IPUIPlugin:80 - create IPUIPlugin
2025-12-05 19:33:39,238 [INFO] PluginManager:220 - loadIPPluginJar : add aes
2025-12-05 19:33:39,242 [INFO] IPUIPlugin:80 - create IPUIPlugin
2025-12-05 19:33:39,243 [INFO] PluginManager:220 - loadIPPluginJar : add can
2025-12-05 19:33:39,245 [INFO] IPUIPlugin:80 - create IPUIPlugin
2025-12-05 19:33:39,246 [INFO] PluginManager:220 - loadIPPluginJar : add comp
2025-12-05 19:33:39,249 [INFO] IPUIPlugin:80 - create IPUIPlugin
2025-12-05 19:33:39,249 [INFO] PluginManager:220 - loadIPPluginJar : add cryp
2025-12-05 19:33:39,255 [INFO] IPUIPlugin:80 - create IPUIPlugin
2025-12-05 19:33:39,256 [INFO] PluginManager:220 - loadIPPluginJar : add ddr_ctrl_phy
2025-12-05 19:33:39,259 [INFO] IPUIPlugin:80 - create IPUIPlugin
2025-12-05 19:33:39,259 [INFO] PluginManager:220 - loadIPPluginJar : add dfsdm
2025-12-05 19:33:39,267 [INFO] IPUIPlugin:80 - create IPUIPlugin
2025-12-05 19:33:39,268 [INFO] PluginManager:220 - loadIPPluginJar : add dma
2025-12-05 19:33:39,273 [INFO] IPUIPlugin:80 - create IPUIPlugin
2025-12-05 19:33:39,273 [INFO] PluginManager:220 - loadIPPluginJar : add dma3
2025-12-05 19:33:39,277 [INFO] IPUIPlugin:80 - create IPUIPlugin
2025-12-05 19:33:39,277 [INFO] PluginManager:220 - loadIPPluginJar : add extmemmanager
2025-12-05 19:33:39,279 [INFO] IPUIPlugin:80 - create IPUIPlugin
2025-12-05 19:33:39,279 [INFO] PluginManager:220 - loadIPPluginJar : add fatfs
2025-12-05 19:33:39,286 [INFO] IPUIPlugin:80 - create IPUIPlugin
2025-12-05 19:33:39,286 [INFO] PluginManager:220 - loadIPPluginJar : add fmc
2025-12-05 19:33:39,301 [INFO] IPUIPlugin:80 - create IPUIPlugin
2025-12-05 19:33:39,301 [INFO] PluginManager:220 - loadIPPluginJar : add freertos
2025-12-05 19:33:39,303 [INFO] IPUIPlugin:80 - create IPUIPlugin
2025-12-05 19:33:39,303 [INFO] PluginManager:220 - loadIPPluginJar : add genericplugin
2025-12-05 19:33:39,307 [INFO] IPUIPlugin:80 - create IPUIPlugin
2025-12-05 19:33:39,307 [INFO] PluginManager:220 - loadIPPluginJar : add gfxmmu
2025-12-05 19:33:39,312 [INFO] IPUIPlugin:80 - create IPUIPlugin
2025-12-05 19:33:39,312 [INFO] PluginManager:220 - loadIPPluginJar : add gic
2025-12-05 19:33:39,317 [INFO] IPUIPlugin:80 - create IPUIPlugin
2025-12-05 19:33:39,317 [INFO] PluginManager:220 - loadIPPluginJar : add gpio
2025-12-05 19:33:39,322 [INFO] IPUIPlugin:80 - create IPUIPlugin
2025-12-05 19:33:39,322 [INFO] PluginManager:220 - loadIPPluginJar : add gtzc
2025-12-05 19:33:39,326 [INFO] IPUIPlugin:80 - create IPUIPlugin
2025-12-05 19:33:39,326 [INFO] PluginManager:220 - loadIPPluginJar : add hash
2025-12-05 19:33:39,330 [INFO] IPUIPlugin:80 - create IPUIPlugin
2025-12-05 19:33:39,330 [INFO] PluginManager:220 - loadIPPluginJar : add i2c
2025-12-05 19:33:39,333 [INFO] IPUIPlugin:80 - create IPUIPlugin
2025-12-05 19:33:39,333 [INFO] PluginManager:220 - loadIPPluginJar : add i2s
2025-12-05 19:33:39,339 [INFO] IPUIPlugin:80 - create IPUIPlugin
2025-12-05 19:33:39,340 [INFO] PluginManager:220 - loadIPPluginJar : add i3c
2025-12-05 19:33:39,345 [INFO] IPUIPlugin:80 - create IPUIPlugin
2025-12-05 19:33:39,345 [INFO] PluginManager:220 - loadIPPluginJar : add ipddr
2025-12-05 19:33:39,360 [INFO] IPUIPlugin:80 - create IPUIPlugin
2025-12-05 19:33:39,362 [INFO] PluginManager:220 - loadIPPluginJar : add linkedlist
2025-12-05 19:33:39,368 [INFO] IPUIPlugin:80 - create IPUIPlugin
2025-12-05 19:33:39,368 [INFO] PluginManager:220 - loadIPPluginJar : add lorawan
2025-12-05 19:33:39,371 [INFO] IPUIPlugin:80 - create IPUIPlugin
2025-12-05 19:33:39,371 [INFO] PluginManager:220 - loadIPPluginJar : add ltdc
2025-12-05 19:33:39,378 [INFO] IPUIPlugin:80 - create IPUIPlugin
2025-12-05 19:33:39,378 [INFO] PluginManager:220 - loadIPPluginJar : add mdma
2025-12-05 19:33:39,383 [INFO] IPUIPlugin:80 - create IPUIPlugin
2025-12-05 19:33:39,383 [INFO] PluginManager:220 - loadIPPluginJar : add nvic
2025-12-05 19:33:39,387 [INFO] IPUIPlugin:80 - create IPUIPlugin
2025-12-05 19:33:39,387 [INFO] PluginManager:220 - loadIPPluginJar : add opamp
2025-12-05 19:33:39,393 [INFO] IPUIPlugin:80 - create IPUIPlugin
2025-12-05 19:33:39,393 [INFO] PluginManager:220 - loadIPPluginJar : add openamp
2025-12-05 19:33:39,398 [INFO] IPUIPlugin:80 - create IPUIPlugin
2025-12-05 19:33:39,398 [INFO] PluginManager:220 - loadIPPluginJar : add pdm2pcm
2025-12-05 19:33:39,404 [INFO] IPUIPlugin:80 - create IPUIPlugin
2025-12-05 19:33:39,409 [INFO] PluginManager:220 - loadIPPluginJar : add plateformsettings
2025-12-05 19:33:39,411 [INFO] IPUIPlugin:80 - create IPUIPlugin
2025-12-05 19:33:39,412 [INFO] PluginManager:220 - loadIPPluginJar : add quadspi
2025-12-05 19:33:39,431 [INFO] IPUIPlugin:80 - create IPUIPlugin
2025-12-05 19:33:39,435 [INFO] PluginManager:220 - loadIPPluginJar : add radio
2025-12-05 19:33:39,440 [INFO] IPUIPlugin:80 - create IPUIPlugin
2025-12-05 19:33:39,440 [INFO] PluginManager:220 - loadIPPluginJar : add resmgrutility
2025-12-05 19:33:39,448 [INFO] IPUIPlugin:80 - create IPUIPlugin
2025-12-05 19:33:39,448 [INFO] PluginManager:220 - loadIPPluginJar : add sai
2025-12-05 19:33:39,452 [INFO] IPUIPlugin:80 - create IPUIPlugin
2025-12-05 19:33:39,452 [INFO] PluginManager:220 - loadIPPluginJar : add spi
2025-12-05 19:33:39,462 [INFO] IPUIPlugin:80 - create IPUIPlugin
2025-12-05 19:33:39,462 [INFO] PluginManager:220 - loadIPPluginJar : add stm32_wpan
2025-12-05 19:33:39,465 [INFO] IPUIPlugin:80 - create IPUIPlugin
2025-12-05 19:33:39,465 [INFO] PluginManager:220 - loadIPPluginJar : add tim
2025-12-05 19:33:39,469 [INFO] IPUIPlugin:80 - create IPUIPlugin
2025-12-05 19:33:39,469 [INFO] PluginManager:220 - loadIPPluginJar : add touchsensing
2025-12-05 19:33:39,472 [INFO] IPUIPlugin:80 - create IPUIPlugin
2025-12-05 19:33:39,473 [INFO] PluginManager:220 - loadIPPluginJar : add tracer_emb
2025-12-05 19:33:39,475 [INFO] IPUIPlugin:80 - create IPUIPlugin
2025-12-05 19:33:39,475 [INFO] PluginManager:220 - loadIPPluginJar : add ts
2025-12-05 19:33:39,478 [INFO] IPUIPlugin:80 - create IPUIPlugin
2025-12-05 19:33:39,478 [INFO] PluginManager:220 - loadIPPluginJar : add tsc
2025-12-05 19:33:39,481 [INFO] IPUIPlugin:80 - create IPUIPlugin
2025-12-05 19:33:39,481 [INFO] PluginManager:220 - loadIPPluginJar : add ucpd
2025-12-05 19:33:39,485 [INFO] IPUIPlugin:80 - create IPUIPlugin
2025-12-05 19:33:39,485 [INFO] PluginManager:220 - loadIPPluginJar : add usart
2025-12-05 19:33:39,492 [INFO] IPUIPlugin:80 - create IPUIPlugin
2025-12-05 19:33:39,492 [INFO] PluginManager:220 - loadIPPluginJar : add usbx
2025-12-05 19:33:39,745 [FATAL] Updater:351 - Updater called before beeing initialized
2025-12-05 19:33:39,774 [INFO] RulesReader:64 - Compatibility file has been processed (317 Rules)
2025-12-05 19:33:39,784 [INFO] RulesReader:64 - Compatibility file has been processed (317 Rules)
2025-12-05 19:33:39,795 [INFO] CADModel:165 - CPN selected for project level
2025-12-05 19:33:39,795 [INFO] CADModel:114 - Register for checkConnection events
2025-12-05 19:33:39,795 [FATAL] Updater:351 - Updater called before beeing initialized
2025-12-05 19:33:39,795 [ERROR] CADModel:125 - Updater not yet initialized, retry later 
2025-12-05 19:33:39,988 [FATAL] Updater:351 - Updater called before beeing initialized
2025-12-05 19:33:39,991 [INFO] CADModel:165 - CPN selected for project level
2025-12-05 19:33:39,991 [INFO] CADModel:114 - Register for checkConnection events
2025-12-05 19:33:39,991 [FATAL] Updater:351 - Updater called before beeing initialized
2025-12-05 19:33:39,991 [ERROR] CADModel:125 - Updater not yet initialized, retry later 
2025-12-05 19:33:39,996 [FATAL] Updater:351 - Updater called before beeing initialized
2025-12-05 19:33:40,124 [FATAL] Updater:351 - Updater called before beeing initialized
2025-12-05 19:33:40,134 [INFO] DbMcusAds:53 - JSON generation date=Mon Nov 10 11:43:01 CET 2025 (1762771381096)
2025-12-05 19:33:40,134 [FATAL] Updater:351 - Updater called before beeing initialized
2025-12-05 19:33:40,184 [WARN] DetailPanel:346 - Failed to get advertising image, set to default
2025-12-05 19:33:40,290 [FATAL] Updater:351 - Updater called before beeing initialized
2025-12-05 19:33:40,292 [FATAL] Updater:351 - Updater called before beeing initialized
2025-12-05 19:33:40,292 [FATAL] Updater:351 - Updater called before beeing initialized
2025-12-05 19:33:40,292 [WARN] DetailPanel:346 - Failed to get advertising image, set to default
2025-12-05 19:33:40,294 [FATAL] Updater:351 - Updater called before beeing initialized
2025-12-05 19:33:40,344 [ERROR] Updater:1198 - MainUpdater not yet initialized. External WinMGr cannot be set.
2025-12-05 19:33:40,347 [INFO] Updater:1134 - Updater Version found : 6.15.0
2025-12-05 19:33:40,370 [INFO] ApplicationProperties:184 - Using Application install path: C:\ST\STM32CubeIDE_1.18.0\STM32CubeIDE\plugins\com.st.stm32cube.common.mx_6.15.0.202507011659
2025-12-05 19:33:41,511 [INFO] ThirdPartyUpdaterWithRetryManager:70 - Updater plugin not ready yet. [2/15]
2025-12-05 19:33:41,965 [ERROR] LogOutputStream:75 - [STDERR_REDIRECT] Dec 05, 2025 7:33:41 PM java.util.prefs.WindowsPreferences <init>
2025-12-05 19:33:41,967 [ERROR] LogOutputStream:75 - [STDERR_REDIRECT] WARNING: Could not open/create prefs root node Software\JavaSoft\Prefs at root 0xffffffff80000002. Windows RegCreateKeyEx(...) returned error code 5.
2025-12-05 19:33:41,967 [ERROR] LogOutputStream:75 - [STDERR_REDIRECT] 
2025-12-05 19:33:42,385 [INFO] MainUpdater:2872 - connection check result : 10
2025-12-05 19:33:42,386 [INFO] MainUpdater:289 - Updater Check For Update Now.
2025-12-05 19:33:42,386 [INFO] MicroXplorer:498 - Change Database Version : DB.6.0.150
2025-12-05 19:33:42,392 [INFO] McuFinderGlobals:63 - Set McuFinder mode to 2 (CubeIDE integrated)
2025-12-05 19:33:42,392 [INFO] UserAuth:171 - activating auth plugin
2025-12-05 19:33:42,395 [INFO] UserAuth:487 - Internet connection configuration mode: 1
2025-12-05 19:33:42,429 [INFO] JxBrowserEngine:152 - Initiate JxBrowser Engine with user profile folder
2025-12-05 19:33:42,558 [INFO] CheckServerUpdateThread:120 - End of CheckServer Thread
2025-12-05 19:33:43,431 [INFO] WebApp:169 - Instantiating new browser for Auth
2025-12-05 19:33:44,364 [INFO] WebApp:463 - Apply proxy settings
2025-12-05 19:33:44,365 [INFO] WebApp:548 - Chromium requires no authentication
2025-12-05 19:33:44,425 [INFO] WebApp:491 - Direct internet connection detected
2025-12-05 19:33:44,476 [INFO] WebApp:900 - Register for checkConnection events
2025-12-05 19:33:44,477 [INFO] WebApp:463 - Apply proxy settings
2025-12-05 19:33:44,477 [INFO] WebApp:548 - Chromium requires no authentication
2025-12-05 19:33:44,477 [INFO] WebApp:491 - Direct internet connection detected
2025-12-05 19:33:44,703 [INFO] WebApp:191 - Connection restablished
2025-12-05 19:33:44,758 [WARN] PackLoader:240 - Cannot read IP mode file for STMicroelectronics.FP-SNS-MOTENVWB1.1.4.0
2025-12-05 19:33:44,767 [WARN] PackLoader:240 - Cannot read IP mode file for STMicroelectronics.FP-ATR-ASTRA1.2.0.2
2025-12-05 19:33:44,776 [WARN] PackLoader:240 - Cannot read IP mode file for STMicroelectronics.X-CUBE-SMBUS.2.1.0
2025-12-05 19:33:44,785 [WARN] PackLoader:240 - Cannot read IP mode file for STMicroelectronics.X-CUBE-WB05N.1.1.0
2025-12-05 19:33:44,794 [WARN] PackLoader:240 - Cannot read IP mode file for STMicroelectronics.X-CUBE-ST60.1.0.0
2025-12-05 19:33:44,825 [WARN] PackLoader:240 - Cannot read IP mode file for STMicroelectronics.X-CUBE-AZRTOS-F7.1.1.0
2025-12-05 19:33:44,834 [WARN] PackLoader:240 - Cannot read IP mode file for STMicroelectronics.FP-SNS-MOTENV1.5.1.0
2025-12-05 19:33:44,860 [WARN] PackLoader:240 - Cannot read IP mode file for Infineon.AIROC-Wi-Fi-Bluetooth-STM32.1.7.0
2025-12-05 19:33:44,896 [WARN] PackLoader:240 - Cannot read IP mode file for STMicroelectronics.X-CUBE-AZRTOS-H7.3.4.0
2025-12-05 19:33:44,907 [WARN] PackLoader:240 - Cannot read IP mode file for STMicroelectronics.X-CUBE-DISPLAY.3.0.0
2025-12-05 19:33:44,919 [WARN] PackLoader:240 - Cannot read IP mode file for STMicroelectronics.X-CUBE-NFC10.1.0.0
2025-12-05 19:33:44,930 [WARN] PackLoader:240 - Cannot read IP mode file for STMicroelectronics.X-CUBE-BLEMGR.4.0.0
2025-12-05 19:33:44,938 [WARN] PackLoader:240 - Cannot read IP mode file for STMicroelectronics.X-CUBE-ST60.1.1.0
2025-12-05 19:33:44,947 [WARN] PackLoader:240 - Cannot read IP mode file for emotas.I-CUBE-CANOPEN.1.3.0
2025-12-05 19:33:44,954 [WARN] PackLoader:240 - Cannot read IP mode file for STMicroelectronics.X-CUBE-GNSS1.7.1.0
2025-12-05 19:33:44,962 [WARN] ConditionMgr:438 - getConditionDescription Invalid condition id : Cortex-A Device cause : null
2025-12-05 19:33:44,980 [WARN] ConditionMgr:1044 - genDependencies : Invalid condition id : Cortex-A Device cause : null
2025-12-05 19:33:44,980 [WARN] ConditionMgr:1044 - genDependencies : Invalid condition id : Cortex-A Device cause : null
2025-12-05 19:33:44,980 [WARN] ConditionMgr:1044 - genDependencies : Invalid condition id : Cortex-A Device cause : null
2025-12-05 19:33:44,996 [WARN] PackLoader:240 - Cannot read IP mode file for STMicroelectronics.X-CUBE-AI.10.0.0
2025-12-05 19:33:45,004 [WARN] PackLoader:240 - Cannot read IP mode file for STMicroelectronics.FP-SNS-STBOX1.2.1.0
2025-12-05 19:33:45,012 [WARN] PackLoader:240 - Cannot read IP mode file for STMicroelectronics.FP-SNS-SMARTAG2.1.2.0
2025-12-05 19:33:45,019 [WARN] PackLoader:240 - Cannot read IP mode file for STMicroelectronics.FP-SNS-FLIGHT1.5.1.0
2025-12-05 19:33:45,069 [WARN] PackLoader:240 - Cannot read IP mode file for STMicroelectronics.X-CUBE-MEMS1.11.1.0
2025-12-05 19:33:45,123 [INFO] WebApp:225 - Starting web application
2025-12-05 19:33:45,123 [INFO] WebApp:593 - Web application path used C:\ST\STM32CubeIDE_1.18.0\STM32CubeIDE\plugins\com.st.stm32cube.common.mx_6.15.0.202507011659\db\plugins\mcufinder\reactClient1\index.html
2025-12-05 19:33:45,199 [INFO] LogOutputStream:77 - [STDOUT_REDIRECT] 1 : Invalid condition id : UX_CORESTACK_Condition cause : null
2025-12-05 19:33:45,199 [INFO] LogOutputStream:77 - [STDOUT_REDIRECT] 1 : Invalid condition id : UX_CORESTACK_Condition cause : null
2025-12-05 19:33:45,202 [INFO] LogOutputStream:77 - [STDOUT_REDIRECT] 1 : Invalid condition id : UX_CORESTACK_Condition cause : null
2025-12-05 19:33:45,203 [INFO] LogOutputStream:77 - [STDOUT_REDIRECT] 1 : Invalid condition id : UX_CORESTACK_Condition cause : null
2025-12-05 19:33:45,204 [INFO] LogOutputStream:77 - [STDOUT_REDIRECT] 1 : Invalid condition id : UX_CORESTACK_Condition cause : null
2025-12-05 19:33:45,208 [WARN] PackLoader:240 - Cannot read IP mode file for STMicroelectronics.X-CUBE-AZRTOS-WL.2.0.0
2025-12-05 19:33:45,214 [WARN] PackLoader:240 - Cannot read IP mode file for STMicroelectronics.FP-SNS-MOTENV1.5.0.0
2025-12-05 19:33:45,232 [WARN] PackLoader:240 - Cannot read IP mode file for STMicroelectronics.X-CUBE-AZRTOS-H7RS.1.2.0
2025-12-05 19:33:45,244 [WARN] PackLoader:240 - Cannot read IP mode file for WES.I-CUBE-Cesium.1.3.0
2025-12-05 19:33:45,248 [WARN] PackLoader:240 - Cannot read IP mode file for STMicroelectronics.X-CUBE-BLE2.3.3.0
2025-12-05 19:33:45,271 [WARN] PackLoader:240 - Cannot read IP mode file for STMicroelectronics.X-CUBE-NFC9.1.0.0
2025-12-05 19:33:45,277 [WARN] PackLoader:240 - Cannot read IP mode file for STMicroelectronics.X-CUBE-BLE1.7.1.0
2025-12-05 19:33:45,281 [WARN] PackLoader:240 - Cannot read IP mode file for wolfSSL.I-CUBE-wolfMQTT.1.19.2
2025-12-05 19:33:45,288 [WARN] PackLoader:240 - Cannot read IP mode file for STMicroelectronics.X-CUBE-FREERTOS.1.4.0
2025-12-05 19:33:45,294 [WARN] PackLoader:240 - Cannot read IP mode file for STMicroelectronics.X-CUBE-EEPRMA1.5.2.0
2025-12-05 19:33:45,303 [WARN] PackLoader:240 - Cannot read IP mode file for STMicroelectronics.X-CUBE-ST67W61.1.1.0
2025-12-05 19:33:45,309 [WARN] PackLoader:240 - Cannot read IP mode file for STMicroelectronics.X-CUBE-AI.10.1.0
2025-12-05 19:33:45,347 [WARN] PackLoader:240 - Cannot read IP mode file for STMicroelectronics.X-CUBE-MEMS1.12.0.0
2025-12-05 19:33:45,459 [WARN] PackLoader:240 - Cannot read IP mode file for STMicroelectronics.X-CUBE-MEMS1.11.2.0
2025-12-05 19:33:45,566 [WARN] PackLoader:240 - Cannot read IP mode file for STMicroelectronics.X-CUBE-AZRTOS-G0.1.1.0
2025-12-05 19:33:45,574 [WARN] PackLoader:240 - Cannot read IP mode file for STMicroelectronics.X-CUBE-SAFEA1.1.2.2
2025-12-05 19:33:45,581 [WARN] PackLoader:240 - Cannot read IP mode file for STMicroelectronics.X-CUBE-NFC4.3.0.0
2025-12-05 19:33:45,592 [WARN] PackLoader:240 - Cannot read IP mode file for EmbeddedOffice.I-CUBE-FS-RTOS.1.0.1
2025-12-05 19:33:45,597 [WARN] PackLoader:240 - Cannot read IP mode file for STMicroelectronics.X-CUBE-WB05N.2.0.0
2025-12-05 19:33:45,601 [WARN] PackLoader:240 - Cannot read IP mode file for wolfSSL.I-CUBE-wolfTPM.3.8.0
2025-12-05 19:33:45,608 [WARN] PackLoader:240 - Cannot read IP mode file for STMicroelectronics.X-CUBE-TCPP.4.2.0
2025-12-05 19:33:45,613 [WARN] PackLoader:240 - Cannot read IP mode file for RealThread.X-CUBE-RT-Thread_Nano.4.1.1
2025-12-05 19:33:45,617 [WARN] PackLoader:240 - Cannot read IP mode file for STMicroelectronics.FP-ATR-SIGFOX1.3.2.0
2025-12-05 19:33:45,623 [WARN] PackLoader:240 - Cannot read IP mode file for STMicroelectronics.X-CUBE-EEPRMA1.5.1.0
2025-12-05 19:33:45,631 [WARN] PackLoader:240 - Cannot read IP mode file for wolfSSL.I-CUBE-wolfSSL.5.7.6
2025-12-05 19:33:45,638 [WARN] PackLoader:240 - Cannot read IP mode file for ITTIA_DB.I-CUBE-ITTIADB.8.9.0
2025-12-05 19:33:45,643 [WARN] PackLoader:240 - Cannot read IP mode file for STMicroelectronics.X-CUBE-ST67W61.1.0.0
2025-12-05 19:33:45,648 [WARN] PackLoader:240 - Cannot read IP mode file for STMicroelectronics.X-CUBE-AI.10.2.0
2025-12-05 19:33:45,668 [WARN] PackLoader:240 - Cannot read IP mode file for SEGGER.I-CUBE-embOS.1.3.1
2025-12-05 19:33:45,693 [WARN] PackLoader:240 - Cannot read IP mode file for STMicroelectronics.X-CUBE-ALGOBUILD.1.4.0
2025-12-05 19:33:45,721 [WARN] PackLoader:240 - Cannot read IP mode file for STMicroelectronics.X-CUBE-MEMS1.11.3.0
2025-12-05 19:33:45,815 [WARN] PackLoader:240 - Cannot read IP mode file for STMicroelectronics.X-CUBE-PM33A1.1.0.0
2025-12-05 19:33:45,825 [WARN] PackLoader:240 - Cannot read IP mode file for STMicroelectronics.X-CUBE-AZRTOS-F4.1.1.0
2025-12-05 19:33:45,831 [WARN] PackLoader:240 - Cannot read IP mode file for Avnet-IotConnect.X-CUBE-IoTC-DA16k-PMOD.1.0.0
2025-12-05 19:33:45,834 [WARN] PackLoader:240 - Cannot read IP mode file for STMicroelectronics.X-CUBE-ISPU.2.1.0
2025-12-05 19:33:45,843 [WARN] PackLoader:240 - Cannot read IP mode file for STMicroelectronics.X-CUBE-IPS.3.2.0
2025-12-05 19:33:45,854 [WARN] PackLoader:240 - Cannot read IP mode file for STMicroelectronics.X-CUBE-NFC12.1.0.0
2025-12-05 19:33:45,867 [WARN] PackLoader:240 - Cannot read IP mode file for STMicroelectronics.X-CUBE-AZRTOS-L5.2.0.0
2025-12-05 19:33:45,876 [WARN] PackLoader:240 - Cannot read IP mode file for STMicroelectronics.X-CUBE-NFC6.3.1.0
2025-12-05 19:33:45,883 [WARN] PackLoader:240 - Cannot read IP mode file for STMicroelectronics.X-CUBE-FREERTOS.1.3.1
2025-12-05 19:33:45,887 [WARN] PackLoader:240 - Cannot read IP mode file for STMicroelectronics.X-CUBE-FREERTOS.1.3.0
2025-12-05 19:33:45,892 [WARN] PackLoader:240 - Cannot read IP mode file for STMicroelectronics.X-CUBE-NFC7.1.0.1
2025-12-05 19:33:45,898 [WARN] PackLoader:240 - Cannot read IP mode file for STMicroelectronics.X-CUBE-TOUCHGFX.4.26.0
2025-12-05 19:33:45,903 [WARN] PackLoader:240 - Cannot read IP mode file for STMicroelectronics.FP-SNS-STAIOTCFT.1.0.0
2025-12-05 19:33:45,910 [WARN] PackLoader:240 - Cannot read IP mode file for STMicroelectronics.X-CUBE-DPower.1.3.0
2025-12-05 19:33:45,924 [WARN] ConditionMgr:438 - getConditionDescription Invalid condition id : LAN8742 Phy interface Condition cause : null
2025-12-05 19:33:45,924 [WARN] PackLoader:240 - Cannot read IP mode file for STMicroelectronics.X-CUBE-AZRTOS-L4.2.0.0
2025-12-05 19:33:45,925 [WARN] ConditionMgr:1044 - genDependencies : Invalid condition id : LAN8742 Phy interface Condition cause : null
2025-12-05 19:33:45,925 [WARN] ConditionMgr:1044 - genDependencies : Invalid condition id : LAN8742 Phy interface Condition cause : null
2025-12-05 19:33:45,925 [WARN] ConditionMgr:1044 - genDependencies : Invalid condition id : LAN8742 Phy interface Condition cause : null
2025-12-05 19:33:45,931 [WARN] PackLoader:240 - Cannot read IP mode file for STMicroelectronics.X-CUBE-SFXS2LP1.4.0.0
2025-12-05 19:33:45,945 [WARN] PackLoader:240 - Cannot read IP mode file for STMicroelectronics.X-CUBE-AZRTOS-H7.3.3.0
2025-12-05 19:33:45,956 [WARN] PackLoader:240 - Cannot read IP mode file for STMicroelectronics.X-CUBE-BLEMGR.4.1.0
2025-12-05 19:33:45,966 [WARN] ConditionMgr:438 - getConditionDescription Invalid condition id : UX DEVICE CLASS RTOS Condition cause : null
2025-12-05 19:33:45,967 [WARN] ConditionMgr:438 - getConditionDescription Invalid condition id : UX DEVICE CLASS RTOS Condition cause : null
2025-12-05 19:33:45,968 [WARN] PackLoader:240 - Cannot read IP mode file for STMicroelectronics.X-CUBE-AZRTOS-WB.2.0.0
2025-12-05 19:33:45,968 [WARN] ConditionMgr:1044 - genDependencies : Invalid condition id : UX DEVICE CLASS RTOS Condition cause : null
2025-12-05 19:33:45,968 [WARN] ConditionMgr:1044 - genDependencies : Invalid condition id : UX DEVICE CLASS RTOS Condition cause : null
2025-12-05 19:33:45,969 [WARN] ConditionMgr:1044 - genDependencies : Invalid condition id : UX DEVICE CLASS RTOS Condition cause : null
2025-12-05 19:33:45,969 [WARN] ConditionMgr:1044 - genDependencies : Invalid condition id : UX DEVICE CLASS RTOS Condition cause : null
2025-12-05 19:33:45,969 [WARN] ConditionMgr:1044 - genDependencies : Invalid condition id : UX DEVICE CLASS RTOS Condition cause : null
2025-12-05 19:33:45,974 [WARN] PackLoader:240 - Cannot read IP mode file for STMicroelectronics.X-CUBE-GNSS1.7.0.1
2025-12-05 19:33:45,978 [WARN] PackLoader:240 - Cannot read IP mode file for STMicroelectronics.X-CUBE-TOUCHGFX.4.25.0
2025-12-05 19:33:45,983 [WARN] PackLoader:240 - Cannot read IP mode file for STMicroelectronics.FP-SNS-STBOX1.2.0.0
2025-12-05 19:33:45,992 [WARN] PackLoader:240 - Cannot read IP mode file for STMicroelectronics.X-CUBE-SUBG2.5.0.0
2025-12-05 19:33:46,007 [WARN] PackLoader:240 - Cannot read IP mode file for STMicroelectronics.X-CUBE-AZRTOS-H7RS.1.1.0
2025-12-05 19:33:46,012 [WARN] PackLoader:240 - Cannot read IP mode file for Cesanta.I-CUBE-Mongoose.7.13.0
2025-12-05 19:33:46,022 [WARN] PackLoader:240 - Cannot read IP mode file for STMicroelectronics.X-CUBE-AZRTOS-G4.2.0.0
2025-12-05 19:33:46,028 [WARN] PackLoader:240 - Cannot read IP mode file for wolfSSL.I-CUBE-wolfSSH.1.4.20
2025-12-05 19:33:46,031 [WARN] PackLoader:240 - Cannot read IP mode file for STMicroelectronics.X-CUBE-NFC7.2.0.0
2025-12-05 19:33:46,041 [WARN] PackLoader:240 - Cannot read IP mode file for STMicroelectronics.X-CUBE-IPS.3.1.0
2025-12-05 19:33:46,049 [WARN] PackLoader:240 - Cannot read IP mode file for STMicroelectronics.X-CUBE-ALS.1.0.2
2025-12-05 19:33:46,057 [WARN] PackLoader:240 - Cannot read IP mode file for STMicroelectronics.X-CUBE-STSE01.1.0.0
2025-12-05 19:33:46,063 [WARN] PackLoader:240 - Cannot read IP mode file for portGmbH.I-Cube-SoM-uGOAL.1.1.0
2025-12-05 19:33:46,071 [WARN] PackLoader:240 - Cannot read IP mode file for STMicroelectronics.X-CUBE-TOF1.3.4.2
2025-12-05 19:33:46,084 [WARN] PackLoader:240 - Cannot read IP mode file for STMicroelectronics.X-CUBE-TOF1.3.4.3
2025-12-05 19:33:46,089 [INFO] ThirdParty:978 - Integrity check success = true
2025-12-05 19:33:46,091 [INFO] IntegrityCheckThread:100 - exiting critical section [integrity check]
2025-12-05 19:33:46,091 [INFO] IntegrityCheckThread:103 - End integrity checks thread
2025-12-05 19:34:13,919 [ERROR] LogOutputStream:75 - [STDERR_REDIRECT] 
