2025-10-30 12:00:06,104 [INFO] Activator:176 - 


2025-10-30 12:00:06,111 [INFO] Activator:177 - !SESSION log4j initialized
2025-10-30 12:00:12,890 [INFO] LogOutputStream:77 - [STDOUT_REDIRECT] 
2025-10-30 12:00:16,458 [INFO] ApplicationProperties:184 - Using Application install path: C:\ST\STM32CubeIDE_1.15.0\STM32CubeIDE\plugins\com.st.stm32cube.common.mx_6.11.0.202403141607
2025-10-30 12:00:16,479 [INFO] DbMcusXml:78 - Set database path to: C:\ST\STM32CubeIDE_1.15.0\STM32CubeIDE\plugins\com.st.stm32cube.common.mx_6.11.0.202403141607\\db\/mcu/
2025-10-30 12:00:16,479 [INFO] ApiDb:274 - Set plugin database path to: C:\ST\STM32CubeIDE_1.15.0\STM32CubeIDE\plugins\com.st.stm32cube.common.mx_6.11.0.202403141607\\db\/plugins/boardmanager/
2025-10-30 12:00:16,480 [WARN] ApiDb:259 - Overriding images path with different value:  => C:\ST\STM32CubeIDE_1.15.0\STM32CubeIDE\plugins\com.st.stm32cube.common.mx_6.11.0.202403141607\\db\/plugins/mcufinder/images/
2025-10-30 12:00:16,486 [INFO] ApiDb:250 - Set database path to: C:\Users\racin\.stmcufinder\plugins\mcufinder//mcu/
2025-10-30 12:00:16,487 [INFO] DbMcusAds:125 - Set database path to: C:\Users\racin\.stmcufinder\plugins\mcufinder//mcu/
2025-10-30 12:00:16,489 [INFO] CrossReferenceDbSqlite:203 - Set database path to: C:\Users\racin\.stmcufinder\plugins\mcufinder//mcu/cs/
2025-10-30 12:00:16,629 [INFO] RulesReader:64 - Compatibility file has been processed (297 Rules)
2025-10-30 12:00:16,777 [INFO] DbMcusXml:78 - Set database path to: C:\ST\STM32CubeIDE_1.15.0\STM32CubeIDE\plugins\com.st.stm32cube.common.mx_6.11.0.202403141607\\db\/mcu/
2025-10-30 12:00:16,777 [INFO] ApiDb:274 - Set plugin database path to: C:\ST\STM32CubeIDE_1.15.0\STM32CubeIDE\plugins\com.st.stm32cube.common.mx_6.11.0.202403141607\\db\/plugins/boardmanager/
2025-10-30 12:00:16,777 [INFO] ApiDb:261 - Set plugin images path to: C:\ST\STM32CubeIDE_1.15.0\STM32CubeIDE\plugins\com.st.stm32cube.common.mx_6.11.0.202403141607\\db\/plugins/mcufinder/images/
2025-10-30 12:00:16,777 [WARN] DbFile:41 - Overriding database path with different value: C:\Users\racin\.stmcufinder\plugins\mcufinder/ => C:\Users\racin\.stmcufinder\plugins\mcufinder
2025-10-30 12:00:16,778 [INFO] ApiDb:250 - Set database path to: C:\Users\racin\.stmcufinder\plugins\mcufinder//mcu/
2025-10-30 12:00:16,778 [WARN] DbFile:41 - Overriding database path with different value: C:\Users\racin\.stmcufinder\plugins\mcufinder/ => C:\Users\racin\.stmcufinder\plugins\mcufinder
2025-10-30 12:00:16,778 [INFO] DbMcusAds:125 - Set database path to: C:\Users\racin\.stmcufinder\plugins\mcufinder//mcu/
2025-10-30 12:00:16,778 [WARN] DbFile:41 - Overriding database path with different value: C:\Users\racin\.stmcufinder\plugins\mcufinder/ => C:\Users\racin\.stmcufinder\plugins\mcufinder
2025-10-30 12:00:16,778 [WARN] DbFile:41 - Overriding database path with different value: C:\Users\racin\.stmcufinder\plugins\mcufinder/ => C:\Users\racin\.stmcufinder\plugins\mcufinder
2025-10-30 12:00:16,778 [INFO] CrossReferenceDbSqlite:203 - Set database path to: C:\Users\racin\.stmcufinder\plugins\mcufinder//mcu/cs/
2025-10-30 12:00:16,902 [INFO] MainPanel:264 - HeapMemory: 268435456
2025-10-30 12:00:17,227 [INFO] DbMcusXml:78 - Set database path to: C:\ST\STM32CubeIDE_1.15.0\STM32CubeIDE\plugins\com.st.stm32cube.common.mx_6.11.0.202403141607\\db\/mcu/
2025-10-30 12:00:17,227 [INFO] ApiDb:274 - Set plugin database path to: C:\ST\STM32CubeIDE_1.15.0\STM32CubeIDE\plugins\com.st.stm32cube.common.mx_6.11.0.202403141607\\db\/plugins/boardmanager/
2025-10-30 12:00:17,227 [INFO] ApiDb:261 - Set plugin images path to: C:\ST\STM32CubeIDE_1.15.0\STM32CubeIDE\plugins\com.st.stm32cube.common.mx_6.11.0.202403141607\\db\/plugins/mcufinder/images/
2025-10-30 12:00:17,227 [WARN] DbFile:41 - Overriding database path with different value: C:\Users\racin\.stmcufinder\plugins\mcufinder/ => C:\Users\racin\.stmcufinder\plugins\mcufinder
2025-10-30 12:00:17,227 [INFO] ApiDb:250 - Set database path to: C:\Users\racin\.stmcufinder\plugins\mcufinder//mcu/
2025-10-30 12:00:17,227 [WARN] DbFile:41 - Overriding database path with different value: C:\Users\racin\.stmcufinder\plugins\mcufinder/ => C:\Users\racin\.stmcufinder\plugins\mcufinder
2025-10-30 12:00:17,228 [INFO] DbMcusAds:125 - Set database path to: C:\Users\racin\.stmcufinder\plugins\mcufinder//mcu/
2025-10-30 12:00:17,229 [WARN] DbFile:41 - Overriding database path with different value: C:\Users\racin\.stmcufinder\plugins\mcufinder/ => C:\Users\racin\.stmcufinder\plugins\mcufinder
2025-10-30 12:00:17,229 [WARN] DbFile:41 - Overriding database path with different value: C:\Users\racin\.stmcufinder\plugins\mcufinder/ => C:\Users\racin\.stmcufinder\plugins\mcufinder
2025-10-30 12:00:17,229 [INFO] CrossReferenceDbSqlite:203 - Set database path to: C:\Users\racin\.stmcufinder\plugins\mcufinder//mcu/cs/
2025-10-30 12:00:17,304 [INFO] ApplicationProperties:184 - Using Application install path: C:\ST\STM32CubeIDE_1.15.0\STM32CubeIDE\plugins\com.st.stm32cube.common.mx_6.11.0.202403141607
2025-10-30 12:00:17,307 [INFO] PluginManage:196 - Search for loadable plugins [exclusion list=, ]
2025-10-30 12:00:17,310 [INFO] PluginManage:310 - Check plugin analytics
2025-10-30 12:00:18,016 [INFO] AnalyticsPlugin:253 - Accepted Software Licenses: 
2025-10-30 12:00:18,017 [INFO] AnalyticsPlugin:255 - Accepted CMSIS Pack Licenses: 
2025-10-30 12:00:18,017 [INFO] AnalyticsPlugin:257 - Accepted Firmware Licenses: FW.L4.1.18.0,FW.F7.1.17.0,FW.H7.1.11.0,FW.F4.1.28.0
2025-10-30 12:00:18,037 [INFO] PluginManage:359 - Loaded plugin analytics (category:tool,tabindex:-1)
2025-10-30 12:00:18,037 [INFO] PluginManage:310 - Check plugin cadmodel
2025-10-30 12:00:18,049 [INFO] CADModel:105 - Init CAD model plugin
2025-10-30 12:00:18,050 [INFO] PluginManage:359 - Loaded plugin cadmodel (category:power,tabindex:5)
2025-10-30 12:00:18,050 [INFO] PluginManage:310 - Check plugin clock
2025-10-30 12:00:18,069 [INFO] PluginManage:359 - Loaded plugin clock (category:base,tabindex:2)
2025-10-30 12:00:18,069 [INFO] PluginManage:310 - Check plugin ddr
2025-10-30 12:00:18,072 [INFO] PluginManage:359 - Loaded plugin ddr (category:tool,tabindex:6)
2025-10-30 12:00:18,074 [INFO] PluginManage:310 - Check plugin filemanager
2025-10-30 12:00:18,451 [INFO] PluginManage:359 - Loaded plugin filemanager (category:base,tabindex:10)
2025-10-30 12:00:18,451 [INFO] PluginManage:310 - Check plugin ipmanager
2025-10-30 12:00:18,461 [INFO] PluginManage:359 - Loaded plugin ipmanager (category:base,tabindex:5)
2025-10-30 12:00:18,461 [INFO] PluginManage:310 - Check plugin lpbam
2025-10-30 12:00:18,475 [INFO] PluginManage:359 - Loaded plugin lpbam (category:base,tabindex:0)
2025-10-30 12:00:18,475 [INFO] PluginManage:310 - Check plugin memorymap
2025-10-30 12:00:18,501 [INFO] PluginManage:359 - Loaded plugin memorymap (category:base,tabindex:4)
2025-10-30 12:00:18,501 [INFO] PluginManage:310 - Check plugin pinoutandconfiguration
2025-10-30 12:00:18,525 [INFO] PluginManage:359 - Loaded plugin pinoutandconfiguration (category:base,tabindex:1)
2025-10-30 12:00:18,525 [INFO] PluginManage:310 - Check plugin pinoutconfig
2025-10-30 12:00:18,726 [WARN] SupportedApi:132 - Cannot load RTOS API schema: s4s-elt-must-match.1: The content of 'definitions' must match (annotation?, (simpleType | complexType)?, (unique | key | keyref)*)). A problem was found starting at: attribute.
2025-10-30 12:00:19,040 [INFO] PluginManage:359 - Loaded plugin pinoutconfig (category:base,tabindex:0)
2025-10-30 12:00:19,040 [INFO] PluginManage:310 - Check plugin power
2025-10-30 12:00:19,055 [INFO] PluginManage:359 - Loaded plugin power (category:power,tabindex:4)
2025-10-30 12:00:19,055 [INFO] PluginManage:310 - Check plugin projectmanager
2025-10-30 12:00:19,136 [INFO] PluginManage:359 - Loaded plugin projectmanager (category:projectmanager,tabindex:3)
2025-10-30 12:00:19,136 [INFO] PluginManage:310 - Check plugin thirdparty
2025-10-30 12:00:19,362 [INFO] PluginManage:359 - Loaded plugin thirdparty (category:base,tabindex:-1)
2025-10-30 12:00:19,362 [INFO] PluginManage:310 - Check plugin tools
2025-10-30 12:00:19,365 [INFO] PluginManage:359 - Loaded plugin tools (category:base,tabindex:7)
2025-10-30 12:00:19,366 [INFO] PluginManage:310 - Check plugin tutovideos
2025-10-30 12:00:19,418 [WARN] IntegrityCheckThread:84 - waiting for thirdparty lock release [integrity check]
2025-10-30 12:00:19,419 [INFO] IntegrityCheckThread:86 - entering critical section [integrity check]
2025-10-30 12:00:19,423 [INFO] ThirdPartyUpdaterWithRetryManager:70 - Updater plugin not ready yet. [1/15]
2025-10-30 12:00:19,815 [INFO] PluginManage:359 - Loaded plugin tutovideos (category:base,tabindex:-1)
2025-10-30 12:00:19,815 [INFO] PluginManage:310 - Check plugin updater
2025-10-30 12:00:19,862 [INFO] PluginManage:359 - Loaded plugin updater (category:base,tabindex:12)
2025-10-30 12:00:19,862 [INFO] PluginManage:310 - Check plugin userauth
2025-10-30 12:00:19,871 [INFO] UserAuth:114 - Init User Auth plugin
2025-10-30 12:00:19,871 [INFO] PluginManage:359 - Loaded plugin userauth (category:base,tabindex:14)
2025-10-30 12:00:19,875 [INFO] PluginManage:283 - PluginManage : Loaded plugins [17]
2025-10-30 12:00:20,441 [INFO] PinOutPanel:1561 - setPackage(No Configuration,No Configuration)
2025-10-30 12:00:20,609 [INFO] CADModel:165 - CPN selected for project level
2025-10-30 12:00:20,609 [INFO] CADModel:114 - Register for checkConnection events
2025-10-30 12:00:20,633 [INFO] IPUIPlugin:80 - create IPUIPlugin
2025-10-30 12:00:20,634 [INFO] PluginManager:220 - loadIPPluginJar : add adc
2025-10-30 12:00:20,637 [INFO] IPUIPlugin:80 - create IPUIPlugin
2025-10-30 12:00:20,637 [INFO] PluginManager:220 - loadIPPluginJar : add aes
2025-10-30 12:00:20,641 [INFO] IPUIPlugin:80 - create IPUIPlugin
2025-10-30 12:00:20,641 [INFO] PluginManager:220 - loadIPPluginJar : add can
2025-10-30 12:00:20,643 [INFO] IPUIPlugin:80 - create IPUIPlugin
2025-10-30 12:00:20,644 [INFO] PluginManager:220 - loadIPPluginJar : add comp
2025-10-30 12:00:20,649 [INFO] IPUIPlugin:80 - create IPUIPlugin
2025-10-30 12:00:20,649 [INFO] PluginManager:220 - loadIPPluginJar : add cryp
2025-10-30 12:00:20,652 [INFO] IPUIPlugin:80 - create IPUIPlugin
2025-10-30 12:00:20,652 [INFO] PluginManager:220 - loadIPPluginJar : add dfsdm
2025-10-30 12:00:20,663 [INFO] IPUIPlugin:80 - create IPUIPlugin
2025-10-30 12:00:20,663 [INFO] PluginManager:220 - loadIPPluginJar : add dma
2025-10-30 12:00:20,668 [INFO] IPUIPlugin:80 - create IPUIPlugin
2025-10-30 12:00:20,668 [INFO] PluginManager:220 - loadIPPluginJar : add dma3
2025-10-30 12:00:20,671 [INFO] IPUIPlugin:80 - create IPUIPlugin
2025-10-30 12:00:20,671 [INFO] PluginManager:220 - loadIPPluginJar : add extmemmanager
2025-10-30 12:00:20,674 [INFO] IPUIPlugin:80 - create IPUIPlugin
2025-10-30 12:00:20,674 [INFO] PluginManager:220 - loadIPPluginJar : add fatfs
2025-10-30 12:00:20,683 [INFO] IPUIPlugin:80 - create IPUIPlugin
2025-10-30 12:00:20,683 [INFO] PluginManager:220 - loadIPPluginJar : add fmc
2025-10-30 12:00:20,693 [INFO] IPUIPlugin:80 - create IPUIPlugin
2025-10-30 12:00:20,693 [INFO] PluginManager:220 - loadIPPluginJar : add freertos
2025-10-30 12:00:20,697 [INFO] IPUIPlugin:80 - create IPUIPlugin
2025-10-30 12:00:20,697 [INFO] PluginManager:220 - loadIPPluginJar : add genericplugin
2025-10-30 12:00:20,703 [INFO] IPUIPlugin:80 - create IPUIPlugin
2025-10-30 12:00:20,703 [INFO] PluginManager:220 - loadIPPluginJar : add gfxmmu
2025-10-30 12:00:20,713 [INFO] IPUIPlugin:80 - create IPUIPlugin
2025-10-30 12:00:20,713 [INFO] PluginManager:220 - loadIPPluginJar : add gic
2025-10-30 12:00:20,718 [INFO] IPUIPlugin:80 - create IPUIPlugin
2025-10-30 12:00:20,719 [INFO] PluginManager:220 - loadIPPluginJar : add gpio
2025-10-30 12:00:20,725 [INFO] IPUIPlugin:80 - create IPUIPlugin
2025-10-30 12:00:20,725 [INFO] PluginManager:220 - loadIPPluginJar : add gtzc
2025-10-30 12:00:20,732 [INFO] IPUIPlugin:80 - create IPUIPlugin
2025-10-30 12:00:20,732 [INFO] PluginManager:220 - loadIPPluginJar : add hash
2025-10-30 12:00:20,736 [INFO] IPUIPlugin:80 - create IPUIPlugin
2025-10-30 12:00:20,737 [INFO] PluginManager:220 - loadIPPluginJar : add i2c
2025-10-30 12:00:20,740 [INFO] IPUIPlugin:80 - create IPUIPlugin
2025-10-30 12:00:20,740 [INFO] PluginManager:220 - loadIPPluginJar : add i2s
2025-10-30 12:00:20,745 [INFO] IPUIPlugin:80 - create IPUIPlugin
2025-10-30 12:00:20,746 [INFO] PluginManager:220 - loadIPPluginJar : add i3c
2025-10-30 12:00:20,750 [INFO] IPUIPlugin:80 - create IPUIPlugin
2025-10-30 12:00:20,750 [INFO] PluginManager:220 - loadIPPluginJar : add ipddr
2025-10-30 12:00:20,759 [INFO] IPUIPlugin:80 - create IPUIPlugin
2025-10-30 12:00:20,760 [INFO] PluginManager:220 - loadIPPluginJar : add linkedlist
2025-10-30 12:00:20,763 [INFO] IPUIPlugin:80 - create IPUIPlugin
2025-10-30 12:00:20,763 [INFO] PluginManager:220 - loadIPPluginJar : add lorawan
2025-10-30 12:00:20,765 [INFO] IPUIPlugin:80 - create IPUIPlugin
2025-10-30 12:00:20,765 [INFO] PluginManager:220 - loadIPPluginJar : add ltdc
2025-10-30 12:00:20,772 [INFO] IPUIPlugin:80 - create IPUIPlugin
2025-10-30 12:00:20,772 [INFO] PluginManager:220 - loadIPPluginJar : add mdma
2025-10-30 12:00:20,777 [INFO] IPUIPlugin:80 - create IPUIPlugin
2025-10-30 12:00:20,777 [INFO] PluginManager:220 - loadIPPluginJar : add nvic
2025-10-30 12:00:20,782 [INFO] IPUIPlugin:80 - create IPUIPlugin
2025-10-30 12:00:20,782 [INFO] PluginManager:220 - loadIPPluginJar : add opamp
2025-10-30 12:00:20,786 [INFO] IPUIPlugin:80 - create IPUIPlugin
2025-10-30 12:00:20,786 [INFO] PluginManager:220 - loadIPPluginJar : add openamp
2025-10-30 12:00:20,789 [INFO] IPUIPlugin:80 - create IPUIPlugin
2025-10-30 12:00:20,790 [INFO] PluginManager:220 - loadIPPluginJar : add pdm2pcm
2025-10-30 12:00:20,800 [INFO] IPUIPlugin:80 - create IPUIPlugin
2025-10-30 12:00:20,803 [INFO] PluginManager:220 - loadIPPluginJar : add plateformsettings
2025-10-30 12:00:20,805 [INFO] IPUIPlugin:80 - create IPUIPlugin
2025-10-30 12:00:20,806 [INFO] PluginManager:220 - loadIPPluginJar : add quadspi
2025-10-30 12:00:20,815 [INFO] IPUIPlugin:80 - create IPUIPlugin
2025-10-30 12:00:20,815 [INFO] PluginManager:220 - loadIPPluginJar : add resmgrutility
2025-10-30 12:00:20,818 [INFO] IPUIPlugin:80 - create IPUIPlugin
2025-10-30 12:00:20,818 [INFO] PluginManager:220 - loadIPPluginJar : add sai
2025-10-30 12:00:20,821 [INFO] IPUIPlugin:80 - create IPUIPlugin
2025-10-30 12:00:20,821 [INFO] PluginManager:220 - loadIPPluginJar : add spi
2025-10-30 12:00:20,827 [INFO] IPUIPlugin:80 - create IPUIPlugin
2025-10-30 12:00:20,827 [INFO] PluginManager:220 - loadIPPluginJar : add stm32_wpan
2025-10-30 12:00:20,830 [INFO] IPUIPlugin:80 - create IPUIPlugin
2025-10-30 12:00:20,830 [INFO] PluginManager:220 - loadIPPluginJar : add tim
2025-10-30 12:00:20,834 [INFO] IPUIPlugin:80 - create IPUIPlugin
2025-10-30 12:00:20,834 [INFO] PluginManager:220 - loadIPPluginJar : add touchsensing
2025-10-30 12:00:20,837 [INFO] IPUIPlugin:80 - create IPUIPlugin
2025-10-30 12:00:20,837 [INFO] PluginManager:220 - loadIPPluginJar : add tracer_emb
2025-10-30 12:00:20,839 [INFO] IPUIPlugin:80 - create IPUIPlugin
2025-10-30 12:00:20,839 [INFO] PluginManager:220 - loadIPPluginJar : add ts
2025-10-30 12:00:20,841 [INFO] IPUIPlugin:80 - create IPUIPlugin
2025-10-30 12:00:20,841 [INFO] PluginManager:220 - loadIPPluginJar : add tsc
2025-10-30 12:00:20,844 [INFO] IPUIPlugin:80 - create IPUIPlugin
2025-10-30 12:00:20,844 [INFO] PluginManager:220 - loadIPPluginJar : add ucpd
2025-10-30 12:00:20,847 [INFO] IPUIPlugin:80 - create IPUIPlugin
2025-10-30 12:00:20,847 [INFO] PluginManager:220 - loadIPPluginJar : add usart
2025-10-30 12:00:20,850 [INFO] IPUIPlugin:80 - create IPUIPlugin
2025-10-30 12:00:20,850 [INFO] PluginManager:220 - loadIPPluginJar : add usbx
2025-10-30 12:00:21,010 [INFO] CADModel:165 - CPN selected for project level
2025-10-30 12:00:21,011 [INFO] CADModel:114 - Register for checkConnection events
2025-10-30 12:00:21,012 [FATAL] Updater:308 - Updater called before beeing initialized
2025-10-30 12:00:21,012 [ERROR] CADModel:125 - Updater not yet initialized, retry later 
2025-10-30 12:00:21,230 [INFO] CADModel:165 - CPN selected for project level
2025-10-30 12:00:21,230 [INFO] CADModel:114 - Register for checkConnection events
2025-10-30 12:00:21,230 [FATAL] Updater:308 - Updater called before beeing initialized
2025-10-30 12:00:21,230 [ERROR] CADModel:125 - Updater not yet initialized, retry later 
2025-10-30 12:00:21,235 [FATAL] Updater:308 - Updater called before beeing initialized
2025-10-30 12:00:21,497 [FATAL] Updater:308 - Updater called before beeing initialized
2025-10-30 12:00:21,503 [INFO] DbMcusAds:53 - JSON generation date=Thu Oct 02 11:36:05 CEST 2025 (1759397765645)
2025-10-30 12:00:21,503 [FATAL] Updater:308 - Updater called before beeing initialized
2025-10-30 12:00:21,555 [WARN] DetailPanel:346 - Failed to get advertising image, set to default
2025-10-30 12:00:21,663 [FATAL] Updater:308 - Updater called before beeing initialized
2025-10-30 12:00:21,665 [FATAL] Updater:308 - Updater called before beeing initialized
2025-10-30 12:00:21,666 [FATAL] Updater:308 - Updater called before beeing initialized
2025-10-30 12:00:21,666 [WARN] DetailPanel:346 - Failed to get advertising image, set to default
2025-10-30 12:00:21,667 [FATAL] Updater:308 - Updater called before beeing initialized
2025-10-30 12:00:21,736 [ERROR] Updater:1120 - MainUpdater not yet initialized. External WinMGr cannot be set.
2025-10-30 12:00:21,738 [INFO] Updater:1056 - Updater Version found : 6.11.0
2025-10-30 12:00:21,762 [INFO] ApplicationProperties:184 - Using Application install path: C:\ST\STM32CubeIDE_1.15.0\STM32CubeIDE\plugins\com.st.stm32cube.common.mx_6.11.0.202403141607
2025-10-30 12:00:22,426 [INFO] ThirdPartyUpdaterWithRetryManager:70 - Updater plugin not ready yet. [2/15]
2025-10-30 12:00:23,341 [ERROR] LogOutputStream:75 - [STDERR_REDIRECT] Oct 30, 2025 12:00:23 PM java.util.prefs.WindowsPreferences <init>
2025-10-30 12:00:23,342 [ERROR] LogOutputStream:75 - [STDERR_REDIRECT] WARNING: Could not open/create prefs root node Software\JavaSoft\Prefs at root 0xffffffff80000002. Windows RegCreateKeyEx(...) returned error code 5.
2025-10-30 12:00:23,344 [ERROR] LogOutputStream:75 - [STDERR_REDIRECT] 
2025-10-30 12:00:23,709 [INFO] MainUpdater:2873 - connection check result : 10
2025-10-30 12:00:23,712 [INFO] MainUpdater:290 - Updater Check For Update Now.
2025-10-30 12:00:23,713 [INFO] MicroXplorer:498 - Change Database Version : DB.6.0.110
2025-10-30 12:00:23,723 [INFO] McuFinderGlobals:63 - Set McuFinder mode to 2 (CubeIDE integrated)
2025-10-30 12:00:23,731 [INFO] UserAuth:415 - Internet connection configuration mode: 1
2025-10-30 12:00:23,769 [INFO] JxBrowserEngine:152 - Initiate JxBrowser Engine with user profile folder
2025-10-30 12:00:23,990 [INFO] CheckServerUpdateThread:120 - End of CheckServer Thread
2025-10-30 12:00:24,853 [INFO] WebApp:161 - Instantiating new browser for Auth
2025-10-30 12:00:25,747 [WARN] PackLoader:240 - Cannot read IP mode file for STMicroelectronics.FP-SNS-MOTENVWB1.1.4.0
2025-10-30 12:00:25,756 [WARN] PackLoader:240 - Cannot read IP mode file for STMicroelectronics.FP-ATR-ASTRA1.2.0.2
2025-10-30 12:00:25,766 [WARN] PackLoader:240 - Cannot read IP mode file for STMicroelectronics.X-CUBE-SMBUS.2.1.0
2025-10-30 12:00:25,775 [WARN] PackLoader:240 - Cannot read IP mode file for STMicroelectronics.X-CUBE-WB05N.1.1.0
2025-10-30 12:00:25,781 [ERROR] Engine:466 - C:\Users\racin\.stm32cubemx\thirdparties\pdsc\STMicroelectronics.X-CUBE-ST60.1.0.0.pdsc: PDSC version is not supported
2025-10-30 12:00:25,790 [WARN] PackLoader:240 - Cannot read IP mode file for STMicroelectronics.X-CUBE-TOUCHGFX.4.23.2
2025-10-30 12:00:25,825 [WARN] PackLoader:240 - Cannot read IP mode file for STMicroelectronics.X-CUBE-AZRTOS-F7.1.1.0
2025-10-30 12:00:25,905 [WARN] PackLoader:240 - Cannot read IP mode file for STMicroelectronics.X-CUBE-MEMS1.11.0.0
2025-10-30 12:00:26,149 [ERROR] Engine:466 - C:\Users\racin\.stm32cubemx\thirdparties\pdsc\STMicroelectronics.FP-SNS-MOTENV1.5.1.0.pdsc: PDSC version is not supported
2025-10-30 12:00:26,153 [WARN] PackLoader:240 - Cannot read IP mode file for STMicroelectronics.FP-SNS-FLIGHT1.5.0.2
2025-10-30 12:00:26,179 [WARN] PackLoader:240 - Cannot read IP mode file for STMicroelectronics.X-CUBE-AZRTOS-H7.3.4.0
2025-10-30 12:00:26,189 [WARN] PackLoader:240 - Cannot read IP mode file for STMicroelectronics.X-CUBE-DISPLAY.3.0.0
2025-10-30 12:00:26,199 [WARN] PackLoader:240 - Cannot read IP mode file for STMicroelectronics.X-CUBE-BLE1.7.0.0
2025-10-30 12:00:26,206 [WARN] PackLoader:240 - Cannot read IP mode file for STMicroelectronics.X-CUBE-NFC10.1.0.0
2025-10-30 12:00:26,218 [WARN] PackLoader:240 - Cannot read IP mode file for STMicroelectronics.X-CUBE-BLEMGR.4.0.0
2025-10-30 12:00:26,225 [ERROR] Engine:466 - C:\Users\racin\.stm32cubemx\thirdparties\pdsc\STMicroelectronics.X-CUBE-ST60.1.1.0.pdsc: PDSC version is not supported
2025-10-30 12:00:26,242 [WARN] PackLoader:240 - Cannot read IP mode file for emotas.I-CUBE-CANOPEN.1.3.0
2025-10-30 12:00:26,248 [WARN] PackLoader:240 - Cannot read IP mode file for STMicroelectronics.X-CUBE-GNSS1.7.1.0
2025-10-30 12:00:26,253 [WARN] ConditionMgr:438 - getConditionDescription Invalid condition id : Cortex-A Device cause : null
2025-10-30 12:00:26,281 [WARN] ConditionMgr:1039 - genDependencies : Invalid condition id : Cortex-A Device cause : null
2025-10-30 12:00:26,281 [WARN] ConditionMgr:1039 - genDependencies : Invalid condition id : Cortex-A Device cause : null
2025-10-30 12:00:26,281 [WARN] ConditionMgr:1039 - genDependencies : Invalid condition id : Cortex-A Device cause : null
2025-10-30 12:00:26,287 [WARN] PackLoader:240 - Cannot read IP mode file for STMicroelectronics.X-CUBE-BLEMGR.3.1.0
2025-10-30 12:00:26,306 [WARN] PackLoader:240 - Cannot read IP mode file for STMicroelectronics.X-CUBE-AI.10.0.0
2025-10-30 12:00:26,310 [ERROR] Engine:466 - C:\Users\racin\.stm32cubemx\thirdparties\pdsc\STMicroelectronics.FP-SNS-STBOX1.2.1.0.pdsc: PDSC version is not supported
2025-10-30 12:00:26,313 [WARN] PackLoader:240 - Cannot read IP mode file for STMicroelectronics.FP-SNS-SMARTAG2.1.2.0
2025-10-30 12:00:26,316 [ERROR] Engine:466 - C:\Users\racin\.stm32cubemx\thirdparties\pdsc\STMicroelectronics.FP-SNS-FLIGHT1.5.1.0.pdsc: PDSC version is not supported
2025-10-30 12:00:26,360 [WARN] PackLoader:240 - Cannot read IP mode file for STMicroelectronics.X-CUBE-MEMS1.11.1.0
2025-10-30 12:00:26,485 [INFO] WebApp:779 - Register for checkConnection events
2025-10-30 12:00:26,485 [INFO] WebApp:414 - Apply proxy settings
2025-10-30 12:00:26,485 [INFO] WebApp:499 - Chromium requires no authentication
2025-10-30 12:00:26,497 [INFO] WebApp:442 - Direct internet connection detected
2025-10-30 12:00:26,549 [INFO] LogOutputStream:77 - [STDOUT_REDIRECT] 1 : Invalid condition id : UX_CORESTACK_Condition cause : null
2025-10-30 12:00:26,550 [INFO] LogOutputStream:77 - [STDOUT_REDIRECT] 1 : Invalid condition id : UX_CORESTACK_Condition cause : null
2025-10-30 12:00:26,552 [INFO] LogOutputStream:77 - [STDOUT_REDIRECT] 1 : Invalid condition id : UX_CORESTACK_Condition cause : null
2025-10-30 12:00:26,553 [INFO] LogOutputStream:77 - [STDOUT_REDIRECT] 1 : Invalid condition id : UX_CORESTACK_Condition cause : null
2025-10-30 12:00:26,555 [INFO] LogOutputStream:77 - [STDOUT_REDIRECT] 1 : Invalid condition id : UX_CORESTACK_Condition cause : null
2025-10-30 12:00:26,557 [WARN] PackLoader:240 - Cannot read IP mode file for STMicroelectronics.X-CUBE-AZRTOS-WL.2.0.0
2025-10-30 12:00:26,562 [WARN] PackLoader:240 - Cannot read IP mode file for STMicroelectronics.FP-SNS-MOTENV1.5.0.0
2025-10-30 12:00:26,567 [WARN] PackLoader:240 - Cannot read IP mode file for wolfSSL.I-CUBE-wolfMQTT.1.19.0
2025-10-30 12:00:26,578 [WARN] PackLoader:240 - Cannot read IP mode file for WES.I-CUBE-Cesium.1.3.0
2025-10-30 12:00:26,584 [WARN] PackLoader:240 - Cannot read IP mode file for STMicroelectronics.X-CUBE-BLE2.3.3.0
2025-10-30 12:00:26,589 [WARN] PackLoader:240 - Cannot read IP mode file for STMicroelectronics.X-CUBE-NFC9.1.0.0
2025-10-30 12:00:26,596 [WARN] PackLoader:240 - Cannot read IP mode file for STMicroelectronics.X-CUBE-BLE1.7.1.0
2025-10-30 12:00:26,601 [WARN] PackLoader:240 - Cannot read IP mode file for STMicroelectronics.X-CUBE-TCPP.4.1.0
2025-10-30 12:00:26,607 [WARN] PackLoader:240 - Cannot read IP mode file for STMicroelectronics.X-CUBE-EEPRMA1.5.2.0
2025-10-30 12:00:26,611 [ERROR] Engine:466 - C:\Users\racin\.stm32cubemx\thirdparties\pdsc\STMicroelectronics.X-CUBE-ST67W61.1.1.0.pdsc: PDSC version is not supported
2025-10-30 12:00:26,615 [WARN] PackLoader:240 - Cannot read IP mode file for STMicroelectronics.X-CUBE-AI.10.1.0
2025-10-30 12:00:26,620 [WARN] PackLoader:240 - Cannot read IP mode file for STMicroelectronics.X-CUBE-ALGOBUILD.1.3.0
2025-10-30 12:00:26,689 [WARN] PackLoader:240 - Cannot read IP mode file for STMicroelectronics.X-CUBE-MEMS1.11.2.0
2025-10-30 12:00:26,862 [WARN] PackLoader:240 - Cannot read IP mode file for STMicroelectronics.X-CUBE-AZRTOS-G0.1.1.0
2025-10-30 12:00:26,870 [WARN] PackLoader:240 - Cannot read IP mode file for STMicroelectronics.X-CUBE-SAFEA1.1.2.2
2025-10-30 12:00:26,877 [WARN] PackLoader:240 - Cannot read IP mode file for STMicroelectronics.X-CUBE-NFC4.3.0.0
2025-10-30 12:00:26,887 [WARN] PackLoader:240 - Cannot read IP mode file for EmbeddedOffice.I-CUBE-FS-RTOS.1.0.1
2025-10-30 12:00:26,887 [ERROR] ConditionMgr:805 - Attr not supported : Dmpu
2025-10-30 12:00:26,888 [ERROR] ConditionMgr:805 - Attr not supported : Dmpu
2025-10-30 12:00:26,888 [ERROR] ConditionMgr:805 - Attr not supported : Dmpu
2025-10-30 12:00:26,888 [ERROR] ConditionMgr:805 - Attr not supported : Dmpu
2025-10-30 12:00:26,888 [ERROR] ConditionMgr:805 - Attr not supported : Dmpu
2025-10-30 12:00:26,888 [ERROR] ConditionMgr:805 - Attr not supported : Dmpu
2025-10-30 12:00:26,888 [ERROR] ConditionMgr:805 - Attr not supported : Dmpu
2025-10-30 12:00:26,888 [ERROR] ConditionMgr:805 - Attr not supported : Dmpu
2025-10-30 12:00:26,888 [ERROR] ConditionMgr:805 - Attr not supported : Dmpu
2025-10-30 12:00:26,888 [ERROR] ConditionMgr:805 - Attr not supported : Dmpu
2025-10-30 12:00:26,888 [ERROR] ConditionMgr:805 - Attr not supported : Dmpu
2025-10-30 12:00:26,888 [ERROR] ConditionMgr:805 - Attr not supported : Dmpu
2025-10-30 12:00:26,888 [ERROR] ConditionMgr:805 - Attr not supported : Dmpu
2025-10-30 12:00:26,888 [ERROR] ConditionMgr:805 - Attr not supported : Dmpu
2025-10-30 12:00:26,888 [ERROR] ConditionMgr:805 - Attr not supported : Dmpu
2025-10-30 12:00:26,889 [ERROR] ConditionMgr:805 - Attr not supported : Dmpu
2025-10-30 12:00:26,889 [ERROR] ConditionMgr:805 - Attr not supported : Dmpu
2025-10-30 12:00:26,889 [ERROR] ConditionMgr:805 - Attr not supported : Dmpu
2025-10-30 12:00:26,889 [ERROR] ConditionMgr:805 - Attr not supported : Dmpu
2025-10-30 12:00:26,889 [ERROR] ConditionMgr:805 - Attr not supported : Dmpu
2025-10-30 12:00:26,889 [ERROR] ConditionMgr:805 - Attr not supported : Dmpu
2025-10-30 12:00:26,889 [ERROR] ConditionMgr:805 - Attr not supported : Dmpu
2025-10-30 12:00:26,889 [ERROR] ConditionMgr:805 - Attr not supported : Dmpu
2025-10-30 12:00:26,889 [ERROR] ConditionMgr:805 - Attr not supported : Dmpu
2025-10-30 12:00:26,889 [ERROR] ConditionMgr:805 - Attr not supported : Dmpu
2025-10-30 12:00:26,889 [ERROR] ConditionMgr:805 - Attr not supported : Dmpu
2025-10-30 12:00:26,889 [ERROR] ConditionMgr:805 - Attr not supported : Dmpu
2025-10-30 12:00:26,889 [ERROR] ConditionMgr:805 - Attr not supported : Dmpu
2025-10-30 12:00:26,889 [ERROR] ConditionMgr:805 - Attr not supported : Dmpu
2025-10-30 12:00:26,889 [ERROR] ConditionMgr:805 - Attr not supported : Dmpu
2025-10-30 12:00:26,889 [ERROR] ConditionMgr:805 - Attr not supported : Dmpu
2025-10-30 12:00:26,889 [ERROR] ConditionMgr:805 - Attr not supported : Dmpu
2025-10-30 12:00:26,890 [ERROR] ConditionMgr:805 - Attr not supported : Dmpu
2025-10-30 12:00:26,890 [ERROR] ConditionMgr:805 - Attr not supported : Dmpu
2025-10-30 12:00:26,890 [ERROR] ConditionMgr:805 - Attr not supported : Dmpu
2025-10-30 12:00:26,890 [ERROR] ConditionMgr:805 - Attr not supported : Dmpu
2025-10-30 12:00:26,890 [ERROR] ConditionMgr:805 - Attr not supported : Dmpu
2025-10-30 12:00:26,890 [ERROR] ConditionMgr:805 - Attr not supported : Dmpu
2025-10-30 12:00:26,890 [ERROR] ConditionMgr:805 - Attr not supported : Dmpu
2025-10-30 12:00:26,890 [ERROR] ConditionMgr:805 - Attr not supported : Dmpu
2025-10-30 12:00:26,890 [ERROR] ConditionMgr:805 - Attr not supported : Dmpu
2025-10-30 12:00:26,890 [ERROR] ConditionMgr:805 - Attr not supported : Dmpu
2025-10-30 12:00:26,890 [ERROR] ConditionMgr:805 - Attr not supported : Dmpu
2025-10-30 12:00:26,890 [ERROR] ConditionMgr:805 - Attr not supported : Dmpu
2025-10-30 12:00:26,890 [ERROR] ConditionMgr:805 - Attr not supported : Dmpu
2025-10-30 12:00:26,891 [ERROR] ConditionMgr:805 - Attr not supported : Dmpu
2025-10-30 12:00:26,891 [ERROR] ConditionMgr:805 - Attr not supported : Dmpu
2025-10-30 12:00:26,891 [ERROR] ConditionMgr:805 - Attr not supported : Dmpu
2025-10-30 12:00:26,891 [ERROR] ConditionMgr:805 - Attr not supported : Dmpu
2025-10-30 12:00:26,891 [ERROR] ConditionMgr:805 - Attr not supported : Dmpu
2025-10-30 12:00:26,891 [ERROR] ConditionMgr:805 - Attr not supported : Dmpu
2025-10-30 12:00:26,891 [ERROR] ConditionMgr:805 - Attr not supported : Dmpu
2025-10-30 12:00:26,891 [ERROR] ConditionMgr:805 - Attr not supported : Dmpu
2025-10-30 12:00:26,891 [ERROR] ConditionMgr:805 - Attr not supported : Dmpu
2025-10-30 12:00:26,891 [ERROR] ConditionMgr:805 - Attr not supported : Dmpu
2025-10-30 12:00:26,891 [ERROR] ConditionMgr:805 - Attr not supported : Dmpu
2025-10-30 12:00:26,891 [ERROR] ConditionMgr:805 - Attr not supported : Dmpu
2025-10-30 12:00:26,891 [ERROR] ConditionMgr:805 - Attr not supported : Dmpu
2025-10-30 12:00:26,891 [ERROR] ConditionMgr:805 - Attr not supported : Dmpu
2025-10-30 12:00:26,891 [ERROR] ConditionMgr:805 - Attr not supported : Dmpu
2025-10-30 12:00:26,891 [ERROR] ConditionMgr:805 - Attr not supported : Dmpu
2025-10-30 12:00:26,891 [ERROR] ConditionMgr:805 - Attr not supported : Dmpu
2025-10-30 12:00:26,892 [ERROR] ConditionMgr:805 - Attr not supported : Dmpu
2025-10-30 12:00:26,892 [ERROR] ConditionMgr:805 - Attr not supported : Dmpu
2025-10-30 12:00:26,906 [WARN] PackLoader:240 - Cannot read IP mode file for STMicroelectronics.X-CUBE-WB05N.2.0.0
2025-10-30 12:00:26,909 [ERROR] Engine:466 - C:\Users\racin\.stm32cubemx\thirdparties\pdsc\STMicroelectronics.X-CUBE-TCPP.4.2.0.pdsc: PDSC version is not supported
2025-10-30 12:00:26,914 [WARN] PackLoader:240 - Cannot read IP mode file for RealThread.X-CUBE-RT-Thread_Nano.4.1.1
2025-10-30 12:00:26,918 [WARN] PackLoader:240 - Cannot read IP mode file for wolfSSL.I-CUBE-wolfSSL.5.7.0
2025-10-30 12:00:26,921 [WARN] PackLoader:240 - Cannot read IP mode file for STMicroelectronics.FP-ATR-SIGFOX1.3.2.0
2025-10-30 12:00:26,926 [WARN] PackLoader:240 - Cannot read IP mode file for STMicroelectronics.X-CUBE-EEPRMA1.5.1.0
2025-10-30 12:00:26,932 [WARN] PackLoader:240 - Cannot read IP mode file for ITTIA_DB.I-CUBE-ITTIADB.8.9.0
2025-10-30 12:00:26,934 [ERROR] Engine:466 - C:\Users\racin\.stm32cubemx\thirdparties\pdsc\STMicroelectronics.X-CUBE-ST67W61.1.0.0.pdsc: PDSC version is not supported
2025-10-30 12:00:26,937 [WARN] PackLoader:240 - Cannot read IP mode file for STMicroelectronics.X-CUBE-AI.10.2.0
2025-10-30 12:00:26,988 [WARN] PackLoader:240 - Cannot read IP mode file for SEGGER.I-CUBE-embOS.1.3.1
2025-10-30 12:00:27,026 [WARN] PackLoader:240 - Cannot read IP mode file for STMicroelectronics.X-CUBE-ALGOBUILD.1.4.0
2025-10-30 12:00:27,066 [WARN] PackLoader:240 - Cannot read IP mode file for STMicroelectronics.X-CUBE-MEMS1.11.3.0
2025-10-30 12:00:27,190 [INFO] WebApp:192 - Starting web application
2025-10-30 12:00:27,190 [INFO] WebApp:544 - Web application path used C:\ST\STM32CubeIDE_1.15.0\STM32CubeIDE\plugins\com.st.stm32cube.common.mx_6.11.0.202403141607\db\plugins\mcufinder\reactClient1\index.html
2025-10-30 12:00:27,234 [WARN] PackLoader:240 - Cannot read IP mode file for STMicroelectronics.X-CUBE-AI.9.1.0
2025-10-30 12:00:27,238 [WARN] PackLoader:240 - Cannot read IP mode file for STMicroelectronics.X-CUBE-PM33A1.1.0.0
2025-10-30 12:00:27,244 [WARN] PackLoader:240 - Cannot read IP mode file for STMicroelectronics.X-CUBE-GNSS1.6.0.0
2025-10-30 12:00:27,270 [WARN] PackLoader:240 - Cannot read IP mode file for STMicroelectronics.X-CUBE-AZRTOS-F4.1.1.0
2025-10-30 12:00:27,274 [ERROR] Engine:466 - C:\Users\racin\.stm32cubemx\thirdparties\pdsc\Avnet-IotConnect.X-CUBE-IoTC-DA16k-PMOD.1.0.0.pdsc: PDSC version is not supported
2025-10-30 12:00:27,278 [WARN] PackLoader:240 - Cannot read IP mode file for STMicroelectronics.X-CUBE-ISPU.2.1.0
2025-10-30 12:00:27,282 [ERROR] Engine:466 - C:\Users\racin\.stm32cubemx\thirdparties\pdsc\STMicroelectronics.X-CUBE-IPS.3.2.0.pdsc: PDSC version is not supported
2025-10-30 12:00:27,288 [WARN] PackLoader:240 - Cannot read IP mode file for STMicroelectronics.X-CUBE-FREERTOS.1.2.0
2025-10-30 12:00:27,296 [WARN] PackLoader:240 - Cannot read IP mode file for STMicroelectronics.X-CUBE-NFC12.1.0.0
2025-10-30 12:00:27,313 [WARN] PackLoader:240 - Cannot read IP mode file for STMicroelectronics.X-CUBE-AZRTOS-L5.2.0.0
2025-10-30 12:00:27,320 [WARN] PackLoader:240 - Cannot read IP mode file for STMicroelectronics.X-CUBE-NFC6.3.1.0
2025-10-30 12:00:27,328 [WARN] PackLoader:240 - Cannot read IP mode file for STMicroelectronics.X-CUBE-DPower.1.2.0
2025-10-30 12:00:27,331 [WARN] PackLoader:240 - Cannot read IP mode file for STMicroelectronics.X-CUBE-AI.9.0.0
2025-10-30 12:00:27,336 [WARN] PackLoader:240 - Cannot read IP mode file for STMicroelectronics.X-CUBE-FREERTOS.1.3.1
2025-10-30 12:00:27,366 [WARN] PackLoader:240 - Cannot read IP mode file for STMicroelectronics.X-CUBE-FREERTOS.1.3.0
2025-10-30 12:00:27,371 [WARN] PackLoader:240 - Cannot read IP mode file for STMicroelectronics.X-CUBE-NFC7.1.0.1
2025-10-30 12:00:27,376 [WARN] PackLoader:240 - Cannot read IP mode file for wolfSSL.I-CUBE-wolfTPM.3.2.0
2025-10-30 12:00:27,379 [WARN] PackLoader:240 - Cannot read IP mode file for STMicroelectronics.X-CUBE-TOUCHGFX.4.26.0
2025-10-30 12:00:27,383 [ERROR] Engine:466 - C:\Users\racin\.stm32cubemx\thirdparties\pdsc\STMicroelectronics.FP-SNS-STAIOTCFT.1.0.0.pdsc: PDSC version is not supported
2025-10-30 12:00:27,386 [WARN] PackLoader:240 - Cannot read IP mode file for STMicroelectronics.X-CUBE-DPower.1.3.0
2025-10-30 12:00:27,389 [WARN] PackLoader:240 - Cannot read IP mode file for STMicroelectronics.X-CUBE-AI.8.1.0
2025-10-30 12:00:27,404 [WARN] ConditionMgr:438 - getConditionDescription Invalid condition id : LAN8742 Phy interface Condition cause : null
2025-10-30 12:00:27,405 [WARN] PackLoader:240 - Cannot read IP mode file for STMicroelectronics.X-CUBE-AZRTOS-L4.2.0.0
2025-10-30 12:00:27,406 [WARN] ConditionMgr:1039 - genDependencies : Invalid condition id : LAN8742 Phy interface Condition cause : null
2025-10-30 12:00:27,406 [WARN] ConditionMgr:1039 - genDependencies : Invalid condition id : LAN8742 Phy interface Condition cause : null
2025-10-30 12:00:27,407 [WARN] ConditionMgr:1039 - genDependencies : Invalid condition id : LAN8742 Phy interface Condition cause : null
2025-10-30 12:00:27,415 [WARN] PackLoader:240 - Cannot read IP mode file for STMicroelectronics.X-CUBE-SFXS2LP1.4.0.0
2025-10-30 12:00:27,434 [WARN] PackLoader:240 - Cannot read IP mode file for STMicroelectronics.X-CUBE-AZRTOS-H7.3.3.0
2025-10-30 12:00:27,441 [ERROR] Engine:466 - C:\Users\racin\.stm32cubemx\thirdparties\pdsc\STMicroelectronics.X-CUBE-BLEMGR.4.1.0.pdsc: PDSC version is not supported
2025-10-30 12:00:27,453 [WARN] PackLoader:240 - Cannot read IP mode file for STMicroelectronics.X-CUBE-IPS.3.0.0
2025-10-30 12:00:27,466 [WARN] ConditionMgr:438 - getConditionDescription Invalid condition id : UX DEVICE CLASS RTOS Condition cause : null
2025-10-30 12:00:27,466 [WARN] ConditionMgr:438 - getConditionDescription Invalid condition id : UX DEVICE CLASS RTOS Condition cause : null
2025-10-30 12:00:27,468 [WARN] PackLoader:240 - Cannot read IP mode file for STMicroelectronics.X-CUBE-AZRTOS-WB.2.0.0
2025-10-30 12:00:27,468 [WARN] ConditionMgr:1039 - genDependencies : Invalid condition id : UX DEVICE CLASS RTOS Condition cause : null
2025-10-30 12:00:27,469 [WARN] ConditionMgr:1039 - genDependencies : Invalid condition id : UX DEVICE CLASS RTOS Condition cause : null
2025-10-30 12:00:27,469 [WARN] ConditionMgr:1039 - genDependencies : Invalid condition id : UX DEVICE CLASS RTOS Condition cause : null
2025-10-30 12:00:27,470 [WARN] ConditionMgr:1039 - genDependencies : Invalid condition id : UX DEVICE CLASS RTOS Condition cause : null
2025-10-30 12:00:27,470 [WARN] ConditionMgr:1039 - genDependencies : Invalid condition id : UX DEVICE CLASS RTOS Condition cause : null
2025-10-30 12:00:27,492 [WARN] PackLoader:240 - Cannot read IP mode file for STMicroelectronics.X-CUBE-GNSS1.7.0.0
2025-10-30 12:00:27,497 [WARN] PackLoader:240 - Cannot read IP mode file for STMicroelectronics.X-CUBE-GNSS1.7.0.1
2025-10-30 12:00:27,500 [WARN] PackLoader:240 - Cannot read IP mode file for STMicroelectronics.X-CUBE-TOUCHGFX.4.25.0
2025-10-30 12:00:27,505 [WARN] PackLoader:240 - Cannot read IP mode file for STMicroelectronics.FP-SNS-STBOX1.2.0.0
2025-10-30 12:00:27,516 [WARN] PackLoader:240 - Cannot read IP mode file for STMicroelectronics.X-CUBE-SUBG2.5.0.0
2025-10-30 12:00:27,536 [WARN] PackLoader:240 - Cannot read IP mode file for STMicroelectronics.X-CUBE-AZRTOS-H7RS.1.1.0
2025-10-30 12:00:27,541 [WARN] PackLoader:240 - Cannot read IP mode file for Cesanta.I-CUBE-Mongoose.7.13.0
2025-10-30 12:00:27,554 [WARN] PackLoader:240 - Cannot read IP mode file for STMicroelectronics.X-CUBE-AZRTOS-G4.2.0.0
2025-10-30 12:00:27,558 [WARN] PackLoader:240 - Cannot read IP mode file for STMicroelectronics.X-CUBE-NFC7.2.0.0
2025-10-30 12:00:27,563 [WARN] PackLoader:240 - Cannot read IP mode file for STMicroelectronics.FP-SNS-MOTENVWB1.1.3.1
2025-10-30 12:00:27,566 [WARN] PackLoader:240 - Cannot read IP mode file for STMicroelectronics.X-CUBE-ISPU.2.0.0
2025-10-30 12:00:27,570 [ERROR] Engine:466 - C:\Users\racin\.stm32cubemx\thirdparties\pdsc\STMicroelectronics.X-CUBE-IPS.3.1.0.pdsc: PDSC version is not supported
2025-10-30 12:00:27,574 [WARN] PackLoader:240 - Cannot read IP mode file for STMicroelectronics.X-CUBE-ALS.1.0.2
2025-10-30 12:00:27,657 [WARN] PackLoader:240 - Cannot read IP mode file for STMicroelectronics.X-CUBE-MEMS1.10.0.0
2025-10-30 12:00:27,780 [WARN] PackLoader:240 - Cannot read IP mode file for STMicroelectronics.X-CUBE-FREERTOS.1.1.0
2025-10-30 12:00:27,783 [WARN] PackLoader:240 - Cannot read IP mode file for STMicroelectronics.X-CUBE-TOUCHGFX.4.24.0
2025-10-30 12:00:27,785 [WARN] PackLoader:240 - Cannot read IP mode file for STMicroelectronics.X-CUBE-TOUCHGFX.4.24.1
2025-10-30 12:00:27,790 [WARN] PackLoader:240 - Cannot read IP mode file for STMicroelectronics.X-CUBE-STSE01.1.0.0
2025-10-30 12:00:27,797 [WARN] PackLoader:240 - Cannot read IP mode file for portGmbH.I-Cube-SoM-uGOAL.1.1.0
2025-10-30 12:00:27,799 [WARN] PackLoader:240 - Cannot read IP mode file for STMicroelectronics.X-CUBE-ALS.1.0.1
2025-10-30 12:00:27,816 [WARN] PackLoader:240 - Cannot read IP mode file for STMicroelectronics.X-CUBE-AZRTOS-H7RS.1.0.0
2025-10-30 12:00:27,820 [WARN] PackLoader:240 - Cannot read IP mode file for STMicroelectronics.FP-ATR-ASTRA1.2.0.0
2025-10-30 12:00:27,828 [WARN] PackLoader:240 - Cannot read IP mode file for STMicroelectronics.X-CUBE-TOF1.3.4.2
2025-10-30 12:00:27,839 [ERROR] Engine:466 - C:\Users\racin\.stm32cubemx\thirdparties\pdsc\STMicroelectronics.X-CUBE-TOF1.3.4.3.pdsc: PDSC version is not supported
2025-10-30 12:00:27,848 [WARN] PackLoader:240 - Cannot read IP mode file for STMicroelectronics.X-CUBE-TOF1.3.4.1
2025-10-30 12:00:27,963 [WARN] PackLoader:240 - Cannot read IP mode file for STMicroelectronics.X-CUBE-AZRTOS-H7.3.2.0
2025-10-30 12:00:27,996 [WARN] PackLoader:240 - Cannot read IP mode file for Infineon.AIROC-Wi-Fi-Bluetooth-STM32.1.6.0
2025-10-30 12:00:28,003 [WARN] PackLoader:240 - Cannot read IP mode file for wolfSSL.I-CUBE-wolfSSH.1.4.17
2025-10-30 12:00:28,004 [INFO] ThirdParty:978 - Integrity check success = true
2025-10-30 12:00:28,004 [INFO] IntegrityCheckThread:100 - exiting critical section [integrity check]
2025-10-30 12:00:28,004 [INFO] IntegrityCheckThread:103 - End integrity checks thread
2025-10-30 19:14:47,799 [INFO] WebApp:354 - JxBrowser engine has been closed 
