19:03:37 **** Incremental Build of configuration Debug for project VCU_Firmware ****
make -j4 all 
arm-none-eabi-gcc "../Core/Src/can.c" -mcpu=cortex-m7 -std=gnu11 -g3 -DDEBUG -DUSE_HAL_DRIVER -DSTM32F767xx -c -I../Core/Inc -I../Drivers/STM32F7xx_HAL_Driver/Inc -I../Drivers/STM32F7xx_HAL_Driver/Inc/Legacy -I../Drivers/CMSIS/Device/ST/STM32F7xx/Include -I../Drivers/CMSIS/Include -O0 -ffunction-sections -fdata-sections -Wall -fstack-usage -fcyclomatic-complexity -MMD -MP -MF"Core/Src/can.d" -MT"Core/Src/can.o" --specs=nano.specs -mfpu=fpv5-d16 -mfloat-abi=hard -mthumb -o "Core/Src/can.o"
arm-none-eabi-gcc "../Core/Src/motor_control.c" -mcpu=cortex-m7 -std=gnu11 -g3 -DDEBUG -DUSE_HAL_DRIVER -DSTM32F767xx -c -I../Core/Inc -I../Drivers/STM32F7xx_HAL_Driver/Inc -I../Drivers/STM32F7xx_HAL_Driver/Inc/Legacy -I../Drivers/CMSIS/Device/ST/STM32F7xx/Include -I../Drivers/CMSIS/Include -O0 -ffunction-sections -fdata-sections -Wall -fstack-usage -fcyclomatic-complexity -MMD -MP -MF"Core/Src/motor_control.d" -MT"Core/Src/motor_control.o" --specs=nano.specs -mfpu=fpv5-d16 -mfloat-abi=hard -mthumb -o "Core/Src/motor_control.o"
arm-none-eabi-gcc -o "VCU_Firmware.elf" @"objects.list"   -mcpu=cortex-m7 -T"C:\Users\racin\Documents\GitHub\VCU_Firmware\VCU_Firmware\STM32F767VITX_FLASH.ld" --specs=nosys.specs -Wl,-Map="VCU_Firmware.map" -Wl,--gc-sections -static --specs=nano.specs -mfpu=fpv5-d16 -mfloat-abi=hard -mthumb -Wl,--start-group -lc -lm -Wl,--end-group
Finished building target: VCU_Firmware.elf
 
arm-none-eabi-size  VCU_Firmware.elf 
arm-none-eabi-objdump -h -S VCU_Firmware.elf  > "VCU_Firmware.list"
   text	   data	    bss	    dec	    hex	filename
  14064	    468	   1784	  16316	   3fbc	VCU_Firmware.elf
Finished building: default.size.stdout
 
Finished building: VCU_Firmware.list
 
19:03:41 **** Incremental Build of configuration Debug for project VCU_Firmware ****
make -j4 all 
arm-none-eabi-size  VCU_Firmware.elf 
   text	   data	    bss	    dec	    hex	filename
  14064	    468	   1784	  16316	   3fbc	VCU_Firmware.elf
Finished building: default.size.stdout
 
19:04:18 **** Incremental Build of configuration Debug for project VCU_Firmware ****
make -j4 all 
arm-none-eabi-gcc "../Core/Src/can.c" -mcpu=cortex-m7 -std=gnu11 -g3 -DDEBUG -DUSE_HAL_DRIVER -DSTM32F767xx -c -I../Core/Inc -I../Drivers/STM32F7xx_HAL_Driver/Inc -I../Drivers/STM32F7xx_HAL_Driver/Inc/Legacy -I../Drivers/CMSIS/Device/ST/STM32F7xx/Include -I../Drivers/CMSIS/Include -O0 -ffunction-sections -fdata-sections -Wall -fstack-usage -fcyclomatic-complexity -MMD -MP -MF"Core/Src/can.d" -MT"Core/Src/can.o" --specs=nano.specs -mfpu=fpv5-d16 -mfloat-abi=hard -mthumb -o "Core/Src/can.o"
arm-none-eabi-gcc -o "VCU_Firmware.elf" @"objects.list"   -mcpu=cortex-m7 -T"C:\Users\racin\Documents\GitHub\VCU_Firmware\VCU_Firmware\STM32F767VITX_FLASH.ld" --specs=nosys.specs -Wl,-Map="VCU_Firmware.map" -Wl,--gc-sections -static --specs=nano.specs -mfpu=fpv5-d16 -mfloat-abi=hard -mthumb -Wl,--start-group -lc -lm -Wl,--end-group
Finished building target: VCU_Firmware.elf
 
arm-none-eabi-size  VCU_Firmware.elf 
arm-none-eabi-objdump -h -S VCU_Firmware.elf  > "VCU_Firmware.list"
   text	   data	    bss	    dec	    hex	filename
  14008	    444	   1784	  16236	   3f6c	VCU_Firmware.elf
Finished building: default.size.stdout
 
Finished building: VCU_Firmware.list
 
19:04:51 **** Incremental Build of configuration Debug for project VCU_Firmware ****
make -j4 all 
arm-none-eabi-gcc "../Core/Src/can.c" -mcpu=cortex-m7 -std=gnu11 -g3 -DDEBUG -DUSE_HAL_DRIVER -DSTM32F767xx -c -I../Core/Inc -I../Drivers/STM32F7xx_HAL_Driver/Inc -I../Drivers/STM32F7xx_HAL_Driver/Inc/Legacy -I../Drivers/CMSIS/Device/ST/STM32F7xx/Include -I../Drivers/CMSIS/Include -O0 -ffunction-sections -fdata-sections -Wall -fstack-usage -fcyclomatic-complexity -MMD -MP -MF"Core/Src/can.d" -MT"Core/Src/can.o" --specs=nano.specs -mfpu=fpv5-d16 -mfloat-abi=hard -mthumb -o "Core/Src/can.o"
arm-none-eabi-gcc -o "VCU_Firmware.elf" @"objects.list"   -mcpu=cortex-m7 -T"C:\Users\racin\Documents\GitHub\VCU_Firmware\VCU_Firmware\STM32F767VITX_FLASH.ld" --specs=nosys.specs -Wl,-Map="VCU_Firmware.map" -Wl,--gc-sections -static --specs=nano.specs -mfpu=fpv5-d16 -mfloat-abi=hard -mthumb -Wl,--start-group -lc -lm -Wl,--end-group
Finished building target: VCU_Firmware.elf
 
arm-none-eabi-size  VCU_Firmware.elf 
arm-none-eabi-objdump -h -S VCU_Firmware.elf  > "VCU_Firmware.list"
   text	   data	    bss	    dec	    hex	filename
  13952	    420	   1784	  16156	   3f1c	VCU_Firmware.elf
Finished building: default.size.stdout
 
Finished building: VCU_Firmware.list
 
19:05:08 **** Incremental Build of configuration Debug for project VCU_Firmware ****
make -j4 all 
arm-none-eabi-gcc "../Core/Src/tim.c" -mcpu=cortex-m7 -std=gnu11 -g3 -DDEBUG -DUSE_HAL_DRIVER -DSTM32F767xx -c -I../Core/Inc -I../Drivers/STM32F7xx_HAL_Driver/Inc -I../Drivers/STM32F7xx_HAL_Driver/Inc/Legacy -I../Drivers/CMSIS/Device/ST/STM32F7xx/Include -I../Drivers/CMSIS/Include -O0 -ffunction-sections -fdata-sections -Wall -fstack-usage -fcyclomatic-complexity -MMD -MP -MF"Core/Src/tim.d" -MT"Core/Src/tim.o" --specs=nano.specs -mfpu=fpv5-d16 -mfloat-abi=hard -mthumb -o "Core/Src/tim.o"
arm-none-eabi-gcc -o "VCU_Firmware.elf" @"objects.list"   -mcpu=cortex-m7 -T"C:\Users\racin\Documents\GitHub\VCU_Firmware\VCU_Firmware\STM32F767VITX_FLASH.ld" --specs=nosys.specs -Wl,-Map="VCU_Firmware.map" -Wl,--gc-sections -static --specs=nano.specs -mfpu=fpv5-d16 -mfloat-abi=hard -mthumb -Wl,--start-group -lc -lm -Wl,--end-group
Finished building target: VCU_Firmware.elf
 
arm-none-eabi-size  VCU_Firmware.elf 
arm-none-eabi-objdump -h -S VCU_Firmware.elf  > "VCU_Firmware.list"
   text	   data	    bss	    dec	    hex	filename
  13948	    420	   1784	  16152	   3f18	VCU_Firmware.elf
Finished building: default.size.stdout
 
Finished building: VCU_Firmware.list
 
19:06:04 **** Incremental Build of configuration Debug for project VCU_Firmware ****
make -j4 all 
arm-none-eabi-gcc "../Core/Src/can.c" -mcpu=cortex-m7 -std=gnu11 -g3 -DDEBUG -DUSE_HAL_DRIVER -DSTM32F767xx -c -I../Core/Inc -I../Drivers/STM32F7xx_HAL_Driver/Inc -I../Drivers/STM32F7xx_HAL_Driver/Inc/Legacy -I../Drivers/CMSIS/Device/ST/STM32F7xx/Include -I../Drivers/CMSIS/Include -O0 -ffunction-sections -fdata-sections -Wall -fstack-usage -fcyclomatic-complexity -MMD -MP -MF"Core/Src/can.d" -MT"Core/Src/can.o" --specs=nano.specs -mfpu=fpv5-d16 -mfloat-abi=hard -mthumb -o "Core/Src/can.o"
arm-none-eabi-gcc "../Core/Src/tim.c" -mcpu=cortex-m7 -std=gnu11 -g3 -DDEBUG -DUSE_HAL_DRIVER -DSTM32F767xx -c -I../Core/Inc -I../Drivers/STM32F7xx_HAL_Driver/Inc -I../Drivers/STM32F7xx_HAL_Driver/Inc/Legacy -I../Drivers/CMSIS/Device/ST/STM32F7xx/Include -I../Drivers/CMSIS/Include -O0 -ffunction-sections -fdata-sections -Wall -fstack-usage -fcyclomatic-complexity -MMD -MP -MF"Core/Src/tim.d" -MT"Core/Src/tim.o" --specs=nano.specs -mfpu=fpv5-d16 -mfloat-abi=hard -mthumb -o "Core/Src/tim.o"
arm-none-eabi-gcc -o "VCU_Firmware.elf" @"objects.list"   -mcpu=cortex-m7 -T"C:\Users\racin\Documents\GitHub\VCU_Firmware\VCU_Firmware\STM32F767VITX_FLASH.ld" --specs=nosys.specs -Wl,-Map="VCU_Firmware.map" -Wl,--gc-sections -static --specs=nano.specs -mfpu=fpv5-d16 -mfloat-abi=hard -mthumb -Wl,--start-group -lc -lm -Wl,--end-group
Finished building target: VCU_Firmware.elf
 
arm-none-eabi-size  VCU_Firmware.elf 
arm-none-eabi-objdump -h -S VCU_Firmware.elf  > "VCU_Firmware.list"
   text	   data	    bss	    dec	    hex	filename
  14064	    468	   1784	  16316	   3fbc	VCU_Firmware.elf
Finished building: default.size.stdout
 
Finished building: VCU_Firmware.list
 
19:07:28 **** Incremental Build of configuration Debug for project VCU_Firmware ****
make -j4 all 
arm-none-eabi-gcc "../Core/Src/can.c" -mcpu=cortex-m7 -std=gnu11 -g3 -DDEBUG -DUSE_HAL_DRIVER -DSTM32F767xx -c -I../Core/Inc -I../Drivers/STM32F7xx_HAL_Driver/Inc -I../Drivers/STM32F7xx_HAL_Driver/Inc/Legacy -I../Drivers/CMSIS/Device/ST/STM32F7xx/Include -I../Drivers/CMSIS/Include -O0 -ffunction-sections -fdata-sections -Wall -fstack-usage -fcyclomatic-complexity -MMD -MP -MF"Core/Src/can.d" -MT"Core/Src/can.o" --specs=nano.specs -mfpu=fpv5-d16 -mfloat-abi=hard -mthumb -o "Core/Src/can.o"
arm-none-eabi-gcc -o "VCU_Firmware.elf" @"objects.list"   -mcpu=cortex-m7 -T"C:\Users\racin\Documents\GitHub\VCU_Firmware\VCU_Firmware\STM32F767VITX_FLASH.ld" --specs=nosys.specs -Wl,-Map="VCU_Firmware.map" -Wl,--gc-sections -static --specs=nano.specs -mfpu=fpv5-d16 -mfloat-abi=hard -mthumb -Wl,--start-group -lc -lm -Wl,--end-group
Finished building target: VCU_Firmware.elf
 
arm-none-eabi-size  VCU_Firmware.elf 
arm-none-eabi-objdump -h -S VCU_Firmware.elf  > "VCU_Firmware.list"
   text	   data	    bss	    dec	    hex	filename
  14036	    468	   1784	  16288	   3fa0	VCU_Firmware.elf
Finished building: default.size.stdout
 
Finished building: VCU_Firmware.list
 
19:09:00 **** Incremental Build of configuration Debug for project VCU_Firmware ****
make -j4 all 
arm-none-eabi-gcc "../Core/Src/can.c" -mcpu=cortex-m7 -std=gnu11 -g3 -DDEBUG -DUSE_HAL_DRIVER -DSTM32F767xx -c -I../Core/Inc -I../Drivers/STM32F7xx_HAL_Driver/Inc -I../Drivers/STM32F7xx_HAL_Driver/Inc/Legacy -I../Drivers/CMSIS/Device/ST/STM32F7xx/Include -I../Drivers/CMSIS/Include -O0 -ffunction-sections -fdata-sections -Wall -fstack-usage -fcyclomatic-complexity -MMD -MP -MF"Core/Src/can.d" -MT"Core/Src/can.o" --specs=nano.specs -mfpu=fpv5-d16 -mfloat-abi=hard -mthumb -o "Core/Src/can.o"
arm-none-eabi-gcc "../Core/Src/tim.c" -mcpu=cortex-m7 -std=gnu11 -g3 -DDEBUG -DUSE_HAL_DRIVER -DSTM32F767xx -c -I../Core/Inc -I../Drivers/STM32F7xx_HAL_Driver/Inc -I../Drivers/STM32F7xx_HAL_Driver/Inc/Legacy -I../Drivers/CMSIS/Device/ST/STM32F7xx/Include -I../Drivers/CMSIS/Include -O0 -ffunction-sections -fdata-sections -Wall -fstack-usage -fcyclomatic-complexity -MMD -MP -MF"Core/Src/tim.d" -MT"Core/Src/tim.o" --specs=nano.specs -mfpu=fpv5-d16 -mfloat-abi=hard -mthumb -o "Core/Src/tim.o"
arm-none-eabi-gcc -o "VCU_Firmware.elf" @"objects.list"   -mcpu=cortex-m7 -T"C:\Users\racin\Documents\GitHub\VCU_Firmware\VCU_Firmware\STM32F767VITX_FLASH.ld" --specs=nosys.specs -Wl,-Map="VCU_Firmware.map" -Wl,--gc-sections -static --specs=nano.specs -mfpu=fpv5-d16 -mfloat-abi=hard -mthumb -Wl,--start-group -lc -lm -Wl,--end-group
Finished building target: VCU_Firmware.elf
 
arm-none-eabi-size  VCU_Firmware.elf 
arm-none-eabi-objdump -h -S VCU_Firmware.elf  > "VCU_Firmware.list"
   text	   data	    bss	    dec	    hex	filename
  13800	    468	   1768	  16036	   3ea4	VCU_Firmware.elf
Finished building: default.size.stdout
 
Finished building: VCU_Firmware.list
 
