22:06:28 **** Incremental Build of configuration Debug for project VCU_Firmware ****
make -j12 all 
arm-none-eabi-gcc "../Core/Src/can.c" -mcpu=cortex-m7 -std=gnu11 -g3 -DDEBUG -DUSE_HAL_DRIVER -DSTM32F767xx -c -I../Core/Inc -I../Drivers/STM32F7xx_HAL_Driver/Inc -I../Drivers/STM32F7xx_HAL_Driver/Inc/Legacy -I../Drivers/CMSIS/Device/ST/STM32F7xx/Include -I../Drivers/CMSIS/Include -O0 -ffunction-sections -fdata-sections -Wall -fstack-usage -fcyclomatic-complexity -MMD -MP -MF"Core/Src/can.d" -MT"Core/Src/can.o" --specs=nano.specs -mfpu=fpv5-d16 -mfloat-abi=hard -mthumb -o "Core/Src/can.o"
arm-none-eabi-gcc "../Core/Src/motor_control.c" -mcpu=cortex-m7 -std=gnu11 -g3 -DDEBUG -DUSE_HAL_DRIVER -DSTM32F767xx -c -I../Core/Inc -I../Drivers/STM32F7xx_HAL_Driver/Inc -I../Drivers/STM32F7xx_HAL_Driver/Inc/Legacy -I../Drivers/CMSIS/Device/ST/STM32F7xx/Include -I../Drivers/CMSIS/Include -O0 -ffunction-sections -fdata-sections -Wall -fstack-usage -fcyclomatic-complexity -MMD -MP -MF"Core/Src/motor_control.d" -MT"Core/Src/motor_control.o" --specs=nano.specs -mfpu=fpv5-d16 -mfloat-abi=hard -mthumb -o "Core/Src/motor_control.o"
../Core/Src/motor_control.c: In function 'motor_control':
../Core/Src/motor_control.c:38:17: warning: implicit declaration of function 'APPS_init' [-Wimplicit-function-declaration]
   38 |                 APPS_init();
      |                 ^~~~~~~~~
../Core/Src/motor_control.c:43:17: warning: implicit declaration of function 'APPS_get' [-Wimplicit-function-declaration]
   43 |                 APPS_get();
      |                 ^~~~~~~~
arm-none-eabi-gcc -o "VCU_Firmware.elf" @"objects.list"   -mcpu=cortex-m7 -T"C:\Users\shoot\Documents\GitHub\VCU_Firmware\VCU_Firmware\STM32F767VITX_FLASH.ld" --specs=nosys.specs -Wl,-Map="VCU_Firmware.map" -Wl,--gc-sections -static --specs=nano.specs -mfpu=fpv5-d16 -mfloat-abi=hard -mthumb -Wl,--start-group -lc -lm -Wl,--end-group
Finished building target: VCU_Firmware.elf
 
arm-none-eabi-size  VCU_Firmware.elf 
arm-none-eabi-objdump -h -S VCU_Firmware.elf  > "VCU_Firmware.list"
   text	   data	    bss	    dec	    hex	filename
  18552	    124	   1976	  20652	   50ac	VCU_Firmware.elf
Finished building: default.size.stdout
 
Finished building: VCU_Firmware.list
 

22:06:30 Build Finished. 0 errors, 2 warnings. (took 1s.991ms)

