23:02:43 **** Incremental Build of configuration Debug for project VCU_Firmware ****
make -j4 all 
arm-none-eabi-gcc "../Core/Src/radio_tx.c" -mcpu=cortex-m7 -std=gnu11 -g3 -DDEBUG -DUSE_HAL_DRIVER -DSTM32F767xx -c -I../Core/Inc -I../Drivers/STM32F7xx_HAL_Driver/Inc -I../Drivers/STM32F7xx_HAL_Driver/Inc/Legacy -I../Drivers/CMSIS/Device/ST/STM32F7xx/Include -I../Drivers/CMSIS/Include -O0 -ffunction-sections -fdata-sections -Wall -fstack-usage -fcyclomatic-complexity -MMD -MP -MF"Core/Src/radio_tx.d" -MT"Core/Src/radio_tx.o" --specs=nano.specs -mfpu=fpv5-d16 -mfloat-abi=hard -mthumb -o "Core/Src/radio_tx.o"
../Core/Src/radio_tx.c: In function 'radio_TX':
../Core/Src/radio_tx.c:29:59: warning: passing argument 4 of 'HAL_UART_Transmit' makes integer from pointer without a cast [-Wint-conversion]
   29 |                 HAL_UART_Transmit(huart, Tx_UART_Data, 8, timeout);
      |                                                           ^~~~~~~
      |                                                           |
      |                                                           uint8_t * {aka unsigned char *}
In file included from ../Core/Inc/stm32f7xx_hal_conf.h:415,
                 from ../Drivers/STM32F7xx_HAL_Driver/Inc/stm32f7xx_hal.h:29,
                 from ../Core/Inc/main.h:30,
                 from ../Core/Src/radio_tx.c:8:
../Drivers/STM32F7xx_HAL_Driver/Inc/stm32f7xx_hal_uart.h:1553:110: note: expected 'uint32_t' {aka 'long unsigned int'} but argument is of type 'uint8_t *' {aka 'unsigned char *'}
 1553 | HAL_StatusTypeDef HAL_UART_Transmit(UART_HandleTypeDef *huart, const uint8_t *pData, uint16_t Size, uint32_t Timeout);
      |                                                                                                     ~~~~~~~~~^~~~~~~
arm-none-eabi-gcc -o "VCU_Firmware.elf" @"objects.list"   -mcpu=cortex-m7 -T"C:\Users\racin\Documents\GitHub\VCU_Firmware\VCU_Firmware\STM32F767VITX_FLASH.ld" --specs=nosys.specs -Wl,-Map="VCU_Firmware.map" -Wl,--gc-sections -static --specs=nano.specs -mfpu=fpv5-d16 -mfloat-abi=hard -mthumb -Wl,--start-group -lc -lm -Wl,--end-group
Finished building target: VCU_Firmware.elf
 
arm-none-eabi-size  VCU_Firmware.elf 
arm-none-eabi-objdump -h -S VCU_Firmware.elf  > "VCU_Firmware.list"
   text	   data	    bss	    dec	    hex	filename
  17500	     12	   1868	  19380	   4bb4	VCU_Firmware.elf
Finished building: default.size.stdout
 
Finished building: VCU_Firmware.list
 

23:02:45 Build Finished. 0 errors, 1 warnings. (took 1s.345ms)

